09-18 08:55:50.969   331   331 D LibBpfLoader: cs[4].name:schedcls_tether_downstream6_rawip$4_14 min_kver:40e0000 .max_kver:5040000 (kvers:50a0088)
09-18 08:55:50.969   331   331 D LibBpfLoader: cs[5].name:schedcls_tether_upstream6_rawip$4_14 min_kver:40e0000 .max_kver:5040000 (kvers:50a0088)
09-18 08:55:50.969   331   331 D LibBpfLoader: cs[6].name:schedcls_tether_downstream6_rawip$stub min_kver:0 .max_kver:5040000 (kvers:50a0088)
09-18 08:55:50.969   331   331 D LibBpfLoader: cs[7].name:schedcls_tether_upstream6_rawip$stub min_kver:0 .max_kver:5040000 (kvers:50a0088)
09-18 08:55:50.969   331   331 D LibBpfLoader: cs[8].name:schedcls_tether_downstream4_rawip$5_8 min_kver:5080000 .max_kver:ffffffff (kvers:50a0088)
09-18 08:55:50.969   331   331 D LibBpfLoader: cs[8].name:schedcls_tether_downstream4_rawip$5_8 requires bpfloader version [0x00000,0x10000)
09-18 08:55:50.971   331   331 D LibBpfLoader: bpf_prog_load lib call for /apex/com.android.tethering/etc/bpf/offload.o (schedcls_tether_downstream4_rawip$5_8) returned fd: 20 (no error)
09-18 08:55:50.971   331   331 D LibBpfLoader: cs[9].name:schedcls_tether_upstream4_rawip$5_8 min_kver:5080000 .max_kver:ffffffff (kvers:50a0088)
09-18 08:55:50.971   331   331 D LibBpfLoader: cs[9].name:schedcls_tether_upstream4_rawip$5_8 requires bpfloader version [0x00000,0x10000)
09-18 08:55:50.972   331   331 D LibBpfLoader: bpf_prog_load lib call for /apex/com.android.tethering/etc/bpf/offload.o (schedcls_tether_upstream4_rawip$5_8) returned fd: 21 (no error)
09-18 08:55:50.972   331   331 D LibBpfLoader: cs[10].name:schedcls_tether_downstream4_ether$5_8 min_kver:5080000 .max_kver:ffffffff (kvers:50a0088)
09-18 08:55:50.973   331   331 D LibBpfLoader: cs[10].name:schedcls_tether_downstream4_ether$5_8 requires bpfloader version [0x00000,0x10000)
09-18 08:55:50.974   331   331 D LibBpfLoader: bpf_prog_load lib call for /apex/com.android.tethering/etc/bpf/offload.o (schedcls_tether_downstream4_ether$5_8) returned fd: 22 (no error)
09-18 08:55:50.974   331   331 D LibBpfLoader: cs[11].name:schedcls_tether_upstream4_ether$5_8 min_kver:5080000 .max_kver:ffffffff (kvers:50a0088)
09-18 08:55:50.974   331   331 D LibBpfLoader: cs[11].name:schedcls_tether_upstream4_ether$5_8 requires bpfloader version [0x00000,0x10000)
09-18 08:55:50.976   331   331 D LibBpfLoader: bpf_prog_load lib call for /apex/com.android.tethering/etc/bpf/offload.o (schedcls_tether_upstream4_ether$5_8) returned fd: 23 (no error)
09-18 08:55:50.976   331   331 D LibBpfLoader: cs[12].name:schedcls_tether_downstream4_rawip$opt min_kver:40e0000 .max_kver:5080000 (kvers:50a0088)
09-18 08:55:50.976   331   331 D LibBpfLoader: cs[13].name:schedcls_tether_upstream4_rawip$opt min_kver:40e0000 .max_kver:5080000 (kvers:50a0088)
09-18 08:55:50.976   331   331 D LibBpfLoader: cs[14].name:schedcls_tether_downstream4_ether$opt min_kver:40e0000 .max_kver:5080000 (kvers:50a0088)
09-18 08:55:50.976   331   331 D LibBpfLoader: cs[15].name:schedcls_tether_upstream4_ether$opt min_kver:40e0000 .max_kver:5080000 (kvers:50a0088)
09-18 08:55:50.976   331   331 D LibBpfLoader: cs[16].name:schedcls_tether_downstream4_rawip$5_4 min_kver:5040000 .max_kver:5080000 (kvers:50a0088)
09-18 08:55:50.976   331   331 D LibBpfLoader: cs[17].name:schedcls_tether_upstream4_rawip$5_4 min_kver:5040000 .max_kver:5080000 (kvers:50a0088)
09-18 08:55:50.976   331   331 D LibBpfLoader: cs[18].name:schedcls_tether_downstream4_rawip$4_14 min_kver:40e0000 .max_kver:5040000 (kvers:50a0088)
09-18 08:55:50.976   331   331 D LibBpfLoader: cs[19].name:schedcls_tether_upstream4_rawip$4_14 min_kver:40e0000 .max_kver:5040000 (kvers:50a0088)
09-18 08:55:50.977   331   331 D LibBpfLoader: cs[20].name:schedcls_tether_downstream4_ether$4_14 min_kver:40e0000 .max_kver:5080000 (kvers:50a0088)
09-18 08:55:50.977   331   331 D LibBpfLoader: cs[21].name:schedcls_tether_upstream4_ether$4_14 min_kver:40e0000 .max_kver:5080000 (kvers:50a0088)
09-18 08:55:50.977   331   331 D LibBpfLoader: cs[22].name:schedcls_tether_downstream4_rawip$stub min_kver:0 .max_kver:5040000 (kvers:50a0088)
09-18 08:55:50.977   331   331 D LibBpfLoader: cs[23].name:schedcls_tether_upstream4_rawip$stub min_kver:0 .max_kver:5040000 (kvers:50a0088)
09-18 08:55:50.977   331   331 D LibBpfLoader: cs[24].name:schedcls_tether_downstream4_ether$stub min_kver:0 .max_kver:40e0000 (kvers:50a0088)
09-18 08:55:50.977   331   331 D LibBpfLoader: cs[25].name:schedcls_tether_upstream4_ether$stub min_kver:0 .max_kver:40e0000 (kvers:50a0088)
09-18 08:55:50.977   331   331 D LibBpfLoader: cs[26].name:xdp_tether_downstream_ether min_kver:5090000 .max_kver:ffffffff (kvers:50a0088)
09-18 08:55:50.977   331   331 D LibBpfLoader: cs[26].name:xdp_tether_downstream_ether requires bpfloader version [0x00000,0x10000)
09-18 08:55:50.978   331   331 D LibBpfLoader: bpf_prog_load lib call for /apex/com.android.tethering/etc/bpf/offload.o (xdp_tether_downstream_ether) returned fd: 24 (no error)
09-18 08:55:50.978   331   331 D LibBpfLoader: cs[27].name:xdp_tether_downstream_rawip min_kver:5090000 .max_kver:ffffffff (kvers:50a0088)
09-18 08:55:50.978   331   331 D LibBpfLoader: cs[27].name:xdp_tether_downstream_rawip requires bpfloader version [0x00000,0x10000)
09-18 08:55:50.979   331   331 D LibBpfLoader: bpf_prog_load lib call for /apex/com.android.tethering/etc/bpf/offload.o (xdp_tether_downstream_rawip) returned fd: 25 (no error)
09-18 08:55:50.979   331   331 D LibBpfLoader: cs[28].name:xdp_tether_upstream_ether min_kver:5090000 .max_kver:ffffffff (kvers:50a0088)
09-18 08:55:50.979   331   331 D LibBpfLoader: cs[28].name:xdp_tether_upstream_ether requires bpfloader version [0x00000,0x10000)
09-18 08:55:50.980   331   331 D LibBpfLoader: bpf_prog_load lib call for /apex/com.android.tethering/etc/bpf/offload.o (xdp_tether_upstream_ether) returned fd: 26 (no error)
09-18 08:55:50.980   331   331 D LibBpfLoader: cs[29].name:xdp_tether_upstream_rawip min_kver:5090000 .max_kver:ffffffff (kvers:50a0088)
09-18 08:55:50.980   331   331 D LibBpfLoader: cs[29].name:xdp_tether_upstream_rawip requires bpfloader version [0x00000,0x10000)
09-18 08:55:50.981   331   331 D LibBpfLoader: bpf_prog_load lib call for /apex/com.android.tethering/etc/bpf/offload.o (xdp_tether_upstream_rawip) returned fd: 27 (no error)
09-18 08:55:50.982   331   331 I bpfloader: Loaded object: /apex/com.android.tethering/etc/bpf/offload.o
09-18 08:55:50.987   331   331 D LibBpfLoader: Loading critical for netd ELF object /system/etc/bpf/netd.o with license Apache 2.0
09-18 08:55:50.987   331   331 I LibBpfLoader: Section bpfloader_min_ver value is 0 [0x0]
09-18 08:55:50.988   331   331 I LibBpfLoader: Section bpfloader_max_ver value is 65536 [0x10000]
09-18 08:55:50.988   331   331 I LibBpfLoader: Section size_of_bpf_map_def value is 48 [0x30]
09-18 08:55:50.988   331   331 I LibBpfLoader: Section size_of_bpf_prog_def value is 28 [0x1c]
09-18 08:55:50.988   331   331 I LibBpfLoader: BpfLoader version 0x00002 processing ELF object /system/etc/bpf/netd.o with ver [0x00000,0x10000)
09-18 08:55:50.989   331   331 D LibBpfLoader: Loaded code section 3 (cgroupskb_ingress_stats)
09-18 08:55:50.990   331   331 D LibBpfLoader: Loaded relo section 3 (.relcgroupskb/ingress/stats)
09-18 08:55:50.990   331   331 D LibBpfLoader: Adding section 3 to cs list
09-18 08:55:50.990   331   331 D LibBpfLoader: Loaded code section 5 (cgroupskb_egress_stats)
09-18 08:55:50.992   331   331 D LibBpfLoader: Loaded relo section 5 (.relcgroupskb/egress/stats)
09-18 08:55:50.992   331   331 D LibBpfLoader: Adding section 5 to cs list
09-18 08:55:50.992   331   331 D LibBpfLoader: Loaded code section 7 (skfilter_egress_xtbpf)
09-18 08:55:50.992   331   331 D LibBpfLoader: Loaded relo section 7 (.relskfilter/egress/xtbpf)
09-18 08:55:50.993   331   331 D LibBpfLoader: Adding section 7 to cs list
09-18 08:55:50.993   331   331 D LibBpfLoader: Loaded code section 9 (skfilter_ingress_xtbpf)
09-18 08:55:50.993   331   331 D LibBpfLoader: Loaded relo section 9 (.relskfilter/ingress/xtbpf)
09-18 08:55:50.993   331   331 D LibBpfLoader: Adding section 9 to cs list
09-18 08:55:50.993   331   331 D LibBpfLoader: Loaded code section 11 (skfilter_allowlist_xtbpf)
09-18 08:55:50.994   331   331 D LibBpfLoader: Loaded relo section 11 (.relskfilter/allowlist/xtbpf)
09-18 08:55:50.994   331   331 D LibBpfLoader: Adding section 11 to cs list
09-18 08:55:50.994   331   331 D LibBpfLoader: Loaded code section 13 (skfilter_denylist_xtbpf)
09-18 08:55:50.995   331   331 D LibBpfLoader: Loaded relo section 13 (.relskfilter/denylist/xtbpf)
09-18 08:55:50.995   331   331 D LibBpfLoader: Adding section 13 to cs list
09-18 08:55:50.995   331   331 D LibBpfLoader: Loaded code section 15 (cgroupsock_inet_create)
09-18 08:55:50.996   331   331 D LibBpfLoader: Loaded relo section 15 (.relcgroupsock/inet/create)
09-18 08:55:50.996   331   331 D LibBpfLoader: Adding section 15 to cs list
09-18 08:55:50.997   331   331 D LibBpfLoader: bpf_create_map name cookie_tag_map, ret: 7
09-18 08:55:50.997   331   331 D LibBpfLoader: bpf_create_map name uid_counterset_map, ret: 8
09-18 08:55:50.997   331   331 D LibBpfLoader: bpf_create_map name app_uid_stats_map, ret: 9
09-18 08:55:50.997   331   331 D LibBpfLoader: bpf_create_map name stats_map_A, ret: 10
09-18 08:55:50.998   331   331 D LibBpfLoader: bpf_create_map name stats_map_B, ret: 11
09-18 08:55:50.998   331   331 D LibBpfLoader: bpf_create_map name iface_stats_map, ret: 12
09-18 08:55:50.998   331   331 D LibBpfLoader: bpf_create_map name configuration_map, ret: 13
09-18 08:55:50.998   331   331 D LibBpfLoader: bpf_create_map name uid_owner_map, ret: 14
09-18 08:55:50.998   331   331 D LibBpfLoader: bpf_create_map name iface_index_name_map, ret: 15
09-18 08:55:50.998   331   331 D LibBpfLoader: bpf_create_map name uid_permission_map, ret: 16
09-18 08:55:50.999   331   331 D LibBpfLoader: map_fd found at 0 is 7 in /system/etc/bpf/netd.o
09-18 08:55:50.999   331   331 D LibBpfLoader: map_fd found at 1 is 8 in /system/etc/bpf/netd.o
09-18 08:55:50.999   331   331 D LibBpfLoader: map_fd found at 2 is 9 in /system/etc/bpf/netd.o
09-18 08:55:50.999   331   331 D LibBpfLoader: map_fd found at 3 is 10 in /system/etc/bpf/netd.o
09-18 08:55:50.999   331   331 D LibBpfLoader: map_fd found at 4 is 11 in /system/etc/bpf/netd.o
09-18 08:55:50.999   331   331 D LibBpfLoader: map_fd found at 5 is 12 in /system/etc/bpf/netd.o
09-18 08:55:50.999   331   331 D LibBpfLoader: map_fd found at 6 is 13 in /system/etc/bpf/netd.o
09-18 08:55:51.000   331   331 D LibBpfLoader: map_fd found at 7 is 14 in /system/etc/bpf/netd.o
09-18 08:55:51.000   331   331 D LibBpfLoader: map_fd found at 8 is 15 in /system/etc/bpf/netd.o
09-18 08:55:51.000   331   331 D LibBpfLoader: map_fd found at 9 is 16 in /system/etc/bpf/netd.o
09-18 08:55:51.000   331   331 D LibBpfLoader: applying relo to instruction at byte offset: 472, 	       insn offset 59 , insn 118
09-18 08:55:51.001   331   331 D LibBpfLoader: applying relo to instruction at byte offset: 544, 	       insn offset 68 , insn 118
09-18 08:55:51.001   331   331 D LibBpfLoader: applying relo to instruction at byte offset: 1008, 	       insn offset 126 , insn 118
09-18 08:55:51.001   331   331 D LibBpfLoader: applying relo to instruction at byte offset: 1304, 	       insn offset 163 , insn 118
09-18 08:55:51.001   331   331 D LibBpfLoader: applying relo to instruction at byte offset: 1384, 	       insn offset 173 , insn 118
09-18 08:55:51.001   331   331 D LibBpfLoader: applying relo to instruction at byte offset: 1488, 	       insn offset 186 , insn 118
09-18 08:55:51.001   331   331 D LibBpfLoader: applying relo to instruction at byte offset: 1600, 	       insn offset 200 , insn 118
09-18 08:55:51.001   331   331 D LibBpfLoader: applying relo to instruction at byte offset: 1640, 	       insn offset 205 , insn 118
09-18 08:55:51.002   331   331 D LibBpfLoader: applying relo to instruction at byte offset: 1992, 	       insn offset 249 , insn 118
09-18 08:55:51.002   331   331 D LibBpfLoader: applying relo to instruction at byte offset: 2104, 	       insn offset 263 , insn 118
09-18 08:55:51.002   331   331 D LibBpfLoader: applying relo to instruction at byte offset: 2144, 	       insn offset 268 , insn 118
09-18 08:55:51.002   331   331 D LibBpfLoader: applying relo to instruction at byte offset: 2424, 	       insn offset 303 , insn 118
09-18 08:55:51.002   331   331 D LibBpfLoader: applying relo to instruction at byte offset: 2528, 	       insn offset 316 , insn 118
09-18 08:55:51.002   331   331 D LibBpfLoader: applying relo to instruction at byte offset: 2568, 	       insn offset 321 , insn 118
09-18 08:55:51.003   331   331 D LibBpfLoader: applying relo to instruction at byte offset: 2712, 	       insn offset 339 , insn 118
09-18 08:55:51.003   331   331 D LibBpfLoader: applying relo to instruction at byte offset: 2816, 	       insn offset 352 , insn 118
09-18 08:55:51.003   331   331 D LibBpfLoader: applying relo to instruction at byte offset: 2856, 	       insn offset 357 , insn 118
09-18 08:55:51.003   331   331 D LibBpfLoader: applying relo to instruction at byte offset: 3088, 	       insn offset 386 , insn 118
09-18 08:55:51.003   331   331 D LibBpfLoader: applying relo to instruction at byte offset: 3192, 	       insn offset 399 , insn 118
09-18 08:55:51.003   331   331 D LibBpfLoader: applying relo to instruction at byte offset: 3232, 	       insn offset 404 , insn 118
09-18 08:55:51.004   331   331 D LibBpfLoader: applying relo to instruction at byte offset: 448, 	       insn offset 56 , insn 118
09-18 08:55:51.004   331   331 D LibBpfLoader: applying relo to instruction at byte offset: 520, 	       insn offset 65 , insn 118
09-18 08:55:51.004   331   331 D LibBpfLoader: applying relo to instruction at byte offset: 992, 	       insn offset 124 , insn 118
09-18 08:55:51.004   331   331 D LibBpfLoader: applying relo to instruction at byte offset: 1272, 	       insn offset 159 , insn 118
09-18 08:55:51.005   331   331 D LibBpfLoader: applying relo to instruction at byte offset: 1352, 	       insn offset 169 , insn 118
09-18 08:55:51.005   331   331 D LibBpfLoader: applying relo to instruction at byte offset: 1456, 	       insn offset 182 , insn 118
09-18 08:55:51.005   331   331 D LibBpfLoader: applying relo to instruction at byte offset: 1560, 	       insn offset 195 , insn 118
09-18 08:55:51.005   331   331 D LibBpfLoader: applying relo to instruction at byte offset: 1600, 	       insn offset 200 , insn 118
09-18 08:55:51.005   331   331 D LibBpfLoader: applying relo to instruction at byte offset: 1744, 	       insn offset 218 , insn 118
09-18 08:55:51.006   331   331 D LibBpfLoader: applying relo to instruction at byte offset: 1848, 	       insn offset 231 , insn 118
09-18 08:55:51.006   331   331 D LibBpfLoader: applying relo to instruction at byte offset: 1888, 	       insn offset 236 , insn 118
09-18 08:55:51.006   331   331 D LibBpfLoader: applying relo to instruction at byte offset: 2160, 	       insn offset 270 , insn 118
09-18 08:55:51.006   331   331 D LibBpfLoader: applying relo to instruction at byte offset: 2264, 	       insn offset 283 , insn 118
09-18 08:55:51.006   331   331 D LibBpfLoader: applying relo to instruction at byte offset: 2304, 	       insn offset 288 , insn 118
09-18 08:55:51.006   331   331 D LibBpfLoader: applying relo to instruction at byte offset: 2448, 	       insn offset 306 , insn 118
09-18 08:55:51.006   331   331 D LibBpfLoader: applying relo to instruction at byte offset: 2552, 	       insn offset 319 , insn 118
09-18 08:55:51.007   331   331 D LibBpfLoader: applying relo to instruction at byte offset: 2592, 	       insn offset 324 , insn 118
09-18 08:55:51.007   331   331 D LibBpfLoader: applying relo to instruction at byte offset: 2824, 	       insn offset 353 , insn 118
09-18 08:55:51.007   331   331 D LibBpfLoader: applying relo to instruction at byte offset: 2928, 	       insn offset 366 , insn 118
09-18 08:55:51.007   331   331 D LibBpfLoader: applying relo to instruction at byte offset: 2968, 	       insn offset 371 , insn 118
09-18 08:55:51.007   331   331 D LibBpfLoader: applying relo to instruction at byte offset: 88, 	       insn offset 11 , insn 118
09-18 08:55:51.007   331   331 D LibBpfLoader: applying relo to instruction at byte offset: 192, 	       insn offset 24 , insn 118
09-18 08:55:51.007   331   331 D LibBpfLoader: applying relo to instruction at byte offset: 232, 	       insn offset 29 , insn 118
09-18 08:55:51.008   331   331 D LibBpfLoader: applying relo to instruction at byte offset: 40, 	       insn offset 5 , insn 118
09-18 08:55:51.008   331   331 D LibBpfLoader: applying relo to instruction at byte offset: 144, 	       insn offset 18 , insn 118
09-18 08:55:51.008   331   331 D LibBpfLoader: applying relo to instruction at byte offset: 184, 	       insn offset 23 , insn 118
09-18 08:55:51.008   331   331 D LibBpfLoader: applying relo to instruction at byte offset: 136, 	       insn offset 17 , insn 118
09-18 08:55:51.008   331   331 D LibBpfLoader: applying relo to instruction at byte offset: 32, 	       insn offset 4 , insn 118
09-18 08:55:51.008   331   331 D LibBpfLoader: applying relo to instruction at byte offset: 80, 	       insn offset 10 , insn 118
09-18 08:55:51.008   331   331 D LibBpfLoader: cs[0].name:cgroupskb_ingress_stats min_kver:0 .max_kver:ffffffff (kvers:50a0088)
09-18 08:55:51.008   331   331 D LibBpfLoader: cs[0].name:cgroupskb_ingress_stats requires bpfloader version [0x00000,0x10000)
09-18 08:55:51.010   331   331 D LibBpfLoader: bpf_prog_load lib call for /system/etc/bpf/netd.o (cgroupskb_ingress_stats) returned fd: 17 (no error)
09-18 08:55:51.010   331   331 D LibBpfLoader: cs[1].name:cgroupskb_egress_stats min_kver:0 .max_kver:ffffffff (kvers:50a0088)
09-18 08:55:51.011   331   331 D LibBpfLoader: cs[1].name:cgroupskb_egress_stats requires bpfloader version [0x00000,0x10000)
09-18 08:55:51.012   331   331 D LibBpfLoader: bpf_prog_load lib call for /system/etc/bpf/netd.o (cgroupskb_egress_stats) returned fd: 18 (no error)
09-18 08:55:51.012   331   331 D LibBpfLoader: cs[2].name:skfilter_egress_xtbpf min_kver:0 .max_kver:ffffffff (kvers:50a0088)
09-18 08:55:51.012   331   331 D LibBpfLoader: cs[2].name:skfilter_egress_xtbpf requires bpfloader version [0x00000,0x10000)
09-18 08:55:51.013   331   331 D LibBpfLoader: bpf_prog_load lib call for /system/etc/bpf/netd.o (skfilter_egress_xtbpf) returned fd: 19 (no error)
09-18 08:55:51.013   331   331 D LibBpfLoader: cs[3].name:skfilter_ingress_xtbpf min_kver:0 .max_kver:ffffffff (kvers:50a0088)
09-18 08:55:51.013   331   331 D LibBpfLoader: cs[3].name:skfilter_ingress_xtbpf requires bpfloader version [0x00000,0x10000)
09-18 08:55:51.015   331   331 D LibBpfLoader: bpf_prog_load lib call for /system/etc/bpf/netd.o (skfilter_ingress_xtbpf) returned fd: 20 (no error)
09-18 08:55:51.015   331   331 D LibBpfLoader: cs[4].name:skfilter_allowlist_xtbpf min_kver:0 .max_kver:ffffffff (kvers:50a0088)
09-18 08:55:51.015   331   331 D LibBpfLoader: cs[4].name:skfilter_allowlist_xtbpf requires bpfloader version [0x00000,0x10000)
09-18 08:55:51.016   331   331 D LibBpfLoader: bpf_prog_load lib call for /system/etc/bpf/netd.o (skfilter_allowlist_xtbpf) returned fd: 21 (no error)
09-18 08:55:51.016   331   331 D LibBpfLoader: cs[5].name:skfilter_denylist_xtbpf min_kver:0 .max_kver:ffffffff (kvers:50a0088)
09-18 08:55:51.016   331   331 D LibBpfLoader: cs[5].name:skfilter_denylist_xtbpf requires bpfloader version [0x00000,0x10000)
09-18 08:55:51.017   331   331 D LibBpfLoader: bpf_prog_load lib call for /system/etc/bpf/netd.o (skfilter_denylist_xtbpf) returned fd: 22 (no error)
09-18 08:55:51.018   331   331 D LibBpfLoader: cs[6].name:cgroupsock_inet_create min_kver:40e0000 .max_kver:ffffffff (kvers:50a0088)
09-18 08:55:51.018   331   331 D LibBpfLoader: cs[6].name:cgroupsock_inet_create requires bpfloader version [0x00000,0x10000)
09-18 08:55:51.019   331   331 D LibBpfLoader: bpf_prog_load lib call for /system/etc/bpf/netd.o (cgroupsock_inet_create) returned fd: 23 (no error)
09-18 08:55:51.019   331   331 I bpfloader: Loaded object: /system/etc/bpf/netd.o
09-18 08:55:51.020   331   331 D LibBpfLoader: Loading optional ELF object /system/etc/bpf/time_in_state.o with license GPL
09-18 08:55:51.020   331   331 I LibBpfLoader: Section bpfloader_min_ver value is 0 [0x0]
09-18 08:55:51.021   331   331 I LibBpfLoader: Section bpfloader_max_ver value is 65536 [0x10000]
09-18 08:55:51.021   331   331 I LibBpfLoader: Section size_of_bpf_map_def value is 48 [0x30]
09-18 08:55:51.021   331   331 I LibBpfLoader: Section size_of_bpf_prog_def value is 28 [0x1c]
09-18 08:55:51.021   331   331 I LibBpfLoader: BpfLoader version 0x00002 processing ELF object /system/etc/bpf/time_in_state.o with ver [0x00000,0x10000)
09-18 08:55:51.021   331   331 D LibBpfLoader: Loaded code section 3 (tracepoint_sched_sched_switch)
09-18 08:55:51.022   331   331 D LibBpfLoader: Loaded relo section 3 (.reltracepoint/sched/sched_switch)
09-18 08:55:51.022   331   331 D LibBpfLoader: Adding section 3 to cs list
09-18 08:55:51.023   331   331 D LibBpfLoader: Loaded code section 5 (tracepoint_power_cpu_frequency)
09-18 08:55:51.023   331   331 D LibBpfLoader: Loaded relo section 5 (.reltracepoint/power/cpu_frequency)
09-18 08:55:51.023   331   331 D LibBpfLoader: Adding section 5 to cs list
09-18 08:55:51.023   331   331 D LibBpfLoader: Loaded code section 7 (tracepoint_sched_sched_process_free)
09-18 08:55:51.024   331   331 D LibBpfLoader: Loaded relo section 7 (.reltracepoint/sched/sched_process_free)
09-18 08:55:51.024   331   331 D LibBpfLoader: Adding section 7 to cs list
09-18 08:55:51.025   331   331 D LibBpfLoader: bpf_create_map name total_time_in_state_map, ret: 7
09-18 08:55:51.027   331   331 D LibBpfLoader: bpf_create_map name uid_time_in_state_map, ret: 8
09-18 08:55:51.027   331   331 D LibBpfLoader: bpf_create_map name uid_concurrent_times_map, ret: 9
09-18 08:55:51.028   331   331 D LibBpfLoader: bpf_create_map name uid_last_update_map, ret: 10
09-18 08:55:51.028   331   331 D LibBpfLoader: bpf_create_map name cpu_last_update_map, ret: 11
09-18 08:55:51.028   331   331 D LibBpfLoader: bpf_create_map name cpu_policy_map, ret: 12
09-18 08:55:51.028   331   331 D LibBpfLoader: bpf_create_map name policy_freq_idx_map, ret: 13
09-18 08:55:51.028   331   331 D LibBpfLoader: bpf_create_map name freq_to_idx_map, ret: 14
09-18 08:55:51.028   331   331 D LibBpfLoader: bpf_create_map name nr_active_map, ret: 15
09-18 08:55:51.028   331   331 D LibBpfLoader: bpf_create_map name policy_nr_active_map, ret: 16
09-18 08:55:51.029   331   331 D LibBpfLoader: bpf_create_map name pid_tracked_hash_map, ret: 17
09-18 08:55:51.029   331   331 D LibBpfLoader: bpf_create_map name pid_tracked_map, ret: 18
09-18 08:55:51.029   331   331 D LibBpfLoader: bpf_create_map name pid_task_aggregation_map, ret: 19
09-18 08:55:51.030   331   331 D LibBpfLoader: bpf_create_map name pid_time_in_state_map, ret: 20
09-18 08:55:51.030   331   331 D LibBpfLoader: map_fd found at 0 is 7 in /system/etc/bpf/time_in_state.o
09-18 08:55:51.030   331   331 D LibBpfLoader: map_fd found at 1 is 8 in /system/etc/bpf/time_in_state.o
09-18 08:55:51.031   331   331 D LibBpfLoader: map_fd found at 2 is 9 in /system/etc/bpf/time_in_state.o
09-18 08:55:51.031   331   331 D LibBpfLoader: map_fd found at 3 is 10 in /system/etc/bpf/time_in_state.o
09-18 08:55:51.031   331   331 D LibBpfLoader: map_fd found at 4 is 11 in /system/etc/bpf/time_in_state.o
09-18 08:55:51.031   331   331 D LibBpfLoader: map_fd found at 5 is 12 in /system/etc/bpf/time_in_state.o
09-18 08:55:51.031   331   331 D LibBpfLoader: map_fd found at 6 is 13 in /system/etc/bpf/time_in_state.o
09-18 08:55:51.031   331   331 D LibBpfLoader: map_fd found at 7 is 14 in /system/etc/bpf/time_in_state.o
09-18 08:55:51.032   331   331 D LibBpfLoader: map_fd found at 8 is 15 in /system/etc/bpf/time_in_state.o
09-18 08:55:51.032   331   331 D LibBpfLoader: map_fd found at 9 is 16 in /system/etc/bpf/time_in_state.o
09-18 08:55:51.032   331   331 D LibBpfLoader: map_fd found at 10 is 17 in /system/etc/bpf/time_in_state.o
09-18 08:55:51.032   331   331 D LibBpfLoader: map_fd found at 11 is 18 in /system/etc/bpf/time_in_state.o
09-18 08:55:51.032   331   331 D LibBpfLoader: map_fd found at 12 is 19 in /system/etc/bpf/time_in_state.o
09-18 08:55:51.032   331   331 D LibBpfLoader: map_fd found at 13 is 20 in /system/etc/bpf/time_in_state.o
09-18 08:55:51.033   331   331 D LibBpfLoader: applying relo to instruction at byte offset: 40, 	       insn offset 5 , insn 118
09-18 08:55:51.033   331   331 D LibBpfLoader: applying relo to instruction at byte offset: 128, 	       insn offset 16 , insn 118
09-18 08:55:51.033   331   331 D LibBpfLoader: applying relo to instruction at byte offset: 200, 	       insn offset 25 , insn 118
09-18 08:55:51.033   331   331 D LibBpfLoader: applying relo to instruction at byte offset: 264, 	       insn offset 33 , insn 118
09-18 08:55:51.033   331   331 D LibBpfLoader: applying relo to instruction at byte offset: 504, 	       insn offset 63 , insn 118
09-18 08:55:51.033   331   331 D LibBpfLoader: applying relo to instruction at byte offset: 640, 	       insn offset 80 , insn 118
09-18 08:55:51.034   331   331 D LibBpfLoader: applying relo to instruction at byte offset: 1000, 	       insn offset 125 , insn 118
09-18 08:55:51.034   331   331 D LibBpfLoader: applying relo to instruction at byte offset: 1040, 	       insn offset 130 , insn 118
09-18 08:55:51.034   331   331 D LibBpfLoader: applying relo to instruction at byte offset: 1216, 	       insn offset 152 , insn 118
09-18 08:55:51.034   331   331 D LibBpfLoader: applying relo to instruction at byte offset: 1344, 	       insn offset 168 , insn 118
09-18 08:55:51.034   331   331 D LibBpfLoader: applying relo to instruction at byte offset: 1440, 	       insn offset 180 , insn 118
09-18 08:55:51.034   331   331 D LibBpfLoader: applying relo to instruction at byte offset: 1536, 	       insn offset 192 , insn 118
09-18 08:55:51.034   331   331 D LibBpfLoader: applying relo to instruction at byte offset: 1864, 	       insn offset 233 , insn 118
09-18 08:55:51.035   331   331 D LibBpfLoader: applying relo to instruction at byte offset: 1904, 	       insn offset 238 , insn 118
09-18 08:55:51.035   331   331 D LibBpfLoader: applying relo to instruction at byte offset: 2080, 	       insn offset 260 , insn 118
09-18 08:55:51.035   331   331 D LibBpfLoader: applying relo to instruction at byte offset: 2288, 	       insn offset 286 , insn 118
09-18 08:55:51.035   331   331 D LibBpfLoader: applying relo to instruction at byte offset: 2328, 	       insn offset 291 , insn 118
09-18 08:55:51.035   331   331 D LibBpfLoader: applying relo to instruction at byte offset: 2504, 	       insn offset 313 , insn 118
09-18 08:55:51.035   331   331 D LibBpfLoader: applying relo to instruction at byte offset: 2712, 	       insn offset 339 , insn 118
09-18 08:55:51.036   331   331 D LibBpfLoader: applying relo to instruction at byte offset: 2752, 	       insn offset 344 , insn 118
09-18 08:55:51.036   331   331 D LibBpfLoader: applying relo to instruction at byte offset: 2864, 	       insn offset 358 , insn 118
09-18 08:55:51.036   331   331 D LibBpfLoader: applying relo to instruction at byte offset: 2952, 	       insn offset 369 , insn 118
09-18 08:55:51.036   331   331 D LibBpfLoader: applying relo to instruction at byte offset: 3056, 	       insn offset 382 , insn 118
09-18 08:55:51.036   331   331 D LibBpfLoader: applying relo to instruction at byte offset: 3160, 	       insn offset 395 , insn 118
09-18 08:55:51.036   331   331 D LibBpfLoader: applying relo to instruction at byte offset: 3264, 	       insn offset 408 , insn 118
09-18 08:55:51.036   331   331 D LibBpfLoader: applying relo to instruction at byte offset: 3368, 	       insn offset 421 , insn 118
09-18 08:55:51.036   331   331 D LibBpfLoader: applying relo to instruction at byte offset: 3472, 	       insn offset 434 , insn 118
09-18 08:55:51.037   331   331 D LibBpfLoader: applying relo to instruction at byte offset: 3576, 	       insn offset 447 , insn 118
09-18 08:55:51.037   331   331 D LibBpfLoader: applying relo to instruction at byte offset: 3688, 	       insn offset 461 , insn 118
09-18 08:55:51.037   331   331 D LibBpfLoader: applying relo to instruction at byte offset: 40, 	       insn offset 5 , insn 118
09-18 08:55:51.037   331   331 D LibBpfLoader: applying relo to instruction at byte offset: 120, 	       insn offset 15 , insn 118
09-18 08:55:51.037   331   331 D LibBpfLoader: applying relo to instruction at byte offset: 200, 	       insn offset 25 , insn 118
09-18 08:55:51.037   331   331 D LibBpfLoader: applying relo to instruction at byte offset: 48, 	       insn offset 6 , insn 118
09-18 08:55:51.038   331   331 D LibBpfLoader: applying relo to instruction at byte offset: 200, 	       insn offset 25 , insn 118
09-18 08:55:51.038   331   331 D LibBpfLoader: applying relo to instruction at byte offset: 328, 	       insn offset 41 , insn 118
09-18 08:55:51.038   331   331 D LibBpfLoader: applying relo to instruction at byte offset: 456, 	       insn offset 57 , insn 118
09-18 08:55:51.039   331   331 D LibBpfLoader: applying relo to instruction at byte offset: 584, 	       insn offset 73 , insn 118
09-18 08:55:51.039   331   331 D LibBpfLoader: applying relo to instruction at byte offset: 712, 	       insn offset 89 , insn 118
09-18 08:55:51.039   331   331 D LibBpfLoader: applying relo to instruction at byte offset: 840, 	       insn offset 105 , insn 118
09-18 08:55:51.040   331   331 D LibBpfLoader: applying relo to instruction at byte offset: 968, 	       insn offset 121 , insn 118
09-18 08:55:51.040   331   331 D LibBpfLoader: applying relo to instruction at byte offset: 1104, 	       insn offset 138 , insn 118
09-18 08:55:51.040   331   331 D LibBpfLoader: applying relo to instruction at byte offset: 1144, 	       insn offset 143 , insn 118
09-18 08:55:51.040   331   331 D LibBpfLoader: cs[0].name:tracepoint_sched_sched_switch min_kver:0 .max_kver:ffffffff (kvers:50a0088)
09-18 08:55:51.040   331   331 D LibBpfLoader: cs[0].name:tracepoint_sched_sched_switch requires bpfloader version [0x00000,0x10000)
09-18 08:55:51.042   331   331 D LibBpfLoader: bpf_prog_load lib call for /system/etc/bpf/time_in_state.o (tracepoint_sched_sched_switch) returned fd: 21 (no error)
09-18 08:55:51.042   331   331 D LibBpfLoader: cs[1].name:tracepoint_power_cpu_frequency min_kver:0 .max_kver:ffffffff (kvers:50a0088)
09-18 08:55:51.042   331   331 D LibBpfLoader: cs[1].name:tracepoint_power_cpu_frequency requires bpfloader version [0x00000,0x10000)
09-18 08:55:51.043   331   331 D LibBpfLoader: bpf_prog_load lib call for /system/etc/bpf/time_in_state.o (tracepoint_power_cpu_frequency) returned fd: 22 (no error)
09-18 08:55:51.043   331   331 D LibBpfLoader: cs[2].name:tracepoint_sched_sched_process_free min_kver:0 .max_kver:ffffffff (kvers:50a0088)
09-18 08:55:51.043   331   331 D LibBpfLoader: cs[2].name:tracepoint_sched_sched_process_free requires bpfloader version [0x00000,0x10000)
09-18 08:55:51.044   331   331 D LibBpfLoader: bpf_prog_load lib call for /system/etc/bpf/time_in_state.o (tracepoint_sched_sched_process_free) returned fd: 23 (no error)
09-18 08:55:51.044   331   331 I bpfloader: Loaded object: /system/etc/bpf/time_in_state.o
09-18 08:55:51.045   331   331 D LibBpfLoader: Loading optional ELF object /system/etc/bpf/gpu_mem.o with license Apache 2.0
09-18 08:55:51.046   331   331 I LibBpfLoader: Section bpfloader_min_ver value is 0 [0x0]
09-18 08:55:51.046   331   331 I LibBpfLoader: Section bpfloader_max_ver value is 65536 [0x10000]
09-18 08:55:51.046   331   331 I LibBpfLoader: Section size_of_bpf_map_def value is 48 [0x30]
09-18 08:55:51.046   331   331 I LibBpfLoader: Section size_of_bpf_prog_def value is 28 [0x1c]
09-18 08:55:51.046   331   331 I LibBpfLoader: BpfLoader version 0x00002 processing ELF object /system/etc/bpf/gpu_mem.o with ver [0x00000,0x10000)
09-18 08:55:51.047   331   331 D LibBpfLoader: Loaded code section 3 (tracepoint_gpu_mem_gpu_mem_total)
09-18 08:55:51.047   331   331 D LibBpfLoader: Loaded relo section 3 (.reltracepoint/gpu_mem/gpu_mem_total)
09-18 08:55:51.047   331   331 D LibBpfLoader: Adding section 3 to cs list
09-18 08:55:51.048   331   331 D LibBpfLoader: bpf_create_map name gpu_mem_total_map, ret: 7
09-18 08:55:51.048   331   331 D LibBpfLoader: map_fd found at 0 is 7 in /system/etc/bpf/gpu_mem.o
09-18 08:55:51.048   331   331 D LibBpfLoader: applying relo to instruction at byte offset: 80, 	       insn offset 10 , insn 118
09-18 08:55:51.048   331   331 D LibBpfLoader: applying relo to instruction at byte offset: 128, 	       insn offset 16 , insn 118
09-18 08:55:51.048   331   331 D LibBpfLoader: applying relo to instruction at byte offset: 208, 	       insn offset 26 , insn 118
09-18 08:55:51.048   331   331 D LibBpfLoader: cs[0].name:tracepoint_gpu_mem_gpu_mem_total min_kver:0 .max_kver:ffffffff (kvers:50a0088)
09-18 08:55:51.048   331   331 D LibBpfLoader: cs[0].name:tracepoint_gpu_mem_gpu_mem_total requires bpfloader version [0x00000,0x10000)
09-18 08:55:51.049   331   331 D LibBpfLoader: bpf_prog_load lib call for /system/etc/bpf/gpu_mem.o (tracepoint_gpu_mem_gpu_mem_total) returned fd: 8 (no error)
09-18 08:55:51.050   331   331 I bpfloader: Loaded object: /system/etc/bpf/gpu_mem.o
09-18 08:55:51.051   331   331 D LibBpfLoader: Loading critical for netd ELF object /system/etc/bpf/clatd.o with license Apache 2.0
09-18 08:55:51.051   331   331 I LibBpfLoader: Section bpfloader_min_ver value is 0 [0x0]
09-18 08:55:51.051   331   331 I LibBpfLoader: Section bpfloader_max_ver value is 65536 [0x10000]
09-18 08:55:51.051   331   331 I LibBpfLoader: Section size_of_bpf_map_def value is 48 [0x30]
09-18 08:55:51.051   331   331 I LibBpfLoader: Section size_of_bpf_prog_def value is 28 [0x1c]
09-18 08:55:51.052   331   331 I LibBpfLoader: BpfLoader version 0x00002 processing ELF object /system/etc/bpf/clatd.o with ver [0x00000,0x10000)
09-18 08:55:51.052   331   331 D LibBpfLoader: Loaded code section 3 (schedcls_ingress6_clat_ether)
09-18 08:55:51.053   331   331 D LibBpfLoader: Loaded relo section 3 (.relschedcls/ingress6/clat_ether)
09-18 08:55:51.053   331   331 D LibBpfLoader: Adding section 3 to cs list
09-18 08:55:51.053   331   331 D LibBpfLoader: Loaded code section 5 (schedcls_ingress6_clat_rawip)
09-18 08:55:51.053   331   331 D LibBpfLoader: Loaded relo section 5 (.relschedcls/ingress6/clat_rawip)
09-18 08:55:51.053   331   331 D LibBpfLoader: Adding section 5 to cs list
09-18 08:55:51.054   331   331 D LibBpfLoader: Loaded code section 7 (schedcls_egress4_clat_ether)
09-18 08:55:51.054   331   331 D LibBpfLoader: Adding section 7 to cs list
09-18 08:55:51.054   331   331 D LibBpfLoader: Loaded code section 8 (schedcls_egress4_clat_rawip)
09-18 08:55:51.055   331   331 D LibBpfLoader: Loaded relo section 8 (.relschedcls/egress4/clat_rawip)
09-18 08:55:51.055   331   331 D LibBpfLoader: Adding section 8 to cs list
09-18 08:55:51.056   331   331 D LibBpfLoader: bpf_create_map name clat_ingress6_map, ret: 7
09-18 08:55:51.056   331   331 D LibBpfLoader: bpf_create_map name clat_egress4_map, ret: 8
09-18 08:55:51.056   331   331 D LibBpfLoader: map_fd found at 0 is 7 in /system/etc/bpf/clatd.o
09-18 08:55:51.056   331   331 D LibBpfLoader: map_fd found at 1 is 8 in /system/etc/bpf/clatd.o
09-18 08:55:51.056   331   331 D LibBpfLoader: applying relo to instruction at byte offset: 408, 	       insn offset 51 , insn 118
09-18 08:55:51.056   331   331 D LibBpfLoader: applying relo to instruction at byte offset: 352, 	       insn offset 44 , insn 118
09-18 08:55:51.057   331   331 D LibBpfLoader: applying relo to instruction at byte offset: 520, 	       insn offset 65 , insn 118
09-18 08:55:51.057   331   331 D LibBpfLoader: cs[0].name:schedcls_ingress6_clat_ether min_kver:0 .max_kver:ffffffff (kvers:50a0088)
09-18 08:55:51.057   331   331 D LibBpfLoader: cs[0].name:schedcls_ingress6_clat_ether requires bpfloader version [0x00000,0x10000)
09-18 08:55:51.058   331   331 D LibBpfLoader: bpf_prog_load lib call for /system/etc/bpf/clatd.o (schedcls_ingress6_clat_ether) returned fd: 9 (no error)
09-18 08:55:51.058   331   331 D LibBpfLoader: cs[1].name:schedcls_ingress6_clat_rawip min_kver:0 .max_kver:ffffffff (kvers:50a0088)
09-18 08:55:51.058   331   331 D LibBpfLoader: cs[1].name:schedcls_ingress6_clat_rawip requires bpfloader version [0x00000,0x10000)
09-18 08:55:51.059   331   331 D LibBpfLoader: bpf_prog_load lib call for /system/etc/bpf/clatd.o (schedcls_ingress6_clat_rawip) returned fd: 10 (no error)
09-18 08:55:51.059   331   331 D LibBpfLoader: cs[2].name:schedcls_egress4_clat_ether min_kver:0 .max_kver:ffffffff (kvers:50a0088)
09-18 08:55:51.059   331   331 D LibBpfLoader: cs[2].name:schedcls_egress4_clat_ether requires bpfloader version [0x00000,0x10000)
09-18 08:55:51.060   331   331 D LibBpfLoader: bpf_prog_load lib call for /system/etc/bpf/clatd.o (schedcls_egress4_clat_ether) returned fd: 11 (no error)
09-18 08:55:51.060   331   331 D LibBpfLoader: cs[3].name:schedcls_egress4_clat_rawip min_kver:0 .max_kver:ffffffff (kvers:50a0088)
09-18 08:55:51.060   331   331 D LibBpfLoader: cs[3].name:schedcls_egress4_clat_rawip requires bpfloader version [0x00000,0x10000)
09-18 08:55:51.061   331   331 D LibBpfLoader: bpf_prog_load lib call for /system/etc/bpf/clatd.o (schedcls_egress4_clat_rawip) returned fd: 12 (no error)
09-18 08:55:51.061   331   331 I bpfloader: Loaded object: /system/etc/bpf/clatd.o
09-18 08:55:51.049     0     0 I init    : Service 'bpfloader' (pid 331) exited with status 0 waiting took 0.249000 seconds
09-18 08:55:51.051     0     0 I init    : Sending signal 9 to service 'bpfloader' (pid 331) process group...
09-18 08:55:51.053     0     0 I libprocessgroup: Successfully killed process cgroup uid 0 pid 331 in 0ms
09-18 08:55:51.057     0     0 I init    : processing action (ro.crypto.state=encrypted && ro.crypto.type=file && zygote-start) from (/system/etc/init/hw/init.rc:980)
09-18 08:55:51.059     0     0 I init    : start_waiting_for_property("odsign.verification.done", "1"): already set
09-18 08:55:51.061     0     0 I init    : starting service 'update_verifier_nonencrypted'...
09-18 08:55:51.067     0     0 I init    : SVC_EXEC service 'update_verifier_nonencrypted' pid 332 (uid 0 gid 2001+1 context default) started; waiting...
09-18 08:55:51.082     0     0 I init    : Service 'update_verifier_nonencrypted' (pid 332) exited with status 0 waiting took 0.019000 seconds
09-18 08:55:51.085     0     0 I init    : Sending signal 9 to service 'update_verifier_nonencrypted' (pid 332) process group...
09-18 08:55:51.087     0     0 I libprocessgroup: Successfully killed process cgroup uid 0 pid 332 in 0ms
09-18 08:55:51.092     0     0 I init    : starting service 'statsd'...
09-18 08:55:51.094     0     0 I init    : Created socket '/dev/socket/statsdw', mode 222, user 1066, group 1066
09-18 08:55:51.101     0     0 I init    : starting service 'netd'...
09-18 08:55:51.103     0     0 I init    : Created socket '/dev/socket/dnsproxyd', mode 660, user 0, group 3003
09-18 08:55:51.106     0     0 I init    : Created socket '/dev/socket/mdns', mode 660, user 0, group 1000
09-18 08:55:51.108     0     0 I init    : Created socket '/dev/socket/fwmarkd', mode 660, user 0, group 3003
09-18 08:55:51.117     0     0 I init    : starting service 'zygote'...
09-18 08:55:51.118     0     0 I init    : Created socket '/dev/socket/zygote', mode 660, user 0, group 1000
09-18 08:55:51.122     0     0 I init    : Created socket '/dev/socket/usap_pool_primary', mode 660, user 0, group 1000
09-18 08:55:51.131     0     0 I init    : Command 'start zygote_secondary' action=ro.crypto.state=encrypted && ro.crypto.type=file && zygote-start (/system/etc/init/hw/init.rc:987) took 0ms and failed: service zygote_secondary not found
09-18 08:55:51.137     0     0 I init    : processing action (zygote-start) from (/vendor/etc/init/hw/init.ranchu.rc:75)
09-18 08:55:51.159   333   333 I ServiceManager: Waiting for service 'statscompanion' on '/dev/binder'...
09-18 08:55:51.143     0     0 I init    : processing action (firmware_mounts_complete) from (/system/etc/init/hw/init.rc:464)
09-18 08:55:51.146     0     0 I init    : processing action (early-boot) from (/system/etc/init/installd.rc:5)
09-18 08:55:51.172     0     0 I init    : processing action (boot) from (/system/etc/init/hw/init.rc:994)
09-18 08:55:51.178     0     0 I init    : Command 'write /dev/sys/block/by-name/userdata/queue/discard_max_bytes 134217728' action=boot (/system/etc/init/hw/init.rc:1034) took 0ms and failed: Unable to write to file '/dev/sys/block/by-name/userdata/queue/discard_max_bytes': Unable to write file contents: Invalid argument
09-18 08:55:51.213   334   334 I netdClient: Skipping libnetd_client init since *we* are netd
09-18 08:55:51.194     0     0 I init    : starting service 'hidl_memory'...
09-18 08:55:51.203     0     0 I init    : starting service 'vendor.audio-hal'...
09-18 08:55:51.227   339   339 I HidlServiceManagement: Registered android.hidl.allocator@1.0::IAllocator/ashmem
09-18 08:55:51.228   339   339 I HidlServiceManagement: Removing namespace from process name android.hidl.allocator@1.0-service to allocator@1.0-service.
09-18 08:55:51.213     0     0 I init    : starting service 'vendor.authsecret-1-0'...
09-18 08:55:51.226     0     0 I init    : starting service 'btlinux-1.1'...
09-18 08:55:51.250   334   334 I netd    : netd 1.0 starting
09-18 08:55:51.266   334   334 I netd    : Pid file removed
09-18 08:55:51.266   334   334 I netd    : SIGPIPE is blocked
09-18 08:55:51.266   334   334 I netd    : setCloseOnExec(dnsproxyd)
09-18 08:55:51.245     0     0 I init    : starting service 'vendor.camera-provider-2-4'...
09-18 08:55:51.266   334   334 I netd    : setCloseOnExec(fwmarkd)
09-18 08:55:51.267   334   334 I netd    : setCloseOnExec(mdns)
09-18 08:55:51.267   334   334 I netd    : BPF programs are loaded
09-18 08:55:51.268   334   334 I netd    : NetlinkManager instanced
09-18 08:55:51.269   334   334 I netd    : enter NetworkController ctor
09-18 08:55:51.269   334   334 I netd    : leave NetworkController ctor
09-18 08:55:51.269   334   334 I netd    : enter TetherController ctor
09-18 08:55:51.269   334   334 D TetherController: Setting IP forward enable = 0
09-18 08:55:51.257     0     0 I init    : starting service 'vendor.camera-provider-2-7-google'...
09-18 08:55:51.275   334   334 I netd    : leave TetherController ctor
09-18 08:55:51.276   334   334 D FirewallController: Could not read /proc/self/uid_map, max uid defaulting to 4294967294
09-18 08:55:51.284   193   193 I hwservicemanager: getTransport: Cannot find entry android.hardware.audio@7.0::IDevicesFactory/default in either framework or device VINTF manifest.
09-18 08:55:51.284   341   341 I HidlServiceManagement: Registered android.hardware.authsecret@1.0::IAuthSecret/default
09-18 08:55:51.284   341   341 I HidlServiceManagement: Removing namespace from process name android.hardware.authsecret@1.0-service to authsecret@1.0-service.
09-18 08:55:51.284   342   342 I HidlServiceManagement: Registered android.hardware.bluetooth@1.1::IBluetoothHci/default
09-18 08:55:51.269     0     0 I init    : starting service 'vendor.cas-hal-1-2'...
09-18 08:55:51.289   340   340 E LegacySupport: Could not get passthrough implementation for android.hardware.audio@7.0::IDevicesFactory/default.
09-18 08:55:51.290   342   342 I HidlServiceManagement: Removing namespace from process name android.hardware.bluetooth@1.1-service.btlinux to bluetooth@1.1-service.btlinux.
09-18 08:55:51.277     0     0 I init    : starting service 'vendor.contexthub-hal-1-1-mock'...
09-18 08:55:51.284     0     0 I init    : starting service 'vendor.drm-hal-1-0'...
09-18 08:55:51.294     0     0 I init    : starting service 'vendor.drm-clearkey-hal-1-4'...
09-18 08:55:51.305     0     0 I init    : starting service 'vendor.drm-widevine-hal-1-4'...
09-18 08:55:51.328   334   334 I netd    : Creating child chains: 38063us
09-18 08:55:51.329   334   334 I netd    : Setting up OEM hooks: 332us
09-18 08:55:51.332   334   334 I netd    : Setting up FirewallController hooks: 3841us
09-18 08:55:51.314     0     0 I init    : starting service 'vendor.gatekeeper-1-0'...
09-18 08:55:51.337   334   334 I netd    : Setting up TetherController hooks: 4941us
09-18 08:55:51.322     0     0 I init    : starting service 'vendor.gralloc-3-0'...
09-18 08:55:51.342   334   334 I netd    : Setting up BandwidthController hooks: 4329us
09-18 08:55:51.342   334   334 I netd    : Setting up IdletimerController hooks: 349us
09-18 08:55:51.346   334   334 I netd    : Setting up StrictController hooks: 3898us
09-18 08:55:51.346   334   334 I netd    : Initializing ClatdController: 71us
09-18 08:55:51.349   334   334 I netd    : Initializing traffic control: 2788us
09-18 08:55:51.332     0     0 I init    : starting service 'vendor.hwcomposer-2-3'...
09-18 08:55:51.351   350   350 I HidlServiceManagement: Registered android.hardware.cas@1.2::IMediaCasService/default
09-18 08:55:51.351   350   350 I HidlServiceManagement: Removing namespace from process name android.hardware.cas@1.2-service to cas@1.2-service.
09-18 08:55:51.357   334   334 I netd    : Enabling bandwidth control: 7887us
09-18 08:55:51.358   334   334 I netd    : Initializing RouteController: 1192us
09-18 08:55:51.358   334   334 D XfrmController: XfrmController::ipSecAddXfrmInterface, line=1479
09-18 08:55:51.359   334   334 D XfrmController: XfrmController::ipSecRemoveTunnelInterface, line=1692
09-18 08:55:51.359   334   334 D XfrmController: deviceName=ipsec_test
09-18 08:55:51.343     0     0 I init    : starting service 'health-hal-2-1'...
09-18 08:55:51.345     0     0 I init    : Opened file '/dev/kmsg', flags 1
09-18 08:55:51.364   351   351 I HidlServiceManagement: Registered android.hardware.contexthub@1.1::IContexthub/default
09-18 08:55:51.364   351   351 I HidlServiceManagement: Removing namespace from process name android.hardware.contexthub@1.1-service.mock to contexthub@1.1-service.mock.
09-18 08:55:51.358     0     0 I init    : starting service 'android-hardware-media-c2-goldfish-hal-1-0'...
09-18 08:55:51.367     0     0 I init    : starting service 'neuralnetworks_hal_service_sample_all'...
09-18 08:55:51.392   343   343 I android.hardware.camera.provider@2.4-service: CameraProvider@2.4 legacy service is starting.
09-18 08:55:51.377     0     0 I init    : starting service 'neuralnetworks_hal_service_sample_float_fast'...
09-18 08:55:51.401   353   353 I HidlServiceManagement: Registered android.hardware.drm@1.4::IDrmFactory/clearkey
09-18 08:55:51.401   353   353 I HidlServiceManagement: Removing namespace from process name android.hardware.drm@1.4-service.clearkey to drm@1.4-service.clearkey.
09-18 08:55:51.402   334   334 D XfrmController: Sending Netlink XFRM Message: XFRM_MSG_FLUSHSA
09-18 08:55:51.402   355   355 I HidlServiceManagement: Registered android.hardware.gatekeeper@1.0::IGatekeeper/default
09-18 08:55:51.402   334   334 D XfrmController: Sending Netlink XFRM Message: XFRM_MSG_FLUSHPOLICY
09-18 08:55:51.403   334   334 I netd    : Initializing XfrmController: 44526us
09-18 08:55:51.403   355   355 I HidlServiceManagement: Removing namespace from process name android.hardware.gatekeeper@1.0-service.software to gatekeeper@1.0-service.software.
09-18 08:55:51.409   353   353 I HidlServiceManagement: Registered android.hardware.drm@1.4::ICryptoFactory/clearkey
09-18 08:55:51.409   353   353 I HidlServiceManagement: Removing namespace from process name android.hardware.drm@1.4-service.clearkey to drm@1.4-service.clearkey.
09-18 08:55:51.420   334   334 I libnetd_resolv: resolv_init: Initializing resolver
09-18 08:55:51.397     0     0 I init    : starting service 'neuralnetworks_hal_service_sample_float_slow'...
09-18 08:55:51.412     0     0 W healthd : batteryCapacityLevelPath not found
09-18 08:55:51.414     0     0 I init    : starting service 'neuralnetworks_hal_service_sample_minimal'...
09-18 08:55:51.417     0     0 W healthd : batteryChargeTimeToFullNowPath. not found
09-18 08:55:51.419     0     0 W healthd : batteryFullChargeDesignCapacityUahPath. not found
09-18 08:55:51.436   334   334 D MDnsDS  : MDnsSdListener::Hander starting up
09-18 08:55:51.438   334   334 I netd    : Registering NetdNativeService: 2108us
09-18 08:55:51.445   334   334 I HidlServiceManagement: Registered android.system.net.netd@1.1::INetd/default
09-18 08:55:51.445   334   334 I netd    : Registering NetdHwService: 6543us
09-18 08:55:51.445   334   334 I netd    : Netd started in 194988us
09-18 08:55:51.447   334   376 D MDnsDS  : MDnsSdListener starting to monitor
09-18 08:55:51.447   334   376 D MDnsDS  : Going to poll with pollCount 1
09-18 08:55:51.429     0     0 I init    : starting service 'neuralnetworks_hal_service_sample_quant'...
09-18 08:55:51.451   361   361 I android.hardware.health@2.1-service: default instance initializing with healthd_config...
09-18 08:55:51.458   361   361 I HidlServiceManagement: Registered android.hardware.health@2.1::IHealth/default
09-18 08:55:51.458   361   361 I HidlServiceManagement: Removing namespace from process name android.hardware.health@2.1-service to health@2.1-service.
09-18 08:55:51.459   361   361 I android.hardware.health@2.1-service: default: Hal init done
09-18 08:55:51.462   340   340 I HidlServiceManagement: Registered android.hardware.audio@6.0::IDevicesFactory/default
09-18 08:55:51.462   340   340 I HidlServiceManagement: Removing namespace from process name android.hardware.audio.service to audio.service.
