09-18 08:55:49.661     0     0 I apexd   : Successfully mounted package /system/apex/com.google.android.neuralnetworks.apex on /apex/com.android.neuralnetworks@310727000 duration=21
09-18 08:55:49.663     0     0 I apexd   : Successfully mounted package /system/apex/com.google.android.media.apex on /apex/com.android.media@310731000 duration=15
09-18 08:55:49.685   201   205 D vold    : Disk at 7:112 changed
09-18 08:55:49.669     0     0 I init    : Not setting encryption policy on: /data/system_de
09-18 08:55:49.689   201   205 D vold    : Disk at 7:120 changed
09-18 08:55:49.674     0     0 I init    : Not setting encryption policy on: /data/system_ce
09-18 08:55:49.677     0     0 I init    : Not setting encryption policy on: /data/misc_de
09-18 08:55:49.680     0     0 I EXT4-fs (loop14): mounted filesystem without journal. Opts: (null)
09-18 08:55:49.682     0     0 I init    : Not setting encryption policy on: /data/misc_ce
09-18 08:55:49.683     0     0 I apexd   : Successfully mounted package /system/apex/com.google.android.os.statsd.apex on /apex/com.android.os.statsd@310727000 duration=11
09-18 08:55:49.686     0     0 I EXT4-fs (loop15): mounted filesystem without journal. Opts: (null)
09-18 08:55:49.688     0     0 I init    : Not setting encryption policy on: /data/user
09-18 08:55:49.690     0     0 I apexd   : Successfully mounted package /system/apex/com.google.android.mediaprovider.apex on /apex/com.android.mediaprovider@310731000 duration=16
09-18 08:55:49.712   201   205 D vold    : Disk at 7:128 changed
09-18 08:55:49.714   201   205 D vold    : Disk at 7:136 changed
09-18 08:55:49.697     0     0 I init    : Not setting encryption policy on: /data/user_de
09-18 08:55:49.703     0     0 I init    : Command 'rm /data/user/0' action=post-fs-data (/system/etc/init/hw/init.rc:847) took 1ms and failed: unlink() failed: Is a directory
09-18 08:55:49.704     0     0 I EXT4-fs (loop16): mounted filesystem without journal. Opts: (null)
09-18 08:55:49.708     0     0 I apexd   : Successfully mounted package /system/apex/com.google.android.scheduling.apex on /apex/com.android.scheduling@310727000 duration=11
09-18 08:55:49.735   201   205 D vold    : Disk at 7:144 changed
09-18 08:55:49.714     0     0 I EXT4-fs (loop17): mounted filesystem without journal. Opts: (null)
09-18 08:55:49.715     0     0 I apexd   : Successfully mounted package /system/apex/com.google.android.tzdata3.apex on /apex/com.android.tzdata@310727000 duration=16
09-18 08:55:49.716     0     0 I init    : Verified that /data/cache has the encryption policy 7a86e44b980998051253b50d497e5b45 v2 modes 1/4 flags 0x2
09-18 08:55:49.738   201   205 D vold    : Disk at 7:152 changed
09-18 08:55:49.727     0     0 I EXT4-fs (loop18): mounted filesystem without journal. Opts: (null)
09-18 08:55:49.729     0     0 I init    : Verified that /data/rollback has the encryption policy 7a86e44b980998051253b50d497e5b45 v2 modes 1/4 flags 0x2
09-18 08:55:49.730     0     0 I apexd   : Successfully mounted package /system/apex/com.google.android.conscrypt.apex on /apex/com.android.conscrypt@310727000 duration=9
09-18 08:55:49.737     0     0 I init    : Verified that /data/rollback-observer has the encryption policy 7a86e44b980998051253b50d497e5b45 v2 modes 1/4 flags 0x2
09-18 08:55:49.737     0     0 I EXT4-fs (loop19): mounted filesystem without journal. Opts: (null)
09-18 08:55:49.740     0     0 W init    : Inferred action different from explicit one, expected 2 but got 3
09-18 08:55:49.742     0     0 I apexd   : Successfully mounted package /system/apex/com.google.android.permission.apex on /apex/com.android.permission@310733000 duration=21
09-18 08:55:49.763   201   205 D vold    : Disk at 7:160 changed
09-18 08:55:49.765   201   205 D vold    : Disk at 7:168 changed
09-18 08:55:49.746     0     0 I init    : Verified that /data/rollback-history has the encryption policy 7a86e44b980998051253b50d497e5b45 v2 modes 1/4 flags 0x2
09-18 08:55:49.753     0     0 I init    : Verified that /data/incremental has the encryption policy 7a86e44b980998051253b50d497e5b45 v2 modes 1/4 flags 0x2
09-18 08:55:49.760     0     0 I EXT4-fs (loop20): mounted filesystem without journal. Opts: (null)
09-18 08:55:49.762     0     0 I apexd   : Successfully mounted package /system/apex/com.google.android.art.apex on /apex/com.android.art@310924000 duration=14
09-18 08:55:49.764     0     0 I EXT4-fs (loop21): mounted filesystem without journal. Opts: (null)
09-18 08:55:49.766     0     0 I apexd   : Successfully mounted package /system/apex/com.google.android.extservices.apex on /apex/com.android.extservices@310727000 duration=15
09-18 08:55:49.784   201   205 D vold    : Disk at 7:176 changed
09-18 08:55:49.788   201   205 D vold    : Disk at 7:184 changed
09-18 08:55:49.777     0     0 I EXT4-fs (loop22): mounted filesystem without journal. Opts: (null)
09-18 08:55:49.778     0     0 I apexd   : Successfully mounted package /system/apex/com.google.android.appsearch.apex on /apex/com.android.appsearch@300000000 duration=8
09-18 08:55:49.799   201   205 D vold    : Disk at 7:192 changed
09-18 08:55:49.786     0     0 I EXT4-fs (loop23): mounted filesystem without journal. Opts: (null)
09-18 08:55:49.789     0     0 I apexd   : Successfully mounted package /system/apex/com.android.runtime.apex on /apex/com.android.runtime@1 duration=14
09-18 08:55:49.794     0     0 I EXT4-fs (loop24): mounted filesystem without journal. Opts: (null)
09-18 08:55:49.795     0     0 I apexd   : Successfully mounted package /system/apex/com.google.mainline.primary.libs.apex on /apex/com.google.mainline.primary.libs@310005800 duration=10
09-18 08:55:49.813   201   205 D vold    : Disk at 7:200 changed
09-18 08:55:49.805     0     0 I EXT4-fs (loop25): mounted filesystem without journal. Opts: (null)
09-18 08:55:49.808     0     0 I apexd   : Successfully mounted package /system/apex/com.google.android.wifi.apex on /apex/com.android.wifi@310733000 duration=9
09-18 08:55:49.825   201   205 D vold    : Disk at 7:208 changed
09-18 08:55:49.830   201   205 D vold    : Disk at 7:216 changed
09-18 08:55:49.816     0     0 I EXT4-fs (loop26): mounted filesystem without journal. Opts: (null)
09-18 08:55:49.819     0     0 I apexd   : Successfully mounted package /system/apex/com.android.apex.cts.shim.apex on /apex/com.android.apex.cts.shim@1 duration=10
09-18 08:55:49.822     0     0 I EXT4-fs (loop27): mounted filesystem without journal. Opts: (null)
09-18 08:55:49.825     0     0 I apexd   : Successfully mounted package /system/apex/com.google.android.ipsec.apex on /apex/com.android.ipsec@310727000 duration=10
09-18 08:55:49.846   201   205 D vold    : Disk at 7:224 changed
09-18 08:55:49.837     0     0 I EXT4-fs (loop28): mounted filesystem without journal. Opts: (null)
09-18 08:55:49.839     0     0 I apexd   : Successfully mounted package /system/apex/com.google.android.telephony.apex on /apex/com.android.telephony@1 duration=7
09-18 08:55:49.843     0     0 I apexd   : Activated 25 packages.
09-18 08:55:49.844     0     0 I apexd   : OnStart done, duration=318
09-18 08:55:49.845     0     0 I AidlLazyServiceRegistrar: Registering service apexservice
09-18 08:55:49.866     0     0 E apexd   : Can't open /system_ext/apex for reading : No such file or directory
09-18 08:55:49.868     0     0 E apexd   : Can't open /product/apex for reading : No such file or directory
09-18 08:55:49.869     0     0 E apexd   : Can't open /vendor/apex for reading : No such file or directory
09-18 08:55:49.874     0     0 I apexd   : Marking APEXd as activated
09-18 08:55:49.875     0     0 I init    : Wait for property 'apexd.status=activated' took 116ms
09-18 08:55:49.901     0     0 I init    : Parsing file /apex/com.android.adbd/etc/init.rc...
09-18 08:55:49.903     0     0 I init    : Parsing file /apex/com.android.media.swcodec/etc/init.rc...
09-18 08:55:49.907     0     0 I init    : Parsing file /apex/com.android.media/etc/init.rc...
09-18 08:55:49.909     0     0 I init    : Parsing file /apex/com.android.os.statsd/etc/init.rc...
09-18 08:55:49.913     0     0 I init    : Parsing file /apex/com.android.sdkext/etc/derive_classpath.rc...
09-18 08:55:49.916     0     0 I init    : Parsing file /apex/com.android.sdkext/etc/derive_sdk.rc...
09-18 08:55:49.959     0     0 I init    : linkerconfig generated /linkerconfig with mounted APEX modules info
09-18 08:55:49.962     0     0 I init    : Command 'perform_apex_config' action=post-fs-data (/system/etc/init/hw/init.rc:896) took 84ms and succeeded
09-18 08:55:49.964     0     0 I init    : Not setting encryption policy on: /data/media
09-18 08:55:49.966     0     0 I init    : starting service 'exec 8 (/system/bin/chattr +F /data/media)'...
09-18 08:55:49.970     0     0 I init    : SVC_EXEC service 'exec 8 (/system/bin/chattr +F /data/media)' pid 304 (uid 1023 gid 1023+0 context default) started; waiting...
09-18 08:55:50.026     0     0 I init    : Service 'exec 8 (/system/bin/chattr +F /data/media)' (pid 304) exited with status 0 waiting took 0.057000 seconds
09-18 08:55:50.028     0     0 I init    : Sending signal 9 to service 'exec 8 (/system/bin/chattr +F /data/media)' (pid 304) process group...
09-18 08:55:50.031     0     0 I libprocessgroup: Successfully killed process cgroup uid 1023 pid 304 in 0ms
09-18 08:55:50.034     0     0 I init    : Verified that /data/media/obb has the encryption policy 7a86e44b980998051253b50d497e5b45 v2 modes 1/4 flags 0x2
09-18 08:55:50.038     0     0 I init    : starting service 'derive_sdk'...
09-18 08:55:50.043     0     0 I init    : SVC_EXEC service 'derive_sdk' pid 305 (uid 9999 gid 9999+0 context default) started; waiting...
09-18 08:55:50.067   305   305 I derive_sdk: Read version 1 from 1
09-18 08:55:50.068   305   305 I derive_sdk: Read version 1 from 8
09-18 08:55:50.070   305   305 I derive_sdk: Read version 1 from 4
09-18 08:55:50.071   305   305 I derive_sdk: Read version 1 from 10
09-18 08:55:50.072   305   305 I derive_sdk: Read version 1 from 9
09-18 08:55:50.073   305   305 I derive_sdk: Read version 1 from 3
09-18 08:55:50.074   305   305 I derive_sdk: Read version 1 from 6
09-18 08:55:50.075   305   305 I derive_sdk: Read version 1 from 2
09-18 08:55:50.076   305   305 I derive_sdk: Read version 1 from 7
09-18 08:55:50.077   305   305 I derive_sdk: Read version 1 from 5
09-18 08:55:50.077   305   305 I derive_sdk: R extension version is 1
09-18 08:55:50.078   305   305 I derive_sdk: S extension version is 1
09-18 08:55:50.065     0     0 I init    : Service 'derive_sdk' (pid 305) exited with status 0 waiting took 0.025000 seconds
09-18 08:55:50.067     0     0 I init    : Sending signal 9 to service 'derive_sdk' (pid 305) process group...
09-18 08:55:50.070     0     0 I libprocessgroup: Successfully killed process cgroup uid 9999 pid 305 in 0ms
09-18 08:55:50.072     0     0 I init    : starting service 'exec 9 (/system/bin/vdc --wait cryptfs init_user0)'...
09-18 08:55:50.075     0     0 I init    : SVC_EXEC service 'exec 9 (/system/bin/vdc --wait cryptfs init_user0)' pid 306 (uid 0 gid 0+0 context default) started; waiting...
09-18 08:55:50.098   201   201 D vold    : fscrypt_init_user0
09-18 08:55:50.098   201   201 D vold    : Preparing: /data/misc/vold/user_keys
09-18 08:55:50.084     0     0 D vdc     : Waited 0ms for vold
09-18 08:55:50.099   201   201 D vold    : Preparing: /data/misc/vold/user_keys/ce
09-18 08:55:50.100   201   201 D vold    : Preparing: /data/misc/vold/user_keys/de
09-18 08:55:50.110   201   201 D vold    : Installed fscrypt key with ref 0c5845681013e5df2acdfc18c9f016cd to /data
09-18 08:55:50.110   201   201 D vold    : Added fscrypt-provisioning key for 0c5845681013e5df2acdfc18c9f016cd to session keyring
09-18 08:55:50.110   201   201 D vold    : Installed de key for user 0
09-18 08:55:50.110   201   201 D vold    : fscrypt_prepare_user_storage for volume null, user 0, serial 0, flags 1
09-18 08:55:50.110   201   201 D vold    : Preparing: /data/system/users/0
09-18 08:55:50.111   201   201 D vold    : Preparing: /data/misc/profiles/cur/0
09-18 08:55:50.112   201   201 D vold    : Preparing: /data/system_de/0
09-18 08:55:50.113   201   201 D vold    : Preparing: /data/misc_de/0
09-18 08:55:50.114   201   201 D vold    : Preparing: /data/vendor_de/0
09-18 08:55:50.115   201   201 D vold    : Preparing: /data/user_de/0
09-18 08:55:50.117   201   201 I vold    : Verified that /data/system_de/0 has the encryption policy 0c5845681013e5df2acdfc18c9f016cd v2 modes 1/4 flags 0x2
09-18 08:55:50.117   201   201 I vold    : Verified that /data/misc_de/0 has the encryption policy 0c5845681013e5df2acdfc18c9f016cd v2 modes 1/4 flags 0x2
09-18 08:55:50.123   201   201 I vold    : Verified that /data/vendor_de/0 has the encryption policy 0c5845681013e5df2acdfc18c9f016cd v2 modes 1/4 flags 0x2
09-18 08:55:50.123   201   201 I vold    : Verified that /data/user_de/0 has the encryption policy 0c5845681013e5df2acdfc18c9f016cd v2 modes 1/4 flags 0x2
09-18 08:55:50.124   201   201 D vold    : /system/bin/vold_prepare_subdirs
09-18 08:55:50.124   201   201 D vold    :     prepare
09-18 08:55:50.124   201   201 D vold    :     
09-18 08:55:50.124   201   201 D vold    :     0
09-18 08:55:50.124   201   201 D vold    :     1
09-18 08:55:50.136   307   307 D vold_prepare_subdirs: Setting up mode 771 uid 1000 gid 1000 context u:object_r:system_data_file:s0:c512,c768 on path: /data/user_de/0
09-18 08:55:50.136   307   307 D vold_prepare_subdirs: Setting up mode 700 uid 0 gid 0 context u:object_r:vold_data_file:s0 on path: /data/misc_de/0/vold
09-18 08:55:50.138   307   307 D vold_prepare_subdirs: Setting up mode 700 uid 0 gid 0 context u:object_r:storaged_data_file:s0 on path: /data/misc_de/0/storaged
09-18 08:55:50.139   307   307 D vold_prepare_subdirs: Setting up mode 700 uid 0 gid 0 context u:object_r:rollback_data_file:s0 on path: /data/misc_de/0/rollback
09-18 08:55:50.140   307   307 D vold_prepare_subdirs: Setting up mode 700 uid 0 gid 0 context u:object_r:apex_rollback_data_file:s0 on path: /data/misc_de/0/apexrollback
09-18 08:55:50.140   307   307 D vold_prepare_subdirs: Setting up mode 711 uid 0 gid 0 context u:object_r:apex_module_data_file:s0 on path: /data/misc_de/0/apexdata
09-18 08:55:50.141   307   307 D vold_prepare_subdirs: Setting up mode 771 uid 0 gid 1000 context u:object_r:apex_module_data_file:s0 on path: /data/misc_de/0/apexdata/com.android.telephony
09-18 08:55:50.144   307   307 D vold_prepare_subdirs: Setting up mode 771 uid 0 gid 1000 context u:object_r:apex_module_data_file:s0 on path: /data/misc_de/0/apexdata/com.android.apex.cts.shim
09-18 08:55:50.144   307   307 D vold_prepare_subdirs: Setting up mode 771 uid 0 gid 1000 context u:object_r:apex_module_data_file:s0 on path: /data/misc_de/0/apexdata/com.android.ipsec
09-18 08:55:50.144   307   307 D vold_prepare_subdirs: Setting up mode 771 uid 0 gid 1000 context u:object_r:apex_wifi_data_file:s0 on path: /data/misc_de/0/apexdata/com.android.wifi
09-18 08:55:50.145   307   307 D vold_prepare_subdirs: Setting up mode 771 uid 0 gid 1000 context u:object_r:apex_module_data_file:s0 on path: /data/misc_de/0/apexdata/com.android.appsearch
09-18 08:55:50.146   307   307 D vold_prepare_subdirs: Setting up mode 771 uid 0 gid 1000 context u:object_r:apex_module_data_file:s0 on path: /data/misc_de/0/apexdata/com.android.extservices
09-18 08:55:50.146   307   307 D vold_prepare_subdirs: Setting up mode 771 uid 0 gid 1000 context u:object_r:apex_module_data_file:s0 on path: /data/misc_de/0/apexdata/com.android.art
09-18 08:55:50.147   307   307 D vold_prepare_subdirs: Setting up mode 771 uid 0 gid 1000 context u:object_r:apex_permission_data_file:s0 on path: /data/misc_de/0/apexdata/com.android.permission
09-18 08:55:50.148   307   307 D vold_prepare_subdirs: Setting up mode 771 uid 0 gid 1000 context u:object_r:apex_module_data_file:s0 on path: /data/misc_de/0/apexdata/com.android.conscrypt
09-18 08:55:50.148   307   307 D vold_prepare_subdirs: Setting up mode 771 uid 0 gid 1000 context u:object_r:apex_module_data_file:s0 on path: /data/misc_de/0/apexdata/com.android.scheduling
09-18 08:55:50.148   307   307 D vold_prepare_subdirs: Setting up mode 771 uid 0 gid 1000 context u:object_r:apex_module_data_file:s0 on path: /data/misc_de/0/apexdata/com.android.mediaprovider
09-18 08:55:50.148   307   307 D vold_prepare_subdirs: Setting up mode 771 uid 0 gid 1000 context u:object_r:apex_module_data_file:s0 on path: /data/misc_de/0/apexdata/com.android.os.statsd
09-18 08:55:50.149   307   307 D vold_prepare_subdirs: Setting up mode 771 uid 0 gid 1000 context u:object_r:apex_module_data_file:s0 on path: /data/misc_de/0/apexdata/com.android.media
09-18 08:55:50.149   307   307 D vold_prepare_subdirs: Setting up mode 771 uid 0 gid 1000 context u:object_r:apex_module_data_file:s0 on path: /data/misc_de/0/apexdata/com.android.neuralnetworks
09-18 08:55:50.149   307   307 D vold_prepare_subdirs: Setting up mode 771 uid 0 gid 1000 context u:object_r:apex_module_data_file:s0 on path: /data/misc_de/0/apexdata/com.android.media.swcodec
09-18 08:55:50.149   307   307 D vold_prepare_subdirs: Setting up mode 771 uid 0 gid 1000 context u:object_r:apex_module_data_file:s0 on path: /data/misc_de/0/apexdata/com.android.cellbroadcast
09-18 08:55:50.150   307   307 D vold_prepare_subdirs: Setting up mode 771 uid 0 gid 1000 context u:object_r:apex_module_data_file:s0 on path: /data/misc_de/0/apexdata/com.android.adbd
09-18 08:55:50.150   307   307 D vold_prepare_subdirs: Setting up mode 771 uid 0 gid 1000 context u:object_r:apex_module_data_file:s0 on path: /data/misc_de/0/apexdata/com.android.tethering
09-18 08:55:50.150   307   307 D vold_prepare_subdirs: Setting up mode 771 uid 0 gid 1000 context u:object_r:apex_module_data_file:s0 on path: /data/misc_de/0/apexdata/com.android.sdkext
09-18 08:55:50.151   307   307 D vold_prepare_subdirs: Setting up mode 771 uid 0 gid 1000 context u:object_r:apex_module_data_file:s0 on path: /data/misc_de/0/apexdata/com.android.resolv
09-18 08:55:50.151   307   307 D vold_prepare_subdirs: Setting up mode 771 uid 0 gid 1000 context u:object_r:apex_module_data_file:s0 on path: /data/misc_de/0/apexdata/com.android.tzdata
09-18 08:55:50.152   307   307 D vold_prepare_subdirs: Setting up mode 771 uid 0 gid 1000 context u:object_r:apex_module_data_file:s0 on path: /data/misc_de/0/apexdata/com.android.runtime
09-18 08:55:50.152   307   307 D vold_prepare_subdirs: Setting up mode 771 uid 0 gid 1000 context u:object_r:apex_module_data_file:s0 on path: /data/misc_de/0/apexdata/com.android.vndk.v31
09-18 08:55:50.152   307   307 D vold_prepare_subdirs: Setting up mode 771 uid 0 gid 1000 context u:object_r:apex_module_data_file:s0 on path: /data/misc_de/0/apexdata/com.android.i18n
09-18 08:55:50.153   307   307 D vold_prepare_subdirs: Setting up mode 771 uid 0 gid 1000 context u:object_r:apex_module_data_file:s0 on path: /data/misc_de/0/apexdata/sharedlibs
09-18 08:55:50.153   307   307 D vold_prepare_subdirs: Setting up mode 771 uid 1000 gid 1000 context u:object_r:user_profile_root_file:s0:c512,c768 on path: /data/misc/profiles/cur/0
09-18 08:55:50.153   307   307 D vold_prepare_subdirs: Setting up mode 700 uid 1000 gid 1000 context u:object_r:fingerprint_vendor_data_file:s0 on path: /data/vendor_de/0/fpdata
09-18 08:55:50.155   307   307 D vold_prepare_subdirs: Setting up mode 700 uid 1000 gid 1000 context u:object_r:face_vendor_data_file:s0 on path: /data/vendor_de/0/facedata
09-18 08:55:50.156   201   201 D vold    : Detected support for FS_IOC_ADD_ENCRYPTION_KEY
09-18 08:55:50.144     0     0 I init    : Service 'exec 9 (/system/bin/vdc --wait cryptfs init_user0)' (pid 306) exited with status 0 waiting took 0.069000 seconds
09-18 08:55:50.147     0     0 I init    : Sending signal 9 to service 'exec 9 (/system/bin/vdc --wait cryptfs init_user0)' (pid 306) process group...
09-18 08:55:50.151     0     0 I libprocessgroup: Successfully killed process cgroup uid 0 pid 306 in 0ms
09-18 08:55:50.153     0     0 I selinux : SELinux: Skipping restorecon on directory(/data)
09-18 08:55:50.155     0     0 I selinux :  
09-18 08:55:50.155     0     0 I init    : starting service 'derive_classpath'...
09-18 08:55:50.159     0     0 I init    : SVC_EXEC service 'derive_classpath' pid 308 (uid 1000 gid 1000+1 context default) started; waiting...
09-18 08:55:50.185   308   308 I derive_classpath: ParseFragments for bootclasspath
09-18 08:55:50.201   308   308 I derive_classpath: ReadClasspathFragment /apex/com.android.art/etc/classpaths/bootclasspath.pb
09-18 08:55:50.203   308   308 I derive_classpath: ReadClasspathFragment /system/etc/classpaths/bootclasspath.pb
09-18 08:55:50.204   308   308 I derive_classpath: ReadClasspathFragment /apex/com.android.appsearch/etc/classpaths/bootclasspath.pb
09-18 08:55:50.204   308   308 I derive_classpath: ReadClasspathFragment /apex/com.android.conscrypt/etc/classpaths/bootclasspath.pb
09-18 08:55:50.205   308   308 I derive_classpath: ReadClasspathFragment /apex/com.android.i18n/etc/classpaths/bootclasspath.pb
09-18 08:55:50.205   308   308 I derive_classpath: ReadClasspathFragment /apex/com.android.ipsec/etc/classpaths/bootclasspath.pb
09-18 08:55:50.207   308   308 I derive_classpath: ReadClasspathFragment /apex/com.android.media/etc/classpaths/bootclasspath.pb
09-18 08:55:50.208   308   308 I derive_classpath: ReadClasspathFragment /apex/com.android.mediaprovider/etc/classpaths/bootclasspath.pb
09-18 08:55:50.209   308   308 I derive_classpath: ReadClasspathFragment /apex/com.android.os.statsd/etc/classpaths/bootclasspath.pb
09-18 08:55:50.210   308   308 I derive_classpath: ReadClasspathFragment /apex/com.android.permission/etc/classpaths/bootclasspath.pb
09-18 08:55:50.211   308   308 I derive_classpath: ReadClasspathFragment /apex/com.android.scheduling/etc/classpaths/bootclasspath.pb
09-18 08:55:50.212   308   308 I derive_classpath: ReadClasspathFragment /apex/com.android.sdkext/etc/classpaths/bootclasspath.pb
09-18 08:55:50.212   308   308 I derive_classpath: ReadClasspathFragment /apex/com.android.tethering/etc/classpaths/bootclasspath.pb
09-18 08:55:50.213   308   308 I derive_classpath: ReadClasspathFragment /apex/com.android.wifi/etc/classpaths/bootclasspath.pb
09-18 08:55:50.214   308   308 I derive_classpath: ParseFragments for systemserverclasspath
09-18 08:55:50.215   308   308 I derive_classpath: ReadClasspathFragment /system/etc/classpaths/systemserverclasspath.pb
09-18 08:55:50.216   308   308 I derive_classpath: ReadClasspathFragment /apex/com.android.appsearch/etc/classpaths/systemserverclasspath.pb
09-18 08:55:50.216   308   308 I derive_classpath: ReadClasspathFragment /apex/com.android.media/etc/classpaths/systemserverclasspath.pb
09-18 08:55:50.217   308   308 I derive_classpath: ReadClasspathFragment /apex/com.android.permission/etc/classpaths/systemserverclasspath.pb
09-18 08:55:50.218   308   308 I derive_classpath: WriteClasspathExports /data/system/environ/classpath
09-18 08:55:50.218   308   308 I derive_classpath: WriteClasspathExports content
09-18 08:55:50.218   308   308 I derive_classpath: export BOOTCLASSPATH /apex/com.android.art/javalib/core-oj.jar:/apex/com.android.art/javalib/core-libart.jar:/apex/com.android.art/javalib/okhttp.jar:/apex/com.android.art/javalib/bouncycastle.jar:/apex/com.android.art/javalib/apache-xml.jar:/system/framework/framework.jar:/system/framework/framework-graphics.jar:/system/framework/ext.jar:/system/framework/telephony-common.jar:/system/framework/voip-common.jar:/system/framework/ims-common.jar:/apex/com.android.i18n/javalib/core-icu4j.jar:/apex/com.android.appsearch/javalib/framework-appsearch.jar:/apex/com.android.conscrypt/javalib/conscrypt.jar:/apex/com.android.ipsec/javalib/android.net.ipsec.ike.jar:/apex/com.android.media/javalib/updatable-media.jar:/apex/com.android.mediaprovider/javalib/framework-mediaprovider.jar:/apex/com.android.os.statsd/javalib/framework-statsd.jar:/apex/com.android.permission/javalib/framework-permission.jar:/apex/com.android.permission/javalib/framework-permission-s.jar:/apex/com.android.scheduling/javalib/framework-scheduling.jar:/apex/com.android.sdkext/javalib/framework-sdkextensions.jar:/apex/com.android.tethering/javalib/framework-connectivity.jar:/apex/com.android.tethering/javalib/framework-tethering.jar:/apex/com.android.wifi/javalib/framework-wifi.jar
09-18 08:55:50.218   308   308 I derive_classpath: export DEX2OATBOOTCLASSPATH /apex/com.android.art/javalib/core-oj.jar:/apex/com.android.art/javalib/core-libart.jar:/apex/com.android.art/javalib/okhttp.jar:/apex/com.android.art/javalib/bouncycastle.jar:/apex/com.android.art/javalib/apache-xml.jar:/system/framework/framework.jar:/system/framework/framework-graphics.jar:/system/framework/ext.jar:/system/framework/telephony-common.jar:/system/framework/voip-common.jar:/system/framework/ims-common.jar:/apex/com.android.i18n/javalib/core-icu4j.jar
09-18 08:55:50.218   308   308 I derive_classpath: export SYSTEMSERVERCLASSPATH /system/framework/com.android.location.provider.jar:/system/framework/services.jar:/system/framework/ethernet-service.jar:/apex/com.android.appsearch/javalib/service-appsearch.jar:/apex/com.android.media/javalib/service-media-s.jar:/apex/com.android.permission/javalib/service-permission.jar
09-18 08:55:50.209     0     0 I init    : Service 'derive_classpath' (pid 308) exited with status 0 waiting took 0.052000 seconds
09-18 08:55:50.212     0     0 I init    : Sending signal 9 to service 'derive_classpath' (pid 308) process group...
09-18 08:55:50.214     0     0 I libprocessgroup: Successfully killed process cgroup uid 1000 pid 308 in 0ms
09-18 08:55:50.217     0     0 I init    : starting service 'odsign'...
09-18 08:55:50.260   309   309 I odsign  : Trying to retrieve existing HMAC key...
09-18 08:55:50.261   309   309 I odsign  : Trying to retrieve existing keystore key...
09-18 08:55:50.268   309   309 I odsign  : Verified public key signature.
09-18 08:55:50.268   309   309 E odsign  : Initialized Keystore key.
09-18 08:55:50.269   309   309 I odsign  : Found and verified existing public key certificate: /data/misc/odsign/key.cert
09-18 08:55:50.435   311   311 I odrefresh: Factory APEX mounted.
09-18 08:55:50.435   311   311 E odrefresh: statvfs '/data/misc/apexdata/com.android.art/dalvik-cache': No such file or directory
09-18 08:55:50.439   309   309 I odsign  : odrefresh said artifacts are VALID
09-18 08:55:50.439   309   309 I odsign  : On-device signing done.
09-18 08:55:50.426     0     0 I init    : Wait for property 'odsign.key.done=1' took 204ms
09-18 08:55:50.428     0     0 I init    : starting service 'exec 10 (/system/bin/fsverity_init --lock)'...
09-18 08:55:50.433     0     0 I init    : SVC_EXEC service 'exec 10 (/system/bin/fsverity_init --lock)' pid 312 (uid 0 gid 0+0 context default) started; waiting...
09-18 08:55:50.436     0     0 I init    : Sending signal 9 to service 'odsign' (pid 309) process group...
09-18 08:55:50.444     0     0 I libprocessgroup: Successfully killed process cgroup uid 0 pid 309 in 5ms
09-18 08:55:50.447     0     0 I init    : Control message: Processed ctl.stop for 'odsign' from pid: 309 (/system/bin/odsign)
09-18 08:55:50.449     0     0 I init    : Service 'odsign' (pid 309) received signal 9
09-18 08:55:50.451     0     0 I init    : Service 'exec 10 (/system/bin/fsverity_init --lock)' (pid 312) exited with status 0 waiting took 0.019000 seconds
09-18 08:55:50.454     0     0 I init    : Sending signal 9 to service 'exec 10 (/system/bin/fsverity_init --lock)' (pid 312) process group...
09-18 08:55:50.456     0     0 I libprocessgroup: Successfully killed process cgroup uid 0 pid 312 in 0ms
09-18 08:55:50.474   209   246 I keystore2: keystore2::super_key: keystore.boot_level 1000000000 hits maximum 1000000000, finishing.
09-18 08:55:50.460     0     0 I init    : starting service 'apexd-snapshotde'...
09-18 08:55:50.465     0     0 I init    : SVC_EXEC service 'apexd-snapshotde' pid 313 (uid 0 gid 1000+0 context default) started; waiting...
09-18 08:55:50.473     0     0 I apexd   : Snapshot DE subcommand detected
09-18 08:55:50.475     0     0 I apexd   : Marking APEXd as ready
09-18 08:55:50.478     0     0 I init    : Service 'apexd-snapshotde' (pid 313) exited with status 0 waiting took 0.015000 seconds
09-18 08:55:50.480     0     0 I init    : Sending signal 9 to service 'apexd-snapshotde' (pid 313) process group...
09-18 08:55:50.482     0     0 I libprocessgroup: Successfully killed process cgroup uid 0 pid 313 in 0ms
09-18 08:55:50.485     0     0 I init    : starting service 'exec 11 (/system/bin/tzdatacheck /apex/com.android.tzdata/etc/tz /data/misc/zoneinfo)'...
09-18 08:55:50.489     0     0 I init    : SVC_EXEC service 'exec 11 (/system/bin/tzdatacheck /apex/com.android.tzdata/etc/tz /data/misc/zoneinfo)' pid 314 (uid 1000 gid 1000+0 context default) started; waiting...
09-18 08:55:50.514   314   314 I tzdatacheck: timezone distro dir /data/misc/zoneinfo/current does not exist. No action required.
09-18 08:55:50.501     0     0 I init    : Service 'exec 11 (/system/bin/tzdatacheck /apex/com.android.tzdata/etc/tz /data/misc/zoneinfo)' (pid 314) exited with status 0 waiting took 0.013000 seconds
09-18 08:55:50.504     0     0 I init    : Sending signal 9 to service 'exec 11 (/system/bin/tzdatacheck /apex/com.android.tzdata/etc/tz /data/misc/zoneinfo)' (pid 314) process group...
09-18 08:55:50.508     0     0 I libprocessgroup: Successfully killed process cgroup uid 1000 pid 314 in 0ms
09-18 08:55:50.511     0     0 I init    : processing action (post-fs-data) from (/system/etc/init/hw/init.usb.rc:6)
09-18 08:55:50.516     0     0 I init    : Verified that /data/adb has the encryption policy 7a86e44b980998051253b50d497e5b45 v2 modes 1/4 flags 0x2
09-18 08:55:50.518     0     0 I init    : processing action (post-fs-data) from (/vendor/etc/init/hw/init.ranchu.rc:65)
09-18 08:55:50.529     0     0 I init    : starting service 'qemu-adb-keys'...
09-18 08:55:50.534     0     0 I init    : starting service 'qemu-device-state'...
09-18 08:55:50.539     0     0 I init    : processing action (ro.boot.qemu.virtiowifi=1 && post-fs-data) from (/vendor/etc/init/hw/init.ranchu.rc:131)
09-18 08:55:50.544     0     0 I init    : starting service 'ranchu-net'...
09-18 08:55:50.549     0     0 I init    : processing action (post-fs-data) from (/system/etc/init/bootstat.rc:9)
09-18 08:55:50.557     0     0 I init    : processing action (ro.debuggable=1 && post-fs-data) from (/system/etc/init/clean_scratch_files.rc:1)
09-18 08:55:50.560     0     0 I init    : Command 'exec_background - root root -- /system/bin/clean_scratch_files' action=ro.debuggable=1 && post-fs-data (/system/etc/init/clean_scratch_files.rc:2) took 0ms and failed: Could not start exec background service: File /system/bin/clean_scratch_files(labeled "u:object_r:system_file:s0") has incorrect label or no domain transition from u:r:init:s0 to another SELinux domain defined. Have you configured your service correctly? https://source.android.com/security/selinux/device-policy#label_new_services_and_address_denials. Note: this error shows up even in permissive mode in order to make auditing denials possible.
09-18 08:55:50.574     0     0 I init    : processing action (post-fs-data) from (/system/etc/init/gsid.rc:17)
09-18 08:55:50.578     0     0 I init    : Not setting encryption policy on: /data/gsi
09-18 08:55:50.581     0     0 I init    : Service 'qemu-adb-keys' (pid 315) exited with status 0 oneshot service took 0.050000 seconds in background
09-18 08:55:50.584     0     0 I init    : Sending signal 9 to service 'qemu-adb-keys' (pid 315) process group...
09-18 08:55:50.586     0     0 I libprocessgroup: Successfully killed process cgroup uid 0 pid 315 in 0ms
09-18 08:55:50.590     0     0 I init    : Service 'qemu-device-state' (pid 316) exited with status 0 oneshot service took 0.054000 seconds in background
09-18 08:55:50.595     0     0 I init    : Sending signal 9 to service 'qemu-device-state' (pid 316) process group...
09-18 08:55:50.598     0     0 I libprocessgroup: Successfully killed process cgroup uid 0 pid 316 in 0ms
09-18 08:55:50.601     0     0 D ieee80211 phy0: Selected rate control algorithm 'minstrel_ht'
09-18 08:55:50.603     0     0 I init    : processing action (post-fs-data) from (/system/etc/init/incidentd.rc:21)
09-18 08:55:50.605     0     0 I init    : processing action (post-fs-data) from (/system/etc/init/iorapd.rc:29)
09-18 08:55:50.607     0     0 I init    : processing action (post-fs-data) from (/system/etc/init/logtagd.rc:4)
09-18 08:55:50.610     0     0 I init    : starting service 'dhcpclient_wifi'...
09-18 08:55:50.615     0     0 I init    : Control message: Processed ctl.start for 'dhcpclient_wifi' from pid: 321 (setprop ctl.start dhcpclient_wifi)
09-18 08:55:50.623     0     0 I init    : processing action (post-fs-data) from (/system/etc/init/otapreopt.rc:3)
09-18 08:55:50.624     0     0 I init    : starting service 'exec 13 (/system/bin/otapreopt_slot)'...
09-18 08:55:50.628     0     0 I init    : SVC_EXEC service 'exec 13 (/system/bin/otapreopt_slot)' pid 325 (uid 0 gid 0+0 context default) started; waiting...
09-18 08:55:50.631     0     0 I init    : Service 'ranchu-net' (pid 317) exited with status 0 oneshot service took 0.085000 seconds in background
09-18 08:55:50.633     0     0 I init    : Sending signal 9 to service 'ranchu-net' (pid 317) process group...
09-18 08:55:50.637     0     0 I libprocessgroup: Successfully killed process cgroup uid 0 pid 317 in 0ms
09-18 08:55:50.663   327   327 W otapreopt_slot: Slot property empty.
09-18 08:55:50.651     0     0 I init    : Service 'exec 13 (/system/bin/otapreopt_slot)' (pid 325) exited with status 1 waiting took 0.024000 seconds
09-18 08:55:50.654     0     0 I init    : Sending signal 9 to service 'exec 13 (/system/bin/otapreopt_slot)' (pid 325) process group...
09-18 08:55:50.656     0     0 I libprocessgroup: Successfully killed process cgroup uid 0 pid 325 in 0ms
09-18 08:55:50.660     0     0 E selinux : SELinux:  Could not stat /data/dalvik-cache/arm: No such file or directory.
09-18 08:55:50.662     0     0 E selinux :  
09-18 08:55:50.663     0     0 E selinux : SELinux:  Could not stat /data/dalvik-cache/arm64: No such file or directory.
09-18 08:55:50.666     0     0 E selinux :  
09-18 08:55:50.667     0     0 E selinux : SELinux:  Could not stat /data/dalvik-cache/mips: No such file or directory.
09-18 08:55:50.669     0     0 E selinux :  
09-18 08:55:50.670     0     0 E selinux : SELinux:  Could not stat /data/dalvik-cache/mips64: No such file or directory.
09-18 08:55:50.672     0     0 E selinux :  
09-18 08:55:50.673     0     0 E selinux : SELinux:  Could not stat /data/dalvik-cache/x86: No such file or directory.
09-18 08:55:50.676     0     0 E selinux :  
09-18 08:55:50.678     0     0 I selinux : SELinux: Skipping restorecon on directory(/data/dalvik-cache/x86_64)
09-18 08:55:50.680     0     0 I selinux :  
09-18 08:55:50.681     0     0 I init    : processing action (post-fs-data) from (/system/etc/init/perfetto.rc:73)
09-18 08:55:50.684     0     0 I init    : Command 'rm /data/misc/perfetto-traces/.guardraildata' action=post-fs-data (/system/etc/init/perfetto.rc:74) took 0ms and failed: unlink() failed: No such file or directory
09-18 08:55:50.688     0     0 I init    : processing action (post-fs-data) from (/system/etc/init/profcollectd.rc:15)
09-18 08:55:50.691     0     0 I init    : processing action (post-fs-data) from (/system/etc/init/recovery-persist.rc:1)
09-18 08:55:50.693     0     0 I init    : starting service 'exec 14 (/system/bin/recovery-persist)'...
09-18 08:55:50.697     0     0 I init    : processing action (post-fs-data) from (/system/etc/init/wifi.rc:18)
09-18 08:55:50.700     0     0 I selinux : SELinux: Skipping restorecon on directory(/data/misc/apexdata/com.android.wifi)
09-18 08:55:50.703     0     0 I selinux :  
09-18 08:55:50.704     0     0 I init    : processing action (post-fs-data) from (/vendor/etc/init/hostapd.android.rc:9)
09-18 08:55:50.708     0     0 I init    : processing action (load_persist_props_action) from (/system/etc/init/hw/init.rc:458)
09-18 08:55:50.710     0     0 I init    : Service 'exec 14 (/system/bin/recovery-persist)' (pid 328) exited with status 0 oneshot service took 0.014000 seconds in background
09-18 08:55:50.714     0     0 I init    : Sending signal 9 to service 'exec 14 (/system/bin/recovery-persist)' (pid 328) process group...
09-18 08:55:50.715     0     0 E init    : Could not set 'ro.logd.size' to '2M' in /data/local.prop: Read-only property was already set
09-18 08:55:50.717     0     0 I libprocessgroup: Successfully killed process cgroup uid 1000 pid 328 in 0ms
09-18 08:55:50.726     0     0 I init    : Wait for property 'ro.persistent_properties.ready=true' took 15ms
09-18 08:55:50.728     0     0 I init    : starting service 'logd-reinit'...
09-18 08:55:50.734     0     0 I init    : processing action (load_persist_props_action) from (/system/etc/init/flags_health_check.rc:1)
09-18 08:55:50.736     0     0 W init    : Top-level directory needs encryption action, eg mkdir /data/server_configurable_flags <mode> <uid> <gid> encryption=Require
09-18 08:55:50.737     0     0 I logd    : logd reinit
09-18 08:55:50.741     0     0 E logd    : FrameworkListener: read() failed (Connection reset by peer)
09-18 08:55:50.742     0     0 I init    : Verified that /data/server_configurable_flags has the encryption policy 7a86e44b980998051253b50d497e5b45 v2 modes 1/4 flags 0x2
09-18 08:55:50.747     0     0 I init    : Service 'logd-reinit' (pid 329) exited with status 0 oneshot service took 0.016000 seconds in background
09-18 08:55:50.749     0     0 I init    : Sending signal 9 to service 'logd-reinit' (pid 329) process group...
09-18 08:55:50.751     0     0 I libprocessgroup: Successfully killed process cgroup uid 1036 pid 329 in 0ms
09-18 08:55:50.755     0     0 I init    : starting service 'exec 15 (/system/bin/flags_health_check BOOT_FAILURE)'...
09-18 08:55:50.760     0     0 I init    : SVC_EXEC service 'exec 15 (/system/bin/flags_health_check BOOT_FAILURE)' pid 330 (uid 1000 gid 1000+0 context default) started; waiting...
09-18 08:55:50.783   330   330 I flags_health_check: ServerConfigurableFlagsReset reset_mode value: 0
09-18 08:55:50.784   330   330 I flags_health_check: ServerConfigurableFlagsReset attempted boot count is under threshold, skipping reset.
09-18 08:55:50.783     0     0 I init    : Service 'exec 15 (/system/bin/flags_health_check BOOT_FAILURE)' (pid 330) exited with status 0 waiting took 0.023000 seconds
09-18 08:55:50.787     0     0 I init    : Sending signal 9 to service 'exec 15 (/system/bin/flags_health_check BOOT_FAILURE)' (pid 330) process group...
09-18 08:55:50.790     0     0 I libprocessgroup: Successfully killed process cgroup uid 1000 pid 330 in 0ms
09-18 08:55:50.792     0     0 I init    : processing action (load_persist_props_action) from (/system/etc/init/logcatd.rc:29)
09-18 08:55:50.795     0     0 I init    : processing action (load_bpf_programs) from (/system/etc/init/bpfloader.rc:17)
09-18 08:55:50.798     0     0 I init    : starting service 'bpfloader'...
09-18 08:55:50.804     0     0 I init    : SVC_EXEC service 'bpfloader' pid 331 (uid 0 gid 0+0 context default) started; waiting...
09-18 08:55:50.833   331   331 D LibBpfLoader: Loading optional ELF object /apex/com.android.tethering/etc/bpf/test.o with license Apache 2.0
09-18 08:55:50.833   331   331 I LibBpfLoader: Section bpfloader_min_ver value is 0 [0x0]
09-18 08:55:50.833   331   331 I LibBpfLoader: Section bpfloader_max_ver value is 65536 [0x10000]
09-18 08:55:50.833   331   331 I LibBpfLoader: Section size_of_bpf_map_def value is 48 [0x30]
09-18 08:55:50.833   331   331 I LibBpfLoader: Section size_of_bpf_prog_def value is 28 [0x1c]
09-18 08:55:50.834   331   331 I LibBpfLoader: BpfLoader version 0x00002 processing ELF object /apex/com.android.tethering/etc/bpf/test.o with ver [0x00000,0x10000)
09-18 08:55:50.834   331   331 D LibBpfLoader: Loaded code section 3 (xdp_drop_ipv4_udp_ether)
09-18 08:55:50.834   331   331 D LibBpfLoader: Adding section 3 to cs list
09-18 08:55:50.835   331   331 D LibBpfLoader: bpf_create_map name tether_downstream6_map, ret: 7
09-18 08:55:50.836   331   331 D LibBpfLoader: map_fd found at 0 is 7 in /apex/com.android.tethering/etc/bpf/test.o
09-18 08:55:50.836   331   331 D LibBpfLoader: cs[0].name:xdp_drop_ipv4_udp_ether min_kver:5090000 .max_kver:ffffffff (kvers:50a0088)
09-18 08:55:50.836   331   331 D LibBpfLoader: cs[0].name:xdp_drop_ipv4_udp_ether requires bpfloader version [0x00000,0x10000)
09-18 08:55:50.837   331   331 D LibBpfLoader: bpf_prog_load lib call for /apex/com.android.tethering/etc/bpf/test.o (xdp_drop_ipv4_udp_ether) returned fd: 8 (no error)
09-18 08:55:50.838   331   331 I bpfloader: Loaded object: /apex/com.android.tethering/etc/bpf/test.o
09-18 08:55:50.842   331   331 D LibBpfLoader: Loading critical for tethering ELF object /apex/com.android.tethering/etc/bpf/offload.o with license Apache 2.0
09-18 08:55:50.842   331   331 I LibBpfLoader: Section bpfloader_min_ver value is 0 [0x0]
09-18 08:55:50.842   331   331 I LibBpfLoader: Section bpfloader_max_ver value is 65536 [0x10000]
09-18 08:55:50.843   331   331 I LibBpfLoader: Section size_of_bpf_map_def value is 48 [0x30]
09-18 08:55:50.843   331   331 I LibBpfLoader: Section size_of_bpf_prog_def value is 28 [0x1c]
09-18 08:55:50.843   331   331 I LibBpfLoader: BpfLoader version 0x00002 processing ELF object /apex/com.android.tethering/etc/bpf/offload.o with ver [0x00000,0x10000)
09-18 08:55:50.847   331   331 D LibBpfLoader: Loaded code section 3 (schedcls_tether_downstream6_ether)
09-18 08:55:50.848   331   331 D LibBpfLoader: Loaded relo section 3 (.relschedcls/tether_downstream6_ether)
09-18 08:55:50.848   331   331 D LibBpfLoader: Adding section 3 to cs list
09-18 08:55:50.848   331   331 D LibBpfLoader: Loaded code section 5 (schedcls_tether_upstream6_ether)
09-18 08:55:50.850   331   331 D LibBpfLoader: Loaded relo section 5 (.relschedcls/tether_upstream6_ether)
09-18 08:55:50.850   331   331 D LibBpfLoader: Adding section 5 to cs list
09-18 08:55:50.850   331   331 D LibBpfLoader: Loaded code section 7 (schedcls_tether_downstream6_rawip$5_4)
09-18 08:55:50.851   331   331 D LibBpfLoader: Loaded relo section 7 (.relschedcls/tether_downstream6_rawip$5_4)
09-18 08:55:50.851   331   331 D LibBpfLoader: Adding section 7 to cs list
09-18 08:55:50.852   331   331 D LibBpfLoader: Loaded code section 9 (schedcls_tether_upstream6_rawip$5_4)
09-18 08:55:50.853   331   331 D LibBpfLoader: Loaded relo section 9 (.relschedcls/tether_upstream6_rawip$5_4)
09-18 08:55:50.853   331   331 D LibBpfLoader: Adding section 9 to cs list
09-18 08:55:50.853   331   331 D LibBpfLoader: Loaded code section 11 (schedcls_tether_downstream6_rawip$4_14)
09-18 08:55:50.854   331   331 D LibBpfLoader: Loaded relo section 11 (.relschedcls/tether_downstream6_rawip$4_14)
09-18 08:55:50.854   331   331 D LibBpfLoader: Adding section 11 to cs list
09-18 08:55:50.854   331   331 D LibBpfLoader: Loaded code section 13 (schedcls_tether_upstream6_rawip$4_14)
09-18 08:55:50.855   331   331 D LibBpfLoader: Loaded relo section 13 (.relschedcls/tether_upstream6_rawip$4_14)
09-18 08:55:50.855   331   331 D LibBpfLoader: Adding section 13 to cs list
09-18 08:55:50.856   331   331 D LibBpfLoader: Loaded code section 15 (schedcls_tether_downstream6_rawip$stub)
09-18 08:55:50.857   331   331 D LibBpfLoader: Adding section 15 to cs list
09-18 08:55:50.857   331   331 D LibBpfLoader: Loaded code section 16 (schedcls_tether_upstream6_rawip$stub)
09-18 08:55:50.858   331   331 D LibBpfLoader: Adding section 16 to cs list
09-18 08:55:50.858   331   331 D LibBpfLoader: Loaded code section 17 (schedcls_tether_downstream4_rawip$5_8)
09-18 08:55:50.860   331   331 D LibBpfLoader: Loaded relo section 17 (.relschedcls/tether_downstream4_rawip$5_8)
09-18 08:55:50.860   331   331 D LibBpfLoader: Adding section 17 to cs list
09-18 08:55:50.860   331   331 D LibBpfLoader: Loaded code section 19 (schedcls_tether_upstream4_rawip$5_8)
09-18 08:55:50.861   331   331 D LibBpfLoader: Loaded relo section 19 (.relschedcls/tether_upstream4_rawip$5_8)
09-18 08:55:50.861   331   331 D LibBpfLoader: Adding section 19 to cs list
09-18 08:55:50.862   331   331 D LibBpfLoader: Loaded code section 21 (schedcls_tether_downstream4_ether$5_8)
09-18 08:55:50.863   331   331 D LibBpfLoader: Loaded relo section 21 (.relschedcls/tether_downstream4_ether$5_8)
09-18 08:55:50.864   331   331 D LibBpfLoader: Adding section 21 to cs list
09-18 08:55:50.864   331   331 D LibBpfLoader: Loaded code section 23 (schedcls_tether_upstream4_ether$5_8)
09-18 08:55:50.866   331   331 D LibBpfLoader: Loaded relo section 23 (.relschedcls/tether_upstream4_ether$5_8)
09-18 08:55:50.866   331   331 D LibBpfLoader: Adding section 23 to cs list
09-18 08:55:50.866   331   331 D LibBpfLoader: Loaded code section 25 (schedcls_tether_downstream4_rawip$opt)
09-18 08:55:50.868   331   331 D LibBpfLoader: Loaded relo section 25 (.relschedcls/tether_downstream4_rawip$opt)
09-18 08:55:50.868   331   331 D LibBpfLoader: Adding section 25 to cs list
09-18 08:55:50.868   331   331 D LibBpfLoader: Loaded code section 27 (schedcls_tether_upstream4_rawip$opt)
09-18 08:55:50.870   331   331 D LibBpfLoader: Loaded relo section 27 (.relschedcls/tether_upstream4_rawip$opt)
09-18 08:55:50.870   331   331 D LibBpfLoader: Adding section 27 to cs list
09-18 08:55:50.870   331   331 D LibBpfLoader: Loaded code section 29 (schedcls_tether_downstream4_ether$opt)
09-18 08:55:50.872   331   331 D LibBpfLoader: Loaded relo section 29 (.relschedcls/tether_downstream4_ether$opt)
09-18 08:55:50.872   331   331 D LibBpfLoader: Adding section 29 to cs list
09-18 08:55:50.872   331   331 D LibBpfLoader: Loaded code section 31 (schedcls_tether_upstream4_ether$opt)
09-18 08:55:50.874   331   331 D LibBpfLoader: Loaded relo section 31 (.relschedcls/tether_upstream4_ether$opt)
09-18 08:55:50.874   331   331 D LibBpfLoader: Adding section 31 to cs list
09-18 08:55:50.874   331   331 D LibBpfLoader: Loaded code section 33 (schedcls_tether_downstream4_rawip$5_4)
09-18 08:55:50.876   331   331 D LibBpfLoader: Loaded relo section 33 (.relschedcls/tether_downstream4_rawip$5_4)
09-18 08:55:50.876   331   331 D LibBpfLoader: Adding section 33 to cs list
09-18 08:55:50.876   331   331 D LibBpfLoader: Loaded code section 35 (schedcls_tether_upstream4_rawip$5_4)
09-18 08:55:50.878   331   331 D LibBpfLoader: Loaded relo section 35 (.relschedcls/tether_upstream4_rawip$5_4)
09-18 08:55:50.878   331   331 D LibBpfLoader: Adding section 35 to cs list
09-18 08:55:50.878   331   331 D LibBpfLoader: Loaded code section 37 (schedcls_tether_downstream4_rawip$4_14)
09-18 08:55:50.880   331   331 D LibBpfLoader: Loaded relo section 37 (.relschedcls/tether_downstream4_rawip$4_14)
09-18 08:55:50.881   331   331 D LibBpfLoader: Adding section 37 to cs list
09-18 08:55:50.881   331   331 D LibBpfLoader: Loaded code section 39 (schedcls_tether_upstream4_rawip$4_14)
09-18 08:55:50.882   331   331 D LibBpfLoader: Loaded relo section 39 (.relschedcls/tether_upstream4_rawip$4_14)
09-18 08:55:50.882   331   331 D LibBpfLoader: Adding section 39 to cs list
09-18 08:55:50.883   331   331 D LibBpfLoader: Loaded code section 41 (schedcls_tether_downstream4_ether$4_14)
09-18 08:55:50.884   331   331 D LibBpfLoader: Loaded relo section 41 (.relschedcls/tether_downstream4_ether$4_14)
09-18 08:55:50.885   331   331 D LibBpfLoader: Adding section 41 to cs list
09-18 08:55:50.885   331   331 D LibBpfLoader: Loaded code section 43 (schedcls_tether_upstream4_ether$4_14)
09-18 08:55:50.886   331   331 D LibBpfLoader: Loaded relo section 43 (.relschedcls/tether_upstream4_ether$4_14)
09-18 08:55:50.886   331   331 D LibBpfLoader: Adding section 43 to cs list
09-18 08:55:50.887   331   331 D LibBpfLoader: Loaded code section 45 (schedcls_tether_downstream4_rawip$stub)
09-18 08:55:50.888   331   331 D LibBpfLoader: Adding section 45 to cs list
09-18 08:55:50.888   331   331 D LibBpfLoader: Loaded code section 46 (schedcls_tether_upstream4_rawip$stub)
09-18 08:55:50.890   331   331 D LibBpfLoader: Adding section 46 to cs list
09-18 08:55:50.890   331   331 D LibBpfLoader: Loaded code section 47 (schedcls_tether_downstream4_ether$stub)
09-18 08:55:50.891   331   331 D LibBpfLoader: Adding section 47 to cs list
09-18 08:55:50.891   331   331 D LibBpfLoader: Loaded code section 48 (schedcls_tether_upstream4_ether$stub)
09-18 08:55:50.892   331   331 D LibBpfLoader: Adding section 48 to cs list
09-18 08:55:50.893   331   331 D LibBpfLoader: Loaded code section 49 (xdp_tether_downstream_ether)
09-18 08:55:50.894   331   331 D LibBpfLoader: Adding section 49 to cs list
09-18 08:55:50.894   331   331 D LibBpfLoader: Loaded code section 50 (xdp_tether_downstream_rawip)
09-18 08:55:50.895   331   331 D LibBpfLoader: Adding section 50 to cs list
09-18 08:55:50.896   331   331 D LibBpfLoader: Loaded code section 51 (xdp_tether_upstream_ether)
09-18 08:55:50.897   331   331 D LibBpfLoader: Adding section 51 to cs list
09-18 08:55:50.897   331   331 D LibBpfLoader: Loaded code section 52 (xdp_tether_upstream_rawip)
09-18 08:55:50.900   331   331 D LibBpfLoader: Adding section 52 to cs list
09-18 08:55:50.902   331   331 D LibBpfLoader: bpf_create_map name tether_error_map, ret: 7
09-18 08:55:50.902   331   331 D LibBpfLoader: bpf_create_map name tether_stats_map, ret: 8
09-18 08:55:50.902   331   331 D LibBpfLoader: bpf_create_map name tether_limit_map, ret: 9
09-18 08:55:50.902   331   331 D LibBpfLoader: bpf_create_map name tether_downstream6_map, ret: 10
