09-18 08:55:52.141   357   357 D HostConnection: HostConnection::get() New Host Connection established 0x7faea60f4a90, tid 357
09-18 08:55:52.141   357   357 D goldfish-address-space: allocate: Ask for block of size 0x100
09-18 08:55:52.141   357   357 D goldfish-address-space: allocate: ioctl allocate returned offset 0x3ffffe000 size 0x2000
09-18 08:55:52.120     0     0 I init    : processing action (ro.dalvik.vm.isa.arm64=x86_64 && ro.enable.native.bridge.exec=1) from (/system/etc/init/ndk_translation.rc:9)
09-18 08:55:52.127     0     0 I init    : starting service 'mdnsd'...
09-18 08:55:52.144   335   335 D AndroidRuntime: >>>>>> START com.android.internal.os.ZygoteInit uid 0 <<<<<<
09-18 08:55:52.146   357   357 I RanchuHwc: registerCallback hotplug connecting display:0
09-18 08:55:52.128     0     0 I init    : Created socket '/dev/socket/mdnsd', mode 660, user 1020, group 3003
09-18 08:55:52.146   426   426 I SurfaceFlinger: onComposerHalHotplug(0, connected)
09-18 08:55:52.146   426   426 I HWComposer: Switching to generalized multi-display mode
09-18 08:55:52.150   426   426 E HWComposer: getDisplayConnectionType: getDisplayConnectionType failed for display 4619827259835644672: Unsupported (8)
09-18 08:55:52.152   335   335 I AndroidRuntime: Using default boot image
09-18 08:55:52.152   335   335 I AndroidRuntime: Leaving lock profiling enabled
09-18 08:55:52.152   426   453 W EventThread: Ignoring VSYNC request while display is disconnected
09-18 08:55:52.155   426   453 W EventThread: Ignoring VSYNC request while display is disconnected
09-18 08:55:52.155   426   454 W EventThread: Ignoring VSYNC request while display is disconnected
09-18 08:55:52.156   426   453 W EventThread: Ignoring VSYNC request while display is disconnected
09-18 08:55:52.156   426   453 W EventThread: Ignoring VSYNC request while display is disconnected
09-18 08:55:52.156   426   426 W HwcComposer: getPerFrameMetadataKeys failed with 8
09-18 08:55:52.156   193   193 I hwservicemanager: getTransport: Cannot find entry android.hardware.graphics.mapper@4.0::IMapper/default in either framework or device VINTF manifest.
09-18 08:55:52.157   426   426 I Gralloc4: mapper 4.x is not supported
09-18 08:55:52.158   426   426 D HostConnection: createUnique: call
09-18 08:55:52.159   426   426 D HostConnection: HostConnection::get() New Host Connection established 0x7e9234dee1d0, tid 426
09-18 08:55:52.160   426   426 D goldfish-address-space: allocate: Ask for block of size 0x100
09-18 08:55:52.160   426   426 D goldfish-address-space: allocate: ioctl allocate returned offset 0x3ffffe000 size 0x2000
09-18 08:55:52.165   193   193 I hwservicemanager: getTransport: Cannot find entry android.hardware.graphics.allocator@4.0::IAllocator/default in either framework or device VINTF manifest.
09-18 08:55:52.165   426   426 W Gralloc4: allocator 4.x is not supported
09-18 08:55:52.146     0     0 I init    : Control message: Processed ctl.start for 'mdnsd' from pid: 438 (/apex/com.android.adbd/bin/adbd --root_seclabel=u:r:su:s0)
09-18 08:55:52.167   356   391 D goldfish-address-space: claimShared: Ask to claim region [0x3fc9a2000 0x3fd346000]
09-18 08:55:52.168   335   335 I zygote64: option[0]=-Xzygote
09-18 08:55:52.168   335   335 I zygote64: option[1]=exit
09-18 08:55:52.168   335   335 I zygote64: option[2]=vfprintf
09-18 08:55:52.168   335   335 I zygote64: option[3]=sensitiveThread
09-18 08:55:52.168   335   335 I zygote64: option[4]=-verbose:gc
09-18 08:55:52.168   335   335 I zygote64: option[5]=-XX:PerfettoHprof=true
09-18 08:55:52.169   335   335 I zygote64: option[6]=-XX:PerfettoJavaHeapStackProf=true
09-18 08:55:52.169   335   335 I zygote64: option[7]=-Xprimaryzygote
09-18 08:55:52.169   335   335 I zygote64: option[8]=-Xms8m
09-18 08:55:52.169   335   335 I zygote64: option[9]=-Xmx576m
09-18 08:55:52.169   335   335 I zygote64: option[10]=-XX:HeapGrowthLimit=192m
09-18 08:55:52.169   335   335 I zygote64: option[11]=-XX:HeapMinFree=512k
09-18 08:55:52.169   335   335 I zygote64: option[12]=-XX:HeapMaxFree=8m
09-18 08:55:52.169   335   335 I zygote64: option[13]=-XX:HeapTargetUtilization=0.75
09-18 08:55:52.169   335   335 I zygote64: option[14]=-Xusejit:true
09-18 08:55:52.169   335   335 I zygote64: option[15]=-Xjitsaveprofilinginfo
09-18 08:55:52.170   335   335 I zygote64: option[16]=-XMadviseWillNeedVdexFileSize:104857600
09-18 08:55:52.170   335   335 I zygote64: option[17]=-XMadviseWillNeedOdexFileSize:104857600
09-18 08:55:52.170   335   335 I zygote64: option[18]=-XMadviseWillNeedArtFileSize:4294967295
09-18 08:55:52.170   335   335 I zygote64: option[19]=-XjdwpOptions:suspend=n,server=y
09-18 08:55:52.170   335   335 I zygote64: option[20]=-XjdwpProvider:default
09-18 08:55:52.170   335   335 I zygote64: option[21]=-Xopaque-jni-ids:swapable
09-18 08:55:52.170   335   335 I zygote64: option[22]=-Xlockprofthreshold:500
09-18 08:55:52.170   335   335 I zygote64: option[23]=-Xcompiler-option
09-18 08:55:52.170   335   335 I zygote64: option[24]=--instruction-set-variant=x86_64
09-18 08:55:52.170   335   335 I zygote64: option[25]=-Xcompiler-option
09-18 08:55:52.170   335   335 I zygote64: option[26]=--instruction-set-features=default
09-18 08:55:52.171   335   335 I zygote64: option[27]=-Xcompiler-option
09-18 08:55:52.171   335   335 I zygote64: option[28]=--generate-mini-debug-info
09-18 08:55:52.171   335   335 I zygote64: option[29]=-Ximage-compiler-option
09-18 08:55:52.171   335   335 I zygote64: option[30]=--runtime-arg
09-18 08:55:52.171   335   335 I zygote64: option[31]=-Ximage-compiler-option
09-18 08:55:52.171   335   335 I zygote64: option[32]=-Xms64m
09-18 08:55:52.171   335   335 I zygote64: option[33]=-Ximage-compiler-option
09-18 08:55:52.171   335   335 I zygote64: option[34]=--runtime-arg
09-18 08:55:52.171   335   335 I zygote64: option[35]=-Ximage-compiler-option
09-18 08:55:52.171   335   335 I zygote64: option[36]=-Xmx64m
09-18 08:55:52.171   335   335 I zygote64: option[37]=-Ximage-compiler-option
09-18 08:55:52.172   335   335 I zygote64: option[38]=--dirty-image-objects=/system/etc/dirty-image-objects
09-18 08:55:52.172   335   335 I zygote64: option[39]=-Ximage-compiler-option
09-18 08:55:52.172   335   335 I zygote64: option[40]=--instruction-set-variant=x86_64
09-18 08:55:52.172   335   335 I zygote64: option[41]=-Ximage-compiler-option
09-18 08:55:52.172   335   335 I zygote64: option[42]=--instruction-set-features=default
09-18 08:55:52.172   335   335 I zygote64: option[43]=-Ximage-compiler-option
09-18 08:55:52.172   335   335 I zygote64: option[44]=--generate-mini-debug-info
09-18 08:55:52.172   335   335 I zygote64: option[45]=-Duser.locale=uk-UA
09-18 08:55:52.172   335   335 I zygote64: option[46]=-XX:NativeBridge=libndk_translation.so
09-18 08:55:52.172   335   335 I zygote64: option[47]=--cpu-abilist=x86_64,arm64-v8a
09-18 08:55:52.172   335   335 I zygote64: option[48]=-Xcore-platform-api-policy:just-warn
09-18 08:55:52.173   335   335 I zygote64: option[49]=-Xfingerprint:google/sdk_gphone64_x86_64/emulator64_x86_64_arm64:12/SE1A.220826.006.A1/10064458:userdebug/dev-keys
09-18 08:55:52.173   426   426 D HostConnection: HostComposition ext ANDROID_EMU_CHECKSUM_HELPER_v1 ANDROID_EMU_native_sync_v2 ANDROID_EMU_native_sync_v3 ANDROID_EMU_native_sync_v4 ANDROID_EMU_dma_v1 ANDROID_EMU_direct_mem ANDROID_EMU_vulkan ANDROID_EMU_deferred_vulkan_commands ANDROID_EMU_vulkan_null_optional_strings ANDROID_EMU_vulkan_create_resources_with_requirements ANDROID_EMU_YUV_Cache ANDROID_EMU_vulkan_ignored_handles ANDROID_EMU_has_shared_slots_host_memory_allocator ANDROID_EMU_vulkan_free_memory_sync ANDROID_EMU_vulkan_shader_float16_int8 ANDROID_EMU_vulkan_async_queue_submit ANDROID_EMU_vulkan_queue_submit_with_commands ANDROID_EMU_sync_buffer_data ANDROID_EMU_vulkan_async_qsri ANDROID_EMU_read_color_buffer_dma GL_OES_EGL_image_external_essl3 GL_OES_vertex_array_object GL_KHR_texture_compression_astc_ldr ANDROID_EMU_host_side_tracing ANDROID_EMU_gles_max_version_3_1 
09-18 08:55:52.174   356   391 D goldfish-address-space: claimShared: Ask to claim region [0x3fd346000 0x3fdcea000]
09-18 08:55:52.174   426   426 I SurfaceFlinger: Dispatching display hotplug event displayId=4619827259835644672, connected=1
09-18 08:55:52.175   426   457 W SurfaceFlinger: Failed to set thread name on dispatch thread
09-18 08:55:52.178   356   391 D goldfish-address-space: claimShared: Ask to claim region [0x3fdcea000 0x3fdcfa000]
09-18 08:55:52.181   426   426 I HidlServiceManagement: Registered android.frameworks.displayservice@1.0::IDisplayService/default
09-18 08:55:52.181   426   426 D SurfaceFlinger: Setting power mode 2 on display 4619827259835644672
09-18 08:55:52.182   426   426 D SurfaceFlinger: Finished setting power mode 2 on display 4619827259835644672
09-18 08:55:52.162     0     0 I init    : processing action (debug.atrace.user_initiated= && persist.traced.enable=1) from (/system/etc/init/perfetto.rc:47)
09-18 08:55:52.166     0     0 I init    : starting service 'traced_probes'...
09-18 08:55:52.168     0     0 I init    : Opened file '/dev/kmsg', flags 1
09-18 08:55:52.185   356   391 D goldfish-address-space: claimShared: Ask to claim region [0x3fdcfa000 0x3fdd0a000]
09-18 08:55:52.175     0     0 I init    : starting service 'bootanim'...
09-18 08:55:52.186     0     0 I init    : Control message: Processed ctl.start for 'bootanim' from pid: 426 (/system/bin/surfaceflinger)
09-18 08:55:52.189     0     0 I init    : processing action (persist.traced.enable=1) from (/system/etc/init/perfetto.rc:50)
09-18 08:55:52.191     0     0 I init    : starting service 'traced'...
09-18 08:55:52.210   459   459 I perfetto: probes.cc:84            Starting /system/bin/traced_probes service
09-18 08:55:52.193     0     0 I init    : Created socket '/dev/socket/traced_consumer', mode 666, user 0, group 0
09-18 08:55:52.195     0     0 I init    : Created socket '/dev/socket/traced_producer', mode 666, user 0, group 0
09-18 08:55:52.212   459   462 I perfetto: _activity_trigger.cc:71 mm_events ftrace instance not found. Triggering of traces on memory pressure will not be available on this device.
09-18 08:55:52.212   335   335 I zygote64: Core platform API reporting enabled, enforcing=false
09-18 08:55:52.213   459   459 I perfetto: probes_producer.cc:129  Disconnected from tracing service
09-18 08:55:52.203     0     0 I init    : processing action (persist.traced_perf.enable= && sys.init.perf_lsm_hooks=1 && traced.lazy.traced_perf=) from (/system/etc/init/traced_perf.rc:43)
09-18 08:55:52.209     0     0 I init    : processing action (init.svc.qemu-adb-keys=stopped) from (/system_ext/etc/init/init.system_ext.rc:1)
09-18 08:55:52.213     0     0 I init    : starting service 'qemu-adb-setup'...
09-18 08:55:52.229   463   463 W perfetto: service.cc:207          Started traced, listening on /dev/socket/traced_producer /dev/socket/traced_consumer
09-18 08:55:52.231     0     0 I init    : processing action (nonencrypted) from (/system/etc/init/hw/init.rc:1100)
09-18 08:55:52.231     0     0 W qemu-adb-setup: /data/misc/adb/adb_keys exists. Skipping qemu adb setup
09-18 08:55:52.233     0     0 I init    : starting service 'goldfish-logcat'...
09-18 08:55:52.247     0     0 I init    : starting service 'bt_vhci_forwarder'...
09-18 08:55:52.255     0     0 I init    : starting service 'cameraserver'...
09-18 08:55:52.255     0     0 I logd    : logdr: UID=1036 GID=0 PID=466 b tail=0 logMask=99 pid=0 start=0ns deadline=0ns
09-18 08:55:52.266     0     0 I init    : starting service 'idmap2d'...
09-18 08:55:52.283     0     0 I init    : starting service 'incidentd'...
09-18 08:55:52.293     0     0 I init    : starting service 'installd'...
09-18 08:55:52.301     0     0 I init    : starting service 'mediaextractor'...
09-18 08:55:52.310     0     0 I init    : starting service 'mediametrics'...
09-18 08:55:52.324     0     0 I init    : starting service 'media'...
09-18 08:55:52.355   472   472 I installd: installd firing up
09-18 08:55:52.338     0     0 I init    : starting service 'storaged'...
09-18 08:55:52.340     0     0 I init    : Could not open file '/d/mmc0/mmc0:0001/ext_csd': Failed to open file '/d/mmc0/mmc0:0001/ext_csd': No such file or directory
09-18 08:55:52.369   460   460 D BootAnimation: BootAnimationStartTiming start time: 15215ms
09-18 08:55:52.370   460   460 D BootAnimation: BootAnimationPreloadTiming start time: 15216ms
09-18 08:55:52.359     0     0 I init    : starting service 'wificond'...
09-18 08:55:52.376     0     0 I init    : starting service 'vendor.ril-daemon'...
09-18 08:55:52.385     0     0 E init    : Could not start service 'vendor_flash_recovery' as part of class 'main': Cannot find '/vendor/bin/install-recovery.sh': No such file or directory
09-18 08:55:52.395     0     0 I init    : starting service 'media.swcodec'...
09-18 08:55:52.418   459   459 I perfetto: probes_producer.cc:112  Connected to the service
09-18 08:55:52.425   481   481 I ServiceManager: Waiting for service 'package_native' on '/dev/binder'...
09-18 08:55:52.428   473   473 I main_extractorservice: enable media.extractor memory limits
09-18 08:55:52.428   473   473 V MediaUtils: physMem: 4106850304
09-18 08:55:52.428   473   473 V MediaUtils: requested limit: 821370060
09-18 08:55:52.429   473   473 I libc    : malloc_limit: Allocation limit enabled, max size 821370060 bytes
09-18 08:55:52.409     0     0 I init    : Command 'class_start main' action=nonencrypted (/system/etc/init/hw/init.rc:1101) took 175ms and succeeded
09-18 08:55:52.415     0     0 I init    : Service 'qemu-adb-setup' (pid 465) exited with status 0 oneshot service took 0.192000 seconds in background
09-18 08:55:52.436   473   473 W mediaextractor: Could not read additional policy file '/vendor/etc/seccomp_policy/mediaextractor.policy'
09-18 08:55:52.437   473   473 W mediaextractor: libminijail[473]: failed to get path of fd 5: No such file or directory
09-18 08:55:52.437   473   473 W mediaextractor: libminijail[473]: allowing syscall: socket
09-18 08:55:52.437   473   473 W mediaextractor: libminijail[473]: allowing syscall: connect
09-18 08:55:52.437   473   473 W mediaextractor: libminijail[473]: allowing syscall: fcntl
09-18 08:55:52.437   473   473 W mediaextractor: libminijail[473]: allowing syscall: writev
09-18 08:55:52.437   473   473 W mediaextractor: libminijail[473]: compile_file: <fd>(48): syscall readlinkat redefined here
09-18 08:55:52.438   473   473 W mediaextractor: libminijail[473]: compile_file: <fd>(43): previous definition here
09-18 08:55:52.438   473   473 W mediaextractor: libminijail[473]: compile_file: <fd>(54): syscall gettid redefined here
09-18 08:55:52.438   473   473 W mediaextractor: libminijail[473]: compile_file: <fd>(51): previous definition here
09-18 08:55:52.439   474   474 V MediaUtils: physMem: 4106850304
09-18 08:55:52.439   474   474 V MediaUtils: requested limit: 134217728
09-18 08:55:52.439   474   474 I libc    : malloc_limit: Allocation limit enabled, max size 134217728 bytes
09-18 08:55:52.441   473   473 W mediaextractor: libminijail[473]: compile_file: /apex/com.android.media/etc/seccomp_policy/crash_dump.x86_64.policy(1): syscall read redefined here
09-18 08:55:52.441   473   473 W mediaextractor: libminijail[473]: compile_file: <fd>(19): previous definition here
09-18 08:55:52.441   473   473 W mediaextractor: libminijail[473]: compile_file: /apex/com.android.media/etc/seccomp_policy/crash_dump.x86_64.policy(2): syscall write redefined here
09-18 08:55:52.441   473   473 W mediaextractor: libminijail[473]: compile_file: <fd>(6): previous definition here
09-18 08:55:52.441   473   473 W mediaextractor: libminijail[473]: compile_file: /apex/com.android.media/etc/seccomp_policy/crash_dump.x86_64.policy(3): syscall exit redefined here
09-18 08:55:52.441   473   473 W mediaextractor: libminijail[473]: compile_file: <fd>(29): previous definition here
09-18 08:55:52.441   473   473 W mediaextractor: libminijail[473]: compile_file: /apex/com.android.media/etc/seccomp_policy/crash_dump.x86_64.policy(4): syscall rt_sigreturn redefined here
09-18 08:55:52.441   473   473 W mediaextractor: libminijail[473]: compile_file: <fd>(31): previous definition here
09-18 08:55:52.442   473   473 W mediaextractor: libminijail[473]: compile_file: /apex/com.android.media/etc/seccomp_policy/crash_dump.x86_64.policy(5): syscall exit_group redefined here
09-18 08:55:52.442   473   473 W mediaextractor: libminijail[473]: compile_file: <fd>(30): previous definition here
09-18 08:55:52.442   473   473 W mediaextractor: libminijail[473]: compile_file: /apex/com.android.media/etc/seccomp_policy/crash_dump.x86_64.policy(6): syscall clock_gettime redefined here
09-18 08:55:52.442   473   473 W mediaextractor: libminijail[473]: compile_file: <fd>(15): previous definition here
09-18 08:55:52.442   473   473 W mediaextractor: libminijail[473]: compile_file: /apex/com.android.media/etc/seccomp_policy/crash_dump.x86_64.policy(8): syscall futex redefined here
09-18 08:55:52.442   473   473 W mediaextractor: libminijail[473]: compile_file: <fd>(4): previous definition here
09-18 08:55:52.442   473   473 W mediaextractor: libminijail[473]: compile_file: /apex/com.android.media/etc/seccomp_policy/crash_dump.x86_64.policy(9): syscall getrandom redefined here
09-18 08:55:52.442   473   473 W mediaextractor: libminijail[473]: compile_file: <fd>(36): previous definition here
09-18 08:55:52.442   473   473 W mediaextractor: libminijail[473]: compile_file: /apex/com.android.media/etc/seccomp_policy/crash_dump.x86_64.policy(10): syscall getpid redefined here
09-18 08:55:52.442   473   473 W mediaextractor: libminijail[473]: compile_file: <fd>(53): previous definition here
09-18 08:55:52.443   473   473 W mediaextractor: libminijail[473]: compile_file: /apex/com.android.media/etc/seccomp_policy/crash_dump.x86_64.policy(11): syscall gettid redefined here
09-18 08:55:52.443   473   473 W mediaextractor: libminijail[473]: compile_file: <fd>(51): previous definition here
09-18 08:55:52.443   473   473 W mediaextractor: libminijail[473]: compile_file: /apex/com.android.media/etc/seccomp_policy/crash_dump.x86_64.policy(14): syscall openat redefined here
09-18 08:55:52.424     0     0 I init    : Sending signal 9 to service 'qemu-adb-setup' (pid 465) process group...
09-18 08:55:52.427     0     0 I libprocessgroup: Successfully killed process cgroup uid 0 pid 465 in 0ms
09-18 08:55:52.443   473   473 W mediaextractor: libminijail[473]: compile_file: <fd>(13): previous definition here
09-18 08:55:52.443   473   473 W mediaextractor: libminijail[473]: compile_file: /apex/com.android.media/etc/seccomp_policy/crash_dump.x86_64.policy(15): syscall dup redefined here
09-18 08:55:52.443   473   473 W mediaextractor: libminijail[473]: compile_file: <fd>(9): previous definition here
09-18 08:55:52.443   473   473 W mediaextractor: libminijail[473]: compile_file: /apex/com.android.media/etc/seccomp_policy/crash_dump.x86_64.policy(16): syscall close redefined here
09-18 08:55:52.443   473   473 W mediaextractor: libminijail[473]: compile_file: <fd>(8): previous definition here
09-18 08:55:52.443   473   473 W mediaextractor: libminijail[473]: compile_file: /apex/com.android.media/etc/seccomp_policy/crash_dump.x86_64.policy(17): syscall lseek redefined here
09-18 08:55:52.443   473   473 W mediaextractor: libminijail[473]: compile_file: <fd>(20): previous definition here
09-18 08:55:52.444   473   473 W mediaextractor: libminijail[473]: compile_file: /apex/com.android.media/etc/seccomp_policy/crash_dump.x86_64.policy(18): syscall getdents64 redefined here
09-18 08:55:52.444   473   473 W mediaextractor: libminijail[473]: compile_file: <fd>(42): previous definition here
09-18 08:55:52.444   473   473 W mediaextractor: libminijail[473]: compile_file: /apex/com.android.media/etc/seccomp_policy/crash_dump.x86_64.policy(19): syscall faccessat redefined here
09-18 08:55:52.444   473   473 W mediaextractor: libminijail[473]: compile_file: <fd>(32): previous definition here
09-18 08:55:52.444   473   473 W mediaextractor: libminijail[473]: compile_file: /apex/com.android.media/etc/seccomp_policy/crash_dump.x86_64.policy(27): syscall prctl redefined here
09-18 08:55:52.445   473   473 W mediaextractor: libminijail[473]: compile_file: <fd>(5): previous definition here
09-18 08:55:52.446   474   474 D AudioPowerUsage: AudioPowerUsage
09-18 08:55:52.446   474   474 D AudioAnalytics: AudioAnalytics
09-18 08:55:52.447   474   474 D MediaMetricsService: MediaMetricsService
09-18 08:55:52.448   473   473 W mediaextractor: libminijail[473]: compile_file: /apex/com.android.media/etc/seccomp_policy/crash_dump.x86_64.policy(28): syscall madvise redefined here
09-18 08:55:52.448   473   473 W mediaextractor: libminijail[473]: compile_file: <fd>(12): previous definition here
09-18 08:55:52.450   473   473 W mediaextractor: libminijail[473]: compile_file: /apex/com.android.media/etc/seccomp_policy/crash_dump.x86_64.policy(29): syscall mprotect redefined here
09-18 08:55:52.451   473   473 W mediaextractor: libminijail[473]: compile_file: <fd>(18): previous definition here
09-18 08:55:52.452   473   473 W mediaextractor: libminijail[473]: compile_file: /apex/com.android.media/etc/seccomp_policy/crash_dump.x86_64.policy(30): syscall munmap redefined here
09-18 08:55:52.452   473   473 W mediaextractor: libminijail[473]: compile_file: <fd>(10): previous definition here
09-18 08:55:52.453   473   473 W mediaextractor: libminijail[473]: compile_file: /apex/com.android.media/etc/seccomp_policy/crash_dump.x86_64.policy(31): syscall getuid redefined here
09-18 08:55:52.453   473   473 W mediaextractor: libminijail[473]: compile_file: <fd>(22): previous definition here
09-18 08:55:52.453   473   473 W mediaextractor: libminijail[473]: compile_file: /apex/com.android.media/etc/seccomp_policy/crash_dump.x86_64.policy(32): syscall fstat redefined here
09-18 08:55:52.453   473   473 W mediaextractor: libminijail[473]: compile_file: <fd>(25): previous definition here
09-18 08:55:52.453   473   473 W mediaextractor: libminijail[473]: compile_file: /apex/com.android.media/etc/seccomp_policy/crash_dump.x86_64.policy(33): syscall mmap redefined here
09-18 08:55:52.454   473   473 W mediaextractor: libminijail[473]: compile_file: <fd>(11): previous definition here
09-18 08:55:52.455   473   473 W mediaextractor: libminijail[473]: logging seccomp filter failures
09-18 08:55:52.445     0     0 I init    : starting service 'gatekeeperd'...
09-18 08:55:52.472   483   483 I wificond: wificond is starting up...
09-18 08:55:52.480   483   483 I HidlServiceManagement: Registered android.system.wifi.keystore@1.0::IKeystore/default
09-18 08:55:52.472     0     0 I init    : starting service 'usbd'...
09-18 08:55:52.517   419   419 I ServiceManager: Waiting for service 'media.metrics' on '/dev/binder' successful after waiting 519ms
09-18 08:55:52.517   419   419 I AudioFlinger: Using default 3000 mSec as standby time.
09-18 08:55:52.519   474   487 I ServiceManager: Waiting for service 'package_native' on '/dev/binder'...
09-18 08:55:52.486     0     0 I init    : starting service 'vendor.face-hal-1-0-default'...
09-18 08:55:52.522   356   391 D goldfish-address-space: claimShared: Ask to claim region [0x3fdd0a000 0x3fdd1a000]
09-18 08:55:52.528   356   391 D goldfish-address-space: claimShared: Ask to claim region [0x3fdd1a000 0x3fdd3a000]
09-18 08:55:52.518     0     0 I init    : starting service 'vendor.fps_hal'...
09-18 08:55:52.536   193   193 I hwservicemanager: getTransport: Cannot find entry android.hardware.usb.gadget@1.0::IUsbGadget/default in either framework or device VINTF manifest.
09-18 08:55:52.536   488   488 I gatekeeperd: Starting gatekeeperd...
09-18 08:55:52.539   490   490 I usbd    : Usb HAL not found
09-18 08:55:52.531     0     0 I init    : Command 'class_start late_start' action=nonencrypted (/system/etc/init/hw/init.rc:1102) took 86ms and succeeded
09-18 08:55:52.537     0     0 I init    : Service 'usbd' (pid 490) exited with status 0 oneshot service took 0.062000 seconds in background
09-18 08:55:52.570   494   494 D android.hardware.biometrics.fingerprint@2.1-service: Opening fingerprint hal library...
09-18 08:55:52.553     0     0 I init    : Sending signal 9 to service 'usbd' (pid 490) process group...
09-18 08:55:52.580   494   494 D FingerprintHal: ----------------> fingerprint_open ----------------->
09-18 08:55:52.581   494   494 D FingerprintHal: ----------------> set_notify_callback ----------------->
09-18 08:55:52.581   494   495 D FingerprintHal: ----------------> listenerFunction ----------------->
09-18 08:55:52.581   494   494 D FingerprintHal: fingerprint callback notification set
09-18 08:55:52.579   491   491 I android.hardware.biometrics.face@1.0-service: BiometricsFace HAL is being started.
09-18 08:55:52.570     0     0 I libprocessgroup: Successfully killed process cgroup uid 0 pid 490 in 0ms
09-18 08:55:52.590   438   496 I adbd    : host-19: read thread spawning
09-18 08:55:52.590   494   494 I HidlServiceManagement: Registered android.hardware.biometrics.fingerprint@2.1::IBiometricsFingerprint/default
09-18 08:55:52.590   494   494 I HidlServiceManagement: Removing namespace from process name android.hardware.biometrics.fingerprint@2.1-service to fingerprint@2.1-service.
09-18 08:55:52.591   491   491 I HidlServiceManagement: Registered android.hardware.biometrics.face@1.0::IBiometricsFace/default
09-18 08:55:52.592   491   491 I HidlServiceManagement: Removing namespace from process name android.hardware.biometrics.face@1.0-service.example to face@1.0-service.example.
09-18 08:55:52.592   491   491 I android.hardware.biometrics.face@1.0-service: BiometricsFace HAL has started successfully.
09-18 08:55:52.596   438   497 I adbd    : host-19: write thread spawning
09-18 08:55:52.584     0     0 I init    : processing action (llk.enable=1) from (/system/etc/init/llkd.rc:9)
09-18 08:55:52.604   438   498 I adbd    : host-20: read thread spawning
09-18 08:55:52.604   438   499 I adbd    : host-20: write thread spawning
09-18 08:55:52.605   438   438 I adbd    : host-20: already offline
09-18 08:55:52.605   438   438 I adbd    : authentication not required
09-18 08:55:52.592     0     0 I init    : processing action (khungtask.enable=1) from (/system/etc/init/llkd.rc:18)
09-18 08:55:52.602     0     0 I init    : processing action (llk.enable=0) from (/system/etc/init/llkd.rc:12)
09-18 08:55:52.614     0     0 I init    : processing action (khungtask.enable=0) from (/system/etc/init/llkd.rc:21)
09-18 08:55:52.635     0     0 I init    : processing action (init.svc.media=*) from (/system/etc/init/mediaserver.rc:1)
09-18 08:55:52.643     0     0 I init    : processing action (llk.enable=true) from (/system/etc/init/llkd.rc:34)
09-18 08:55:52.663   484   484 I HidlServiceManagement: Registered android.hardware.radio@1.6::IRadio/slot1
09-18 08:55:52.646     0     0 I init    : starting service 'llkd-1'...
09-18 08:55:52.647     0     0 I init    : Opened file '/dev/kmsg', flags 1
09-18 08:55:52.650     0     0 I init    : Opened file '/proc/sysrq-trigger', flags 1
09-18 08:55:52.670   484   484 I HidlServiceManagement: Registered android.hardware.radio.config@1.3::IRadioConfig/default
09-18 08:55:52.670   473   473 I MediaExtractorFactory: plugin directory not present (/system/lib64/extractors)
09-18 08:55:52.670   473   473 I MediaExtractorFactory: plugin directory not present (/system_ext/lib64/extractors)
09-18 08:55:52.682   419   419 D APM_EngineLoader: Loaded engine from libaudiopolicyenginedefault.so
09-18 08:55:52.665     0     0 I init    : processing action (khungtask.enable=true) from (/system/etc/init/llkd.rc:25)
09-18 08:55:52.670     0     0 I init    : processing action (khungtask.enable=false) from (/system/etc/init/llkd.rc:31)
09-18 08:55:52.672     0     0 I init    : processing action (init.svc.mediadrm=running) from (/vendor/etc/init/android.hardware.drm@1.4-service.widevine.rc:1)
09-18 08:55:52.692   419   419 D APM::AudioPolicyEngine/Base: loadAudioPolicyEngineConfig: No configuration found, using default matching phone experience.
09-18 08:55:52.707   509   509 I livelock: started
09-18 08:55:52.707   509   509 W livelock: [khungtaskd] not configurable
09-18 08:55:52.708   509   509 I livelock: ro.config.low_ram=false
09-18 08:55:52.708   509   509 I livelock: ro.llk.sysrq_t=true
09-18 08:55:52.708   509   509 I livelock: ro.llk.enable=true
09-18 08:55:52.708   509   509 I livelock: ro.khungtask.enable=true
09-18 08:55:52.708   509   509 I livelock: ro.llk.mlockall=true
09-18 08:55:52.708   509   509 I livelock: ro.llk.killtest=true
09-18 08:55:52.708   509   509 I livelock: ro.khungtask.timeout=720s
09-18 08:55:52.708   509   509 I livelock: ro.llk.timeout_ms=600.000s
09-18 08:55:52.708   509   509 I livelock: ro.llk.D.timeout_ms=600.000s
09-18 08:55:52.708   509   509 I livelock: ro.llk.Z.timeout_ms=600.000s
09-18 08:55:52.708   509   509 I livelock: ro.llk.stack.timeout_ms=600.000s
09-18 08:55:52.708   509   509 I livelock: ro.llk.check_ms=120.000s
09-18 08:55:52.708   509   509 I livelock: ro.llk.stack=wait_on_page_bit_killable,bit_wait_io,__get_user_pages,cma_alloc
09-18 08:55:52.708   509   509 I livelock: ro.llk.ignorelist.process.stack=apexd,ueventd,keystore2,llkd,lmkd.llkd,keystore,init
09-18 08:55:52.708   509   509 I livelock: ro.llk.ignorelist.process=[watchdog/3],[watchdog/2],[watchdog/1],watchdogd,llkd,lmkd,[khungtaskd],[kthreadd],init,[watchdogd/0],[watchdogd],2,1,509,0
09-18 08:55:52.708   509   509 I livelock: ro.llk.ignorelist.parent=[kthreadd],2,0,adbd&[setsid]
09-18 08:55:52.708   509   509 I livelock: ro.llk.ignorelist.uid=
09-18 08:55:52.711   419   419 W APM::AudioPolicyEngine/Base: loadAudioPolicyEngineConfig: No configuration of AUDIO_STREAM_CALL_ASSISTANT found, using default volume configuration
09-18 08:55:52.715   419   419 I AudioFlinger: loadHwModule() Loaded primary audio interface, handle 10
09-18 08:55:52.715   419   419 I AudioFlinger: openOutput() this 0x7c2c76dfa0a0, module 10 Device type:0x2,@:, SamplingRate 44100, Format 0x000001, Channels 0x3, flags 0x2
09-18 08:55:52.722   419   419 I AudioFlinger: HAL output buffer size 976 frames, normal sink buffer size 976 frames
09-18 08:55:52.725   193   193 I hwservicemanager: getTransport: Cannot find entry android.hardware.audio.effect@7.0::IEffectsFactory/default in either framework or device VINTF manifest.
09-18 08:55:52.758   477   477 I mediaserver: ServiceManager: 0x7646c7f18330
09-18 08:55:52.759   477   477 W BatteryNotifier: batterystats service unavailable!
09-18 08:55:52.761   477   477 W BatteryNotifier: batterystats service unavailable!
09-18 08:55:52.770   419   419 I BufferProvider: found effect "Multichannel Downmix To Stereo" from The Android Open Source Project
09-18 08:55:52.778   340   382 E android.hardware.audio@6.0-impl.ranchu: device/generic/goldfish/audio/stream_out.cpp:setEventCallback:469 failure: Result::NOT_SUPPORTED
09-18 08:55:52.779   419   419 D AudioFlinger: Failed to add event callback
09-18 08:55:52.782   468   468 I cameraserver: ServiceManager: 0x70542f808b80
09-18 08:55:52.786   468   468 I CameraService: CameraService started (pid=468)
09-18 08:55:52.786   468   468 I CameraService: CameraService process starting
09-18 08:55:52.787   419   516 I AudioFlinger: AudioFlinger's thread 0x7c2e12373a70 tid=516 ready to run
09-18 08:55:52.787   468   468 W BatteryNotifier: batterystats service unavailable!
09-18 08:55:52.788   468   468 W BatteryNotifier: batterystats service unavailable!
09-18 08:55:52.788   419   516 W AudioFlinger: no wake lock to update, system not ready yet
09-18 08:55:52.789   419   516 D AudioFlinger: ro.audio.silent is ignored since no output device is set
09-18 08:55:52.789   340   340 E android.hardware.audio@6.0-impl.ranchu: device/generic/goldfish/audio/stream_out.cpp:getPresentationPosition:501 failure: Result::INVALID_STATE
09-18 08:55:52.790   340   382 E android.hardware.audio@6.0-impl.ranchu: device/generic/goldfish/audio/primary_device.cpp:getParameters:234 failure: Result::NOT_SUPPORTED
09-18 08:55:52.791   468   468 I CameraProviderManager: Connecting to new camera provider: internal/0, isRemote? 1
09-18 08:55:52.795   419   516 W AudioFlinger: no wake lock to update, system not ready yet
09-18 08:55:52.796   419   516 D AudioFlinger: ro.audio.silent is ignored since no output device is set
09-18 08:55:52.799   419   419 V APM_AudioPolicyManager: checkAndSetVolume cannot set volume group 4 volume when isn ot requested for comm
09-18 08:55:52.800   468   468 I CameraProviderManager: Enumerating new camera device: device@3.7/internal/1
09-18 08:55:52.801   344   344 I EmulatedCameraDeviceHwlImpl: Create: Created EmulatedCameraDeviceHwlImpl for camera 1
09-18 08:55:52.802   344   344 D GCH_Utils: FindLibraryPaths: Unable to open directory /vendor/lib64/camera/capture_sessions/ (No such file or directory)
09-18 08:55:52.802   344   344 I GCH_CameraDevice: Create: Created a camera device for public(1)
09-18 08:55:52.803   344   344 W GCH_HalVendorTags: ModifyCharacteristicsKeys: failed to get ANDROID_REQUEST_AVAILABLE_SESSION_KEYS
09-18 08:55:52.806   468   468 E CameraProviderManager: addDynamicDepthTags: Advertised depth exclusive tag but value is not present!
09-18 08:55:52.806   468   468 E CameraProviderManager: DeviceInfo3: Failed appending dynamic depth tags: Invalid argument (-22)
09-18 08:55:52.808   344   344 W GCH_HalVendorTags: ModifyCharacteristicsKeys: failed to get ANDROID_REQUEST_AVAILABLE_SESSION_KEYS
09-18 08:55:52.811   419   419 W AudioFlinger: moveEffects() bad srcOutput 0
09-18 08:55:52.811   419   419 V APM_AudioPolicyManager: selectOutputForMusicEffects selected output 13
09-18 08:55:52.811   419   419 V APM_AudioPolicyManager: setOutputDevices device {type:0x2,@:} delayMs 0
09-18 08:55:52.811   419   419 V APM_AudioPolicyManager: setOutputDevices() prevDevice {type:0x2,@:}
09-18 08:55:52.811   344   344 W GCH_HalVendorTags: ModifyCharacteristicsKeys: failed to get ANDROID_REQUEST_AVAILABLE_SESSION_KEYS
09-18 08:55:52.812   419   419 V APM_AudioPolicyManager: setOutputDevices changing device to {type:0x2,@:}
09-18 08:55:52.813   468   468 I CameraProviderManager: Camera provider internal/0 ready with 1 camera devices
09-18 08:55:52.814   468   468 I CameraProviderManager: Connecting to new camera provider: legacy/0, isRemote? 1
09-18 08:55:52.820   468   468 I CameraProviderManager: Enumerating new camera device: device@3.3/legacy/0
09-18 08:55:52.821   419   419 V APM_AudioPolicyManager: setOutputDevices() AF::createAudioPatch returned 0 patchHandle 12 num_sources 1 num_sinks 1
09-18 08:55:52.826   468   468 E CameraProviderManager: DeviceInfo3: Converted ICameraDevice instance to nullptr
09-18 08:55:52.826   468   468 I CameraProviderManager: Camera provider legacy/0 ready with 1 camera devices
09-18 08:55:52.827   468   468 I CameraService: onDeviceStatusChanged: Status changed for cameraId=1, newStatus=1
09-18 08:55:52.827   468   517 W CameraProviderManager: addProviderLocked: Camera provider HAL with name 'internal/0' already registered
09-18 08:55:52.827   468   468 I CameraService: onDeviceStatusChanged: Unknown camera ID 1, a new camera is added
09-18 08:55:52.827   419   419 V APM_AudioPolicyManager: checkAndSetVolume cannot set volume group 4 volume when isn ot requested for comm
09-18 08:55:52.828   468   517 W CameraProviderManager: addProviderLocked: Camera provider HAL with name 'legacy/0' already registered
09-18 08:55:52.829   468   468 I CameraService: onDeviceStatusChanged: Status changed for cameraId=0, newStatus=1
09-18 08:55:52.829   468   468 I CameraService: onDeviceStatusChanged: Unknown camera ID 0, a new camera is added
09-18 08:55:52.829   468   468 I cameraserver: Waiting for activity service
09-18 08:55:52.853   419   419 I AudioFlinger: openOutput() this 0x7c2c76dfa0a0, module 10 Device type:0x10000,@:, SamplingRate 44100, Format 0x000001, Channels 0x3, flags 0
09-18 08:55:52.856   419   419 I AudioFlinger: HAL output buffer size 976 frames, normal sink buffer size 976 frames
09-18 08:55:52.858   340   382 E android.hardware.audio@6.0-impl.ranchu: device/generic/goldfish/audio/stream_out.cpp:setEventCallback:469 failure: Result::NOT_SUPPORTED
09-18 08:55:52.858   419   419 D AudioFlinger: Failed to add event callback
09-18 08:55:52.859   419   523 I AudioFlinger: AudioFlinger's thread 0x7c2e12323a70 tid=523 ready to run
09-18 08:55:52.860   419   523 W AudioFlinger: no wake lock to update, system not ready yet
09-18 08:55:52.860   419   523 D AudioFlinger: ro.audio.silent is ignored since no output device is set
09-18 08:55:52.860   340   382 E android.hardware.audio@6.0-impl.ranchu: device/generic/goldfish/audio/stream_out.cpp:getPresentationPosition:501 failure: Result::INVALID_STATE
09-18 08:55:52.861   340   340 E android.hardware.audio@6.0-impl.ranchu: device/generic/goldfish/audio/primary_device.cpp:getParameters:234 failure: Result::NOT_SUPPORTED
09-18 08:55:52.863   419   523 W AudioFlinger: no wake lock to update, system not ready yet
09-18 08:55:52.863   419   523 D AudioFlinger: ro.audio.silent is ignored since no output device is set
09-18 08:55:52.869   419   419 V APM_AudioPolicyManager: checkAndSetVolume cannot set volume group 4 volume when isn ot requested for comm
09-18 08:55:52.898   460   460 D BootAnimation: BootAnimationPreloadStopTiming start time: 15744ms
09-18 08:55:52.905   419   419 V APM_AudioPolicyManager: selectOutputForMusicEffects selected output 13
09-18 08:55:52.905   419   419 V APM_AudioPolicyManager: setOutputDevices device {type:0x10000,@:} delayMs 0
09-18 08:55:52.905   419   419 V APM_AudioPolicyManager: setOutputDevices() prevDevice {type:0x10000,@:}
09-18 08:55:52.907   419   419 V APM_AudioPolicyManager: setOutputDevices changing device to {type:0x10000,@:}
09-18 08:55:52.909   426   432 E HWComposer: getSupportedContentTypes: getSupportedContentTypes failed for display 4619827259835644672: Unsupported (8)
09-18 08:55:52.915   485   485 I mediaswcodec: media swcodec service starting
09-18 08:55:52.916   419   419 V APM_AudioPolicyManager: setOutputDevices() AF::createAudioPatch returned 0 patchHandle 20 num_sources 1 num_sinks 1
09-18 08:55:52.918   419   419 V APM_AudioPolicyManager: checkAndSetVolume cannot set volume group 4 volume when isn ot requested for comm
09-18 08:55:52.921   485   485 W mediaswcodec: Could not read additional policy file '/vendor/etc/seccomp_policy/mediaswcodec.policy'
09-18 08:55:52.921   485   485 W mediaswcodec: libminijail[485]: failed to get path of fd 5: No such file or directory
09-18 08:55:52.921   485   485 W mediaswcodec: libminijail[485]: allowing syscall: socket
09-18 08:55:52.921   485   485 W mediaswcodec: libminijail[485]: allowing syscall: connect
09-18 08:55:52.921   485   485 W mediaswcodec: libminijail[485]: allowing syscall: fcntl
09-18 08:55:52.921   485   485 W mediaswcodec: libminijail[485]: allowing syscall: writev
09-18 08:55:52.921   419   526 I AudioFlinger: AudioFlinger's thread 0x7c2e113bcc60 tid=526 ready to run
09-18 08:55:52.921   485   485 W mediaswcodec: libminijail[485]: compile_file: <fd>(20): nonexistent syscall 'getuid32'
09-18 08:55:52.921   485   485 W mediaswcodec: libminijail[485]: compile_file: <fd>(26): nonexistent syscall 'mmap2'
09-18 08:55:52.921   485   485 W mediaswcodec: libminijail[485]: compile_file: <fd>(28): nonexistent syscall 'fstat64'
09-18 08:55:52.921   419   526 W AudioFlinger: no wake lock to update, system not ready yet
09-18 08:55:52.921   485   485 W mediaswcodec: libminijail[485]: compile_file: <fd>(31): nonexistent syscall 'stat64'
09-18 08:55:52.921   485   485 W mediaswcodec: libminijail[485]: compile_file: <fd>(32): nonexistent syscall 'statfs64'
09-18 08:55:52.922   485   485 W mediaswcodec: libminijail[485]: compile_file: <fd>(34): nonexistent syscall 'fstatat64'
09-18 08:55:52.922   485   485 W mediaswcodec: libminijail[485]: compile_file: <fd>(39): nonexistent syscall '_llseek'
09-18 08:55:52.922   485   485 W mediaswcodec: libminijail[485]: compile_file: <fd>(48): nonexistent syscall 'ugetrlimit'
09-18 08:55:52.922   485   485 W mediaswcodec: libminijail[485]: compile_file: <fd>(51): nonexistent syscall '_llseek'
09-18 08:55:52.922   485   485 W mediaswcodec: libminijail[485]: compile_file: <fd>(52): nonexistent syscall 'fstatfs64'
09-18 08:55:52.922   485   485 W mediaswcodec: libminijail[485]: compile_file: <fd>(64): nonexistent syscall 'ftruncate64'
09-18 08:55:52.922   485   485 W mediaswcodec: libminijail[485]: compile_file: <fd>(70): syscall gettid redefined here
09-18 08:55:52.923   485   485 W mediaswcodec: libminijail[485]: compile_file: <fd>(67): previous definition here
09-18 08:55:52.924   485   485 W mediaswcodec: libminijail[485]: compile_file: /apex/com.android.media.swcodec/etc/seccomp_policy/crash_dump.x86_64.policy(1): syscall read redefined here
09-18 08:55:52.924   485   485 W mediaswcodec: libminijail[485]: compile_file: <fd>(15): previous definition here
09-18 08:55:52.924   485   485 W mediaswcodec: libminijail[485]: compile_file: /apex/com.android.media.swcodec/etc/seccomp_policy/crash_dump.x86_64.policy(2): syscall write redefined here
09-18 08:55:52.924   485   485 W mediaswcodec: libminijail[485]: compile_file: <fd>(58): previous definition here
09-18 08:55:52.924   485   485 W mediaswcodec: libminijail[485]: compile_file: /apex/com.android.media.swcodec/etc/seccomp_policy/crash_dump.x86_64.policy(3): syscall exit redefined here
09-18 08:55:52.924   485   485 W mediaswcodec: libminijail[485]: compile_file: <fd>(45): previous definition here
09-18 08:55:52.924   419   526 W AudioFlinger: no wake lock to update, system not ready yet
09-18 08:55:52.924   485   485 W mediaswcodec: libminijail[485]: compile_file: /apex/com.android.media.swcodec/etc/seccomp_policy/crash_dump.x86_64.policy(4): syscall rt_sigreturn redefined here
09-18 08:55:52.924   485   485 W mediaswcodec: libminijail[485]: compile_file: <fd>(47): previous definition here
09-18 08:55:52.924   485   485 W mediaswcodec: libminijail[485]: compile_file: /apex/com.android.media.swcodec/etc/seccomp_policy/crash_dump.x86_64.policy(5): syscall exit_group redefined here
09-18 08:55:52.925   485   485 W mediaswcodec: libminijail[485]: compile_file: <fd>(46): previous definition here
09-18 08:55:52.925   485   485 W mediaswcodec: libminijail[485]: compile_file: /apex/com.android.media.swcodec/etc/seccomp_policy/crash_dump.x86_64.policy(8): syscall futex redefined here
09-18 08:55:52.925   485   485 W mediaswcodec: libminijail[485]: compile_file: <fd>(36): previous definition here
09-18 08:55:52.925   485   485 W mediaswcodec: libminijail[485]: compile_file: /apex/com.android.media.swcodec/etc/seccomp_policy/crash_dump.x86_64.policy(10): syscall getpid redefined here
09-18 08:55:52.925   485   485 W mediaswcodec: libminijail[485]: compile_file: <fd>(69): previous definition here
09-18 08:55:52.925   485   485 W mediaswcodec: libminijail[485]: compile_file: /apex/com.android.media.swcodec/etc/seccomp_policy/crash_dump.x86_64.policy(11): syscall gettid redefined here
09-18 08:55:52.925   485   485 W mediaswcodec: libminijail[485]: compile_file: <fd>(67): previous definition here
09-18 08:55:52.925   485   485 W mediaswcodec: libminijail[485]: compile_file: /apex/com.android.media.swcodec/etc/seccomp_policy/crash_dump.x86_64.policy(14): syscall openat redefined here
09-18 08:55:52.926   485   485 W mediaswcodec: libminijail[485]: compile_file: <fd>(18): previous definition here
09-18 08:55:52.926   485   485 W mediaswcodec: libminijail[485]: compile_file: /apex/com.android.media.swcodec/etc/seccomp_policy/crash_dump.x86_64.policy(15): syscall dup redefined here
09-18 08:55:52.926   485   485 W mediaswcodec: libminijail[485]: compile_file: <fd>(56): previous definition here
09-18 08:55:52.926   485   485 W mediaswcodec: libminijail[485]: compile_file: /apex/com.android.media.swcodec/etc/seccomp_policy/crash_dump.x86_64.policy(16): syscall close redefined here
09-18 08:55:52.926   485   485 W mediaswcodec: libminijail[485]: compile_file: <fd>(25): previous definition here
09-18 08:55:52.927   485   485 W mediaswcodec: libminijail[485]: compile_file: /apex/com.android.media.swcodec/etc/seccomp_policy/crash_dump.x86_64.policy(17): syscall lseek redefined here
09-18 08:55:52.927   419   528 I AudioFlinger: AudioFlinger's thread 0x7c2e1112ac60 tid=528 ready to run
09-18 08:55:52.927   485   485 W mediaswcodec: libminijail[485]: compile_file: <fd>(40): previous definition here
09-18 08:55:52.927   485   485 W mediaswcodec: libminijail[485]: compile_file: /apex/com.android.media.swcodec/etc/seccomp_policy/crash_dump.x86_64.policy(19): syscall faccessat redefined here
09-18 08:55:52.927   485   485 W mediaswcodec: libminijail[485]: compile_file: <fd>(38): previous definition here
09-18 08:55:52.927   485   485 W mediaswcodec: libminijail[485]: compile_file: /apex/com.android.media.swcodec/etc/seccomp_policy/crash_dump.x86_64.policy(27): syscall prctl redefined here
09-18 08:55:52.927   485   485 W mediaswcodec: libminijail[485]: compile_file: <fd>(17): previous definition here
09-18 08:55:52.927   485   485 W mediaswcodec: libminijail[485]: compile_file: /apex/com.android.media.swcodec/etc/seccomp_policy/crash_dump.x86_64.policy(28): syscall madvise redefined here
09-18 08:55:52.927   485   485 W mediaswcodec: libminijail[485]: compile_file: <fd>(33): previous definition here
09-18 08:55:52.927   485   485 W mediaswcodec: libminijail[485]: compile_file: /apex/com.android.media.swcodec/etc/seccomp_policy/crash_dump.x86_64.policy(29): syscall mprotect redefined here
09-18 08:55:52.927   485   485 W mediaswcodec: libminijail[485]: compile_file: <fd>(16): previous definition here
09-18 08:55:52.927   419   528 W AudioFlinger: no wake lock to update, system not ready yet
09-18 08:55:52.928   485   485 W mediaswcodec: libminijail[485]: compile_file: /apex/com.android.media.swcodec/etc/seccomp_policy/crash_dump.x86_64.policy(30): syscall munmap redefined here
09-18 08:55:52.928   485   485 W mediaswcodec: libminijail[485]: compile_file: <fd>(37): previous definition here
09-18 08:55:52.928   485   485 W mediaswcodec: libminijail[485]: compile_file: /apex/com.android.media.swcodec/etc/seccomp_policy/crash_dump.x86_64.policy(31): syscall getuid redefined here
09-18 08:55:52.928   485   485 W mediaswcodec: libminijail[485]: compile_file: <fd>(21): previous definition here
09-18 08:55:52.928   485   485 W mediaswcodec: libminijail[485]: compile_file: /apex/com.android.media.swcodec/etc/seccomp_policy/crash_dump.x86_64.policy(32): syscall fstat redefined here
09-18 08:55:52.928   485   485 W mediaswcodec: libminijail[485]: compile_file: <fd>(29): previous definition here
09-18 08:55:52.928   485   485 W mediaswcodec: libminijail[485]: compile_file: /apex/com.android.media.swcodec/etc/seccomp_policy/crash_dump.x86_64.policy(33): syscall mmap redefined here
09-18 08:55:52.928   485   485 W mediaswcodec: libminijail[485]: compile_file: <fd>(27): previous definition here
09-18 08:55:52.930   485   485 W mediaswcodec: libminijail[485]: logging seccomp filter failures
09-18 08:55:52.931   419   528 W AudioFlinger: no wake lock to update, system not ready yet
09-18 08:55:52.932   485   485 I CodecServiceRegistrant: Creating software Codec2 service...
09-18 08:55:52.934   485   485 D C2Store : Default ION heapmask = -1
09-18 08:55:52.934   485   485 D C2Store : Default ION flags = 0
09-18 08:55:52.934   485   485 D C2Store : Default ION align = 0
09-18 08:55:52.937   485   485 I HidlServiceManagement: Registered android.hardware.media.c2@1.2::IComponentStore/software
09-18 08:55:52.938   485   485 I CodecServiceRegistrant: Preferred Codec2 store is set to "default".
09-18 08:55:52.938   485   485 I CodecServiceRegistrant: Software Codec2 service created and registered.
09-18 08:55:52.946   419   532 I AudioFlinger: AudioFlinger's thread 0x7c2e1112ac60 tid=532 ready to run
09-18 08:55:52.947   419   532 W AudioFlinger: no wake lock to update, system not ready yet
09-18 08:55:52.955   419   532 W AudioFlinger: no wake lock to update, system not ready yet
09-18 08:55:52.959   340   382 I r_submix: adev_open(name=audio_hw_if)
09-18 08:55:52.960   340   382 I r_submix: adev_init_check()
09-18 08:55:52.961   419   419 I AudioFlinger: loadHwModule() Loaded r_submix audio interface, handle 18
09-18 08:55:52.961   340   382 D r_submix: adev_open_input_stream(addr=0)
09-18 08:55:52.962   340   382 D r_submix: submix_audio_device_create_pipe_l(addr=0, idx=9)
09-18 08:55:52.962   340   382 D r_submix:   now using address 0 for route 9
09-18 08:55:52.965   419   534 I AudioFlinger: AudioFlinger's thread 0x7c2e1112ac60 tid=534 ready to run
09-18 08:55:52.965   340   382 I r_submix: in_standby()
09-18 08:55:52.966   419   534 W AudioFlinger: no wake lock to update, system not ready yet
09-18 08:55:52.967   340   382 I r_submix: in_standby()
09-18 08:55:52.972   419   534 W AudioFlinger: no wake lock to update, system not ready yet
09-18 08:55:52.972   340   382 D r_submix: adev_close_input_stream()
09-18 08:55:52.972   340   382 D r_submix: submix_audio_device_release_pipe_l(idx=9) addr=0
09-18 08:55:52.972   340   382 D r_submix: submix_audio_device_destroy_pipe_l(): pipe destroyed
09-18 08:55:52.976   419   419 I audioserver: Waiting for activity service
09-18 08:55:53.103   335   335 D zygote64: Time zone APEX ICU file found: /apex/com.android.tzdata/etc/icu/icu_tzdata.dat
09-18 08:55:53.106   335   335 D zygote64: I18n APEX ICU file found: /apex/com.android.i18n/etc/icu/icudt68l.dat
09-18 08:55:53.166   438   446 I adbd    : adbd mDNS service _adb._tcp registered: 1
09-18 08:55:53.225   335   335 I zygote64: Using memfd for future sealing
