09-18 08:55:44.216     0     0 I apexd   : Found pre-installed APEX /system/apex/com.google.android.neuralnetworks.apex
09-18 08:55:44.219     0     0 I apexd   : Found pre-installed APEX /system/apex/com.google.android.media.apex
09-18 08:55:44.221     0     0 I apexd   : Found pre-installed APEX /system/apex/com.google.android.scheduling.apex
09-18 08:55:44.223     0     0 I apexd   : Found pre-installed APEX /system/apex/com.google.android.appsearch.apex
09-18 08:55:44.224     0     0 I apexd   : Found pre-installed APEX /system/apex/com.android.runtime.apex
09-18 08:55:44.227     0     0 I apexd   : Found pre-installed APEX /system/apex/com.google.android.ipsec.apex
09-18 08:55:44.229     0     0 I apexd   : Found pre-installed APEX /system/apex/com.google.mainline.primary.libs.apex
09-18 08:55:44.231     0     0 I apexd   : Found pre-installed APEX /system/apex/com.google.android.mediaprovider.apex
09-18 08:55:44.233     0     0 I apexd   : Found pre-installed APEX /system/apex/com.google.android.wifi.apex
09-18 08:55:44.235     0     0 I apexd   : Found pre-installed APEX /system/apex/com.android.apex.cts.shim.apex
09-18 08:55:44.237     0     0 I apexd   : Found pre-installed APEX /system/apex/com.google.android.permission.apex
09-18 08:55:44.239     0     0 I apexd   : Found pre-installed APEX /system/apex/com.google.android.tzdata3.apex
09-18 08:55:44.242     0     0 I apexd   : Found pre-installed APEX /system/apex/com.google.android.conscrypt.apex
09-18 08:55:44.244     0     0 I apexd   : Found pre-installed APEX /system/apex/com.google.android.adbd.apex
09-18 08:55:44.246     0     0 I apexd   : Found pre-installed APEX /system/apex/com.google.android.art.apex
09-18 08:55:44.247     0     0 I apexd   : Found pre-installed APEX /system/apex/com.google.android.extservices.apex
09-18 08:55:44.249     0     0 I apexd   : Found pre-installed APEX /system/apex/com.google.android.telephony.apex
09-18 08:55:44.252     0     0 I apexd   : Scanning /system_ext/apex for pre-installed ApexFiles
09-18 08:55:44.253     0     0 W apexd   : /system_ext/apex does not exist. Skipping
09-18 08:55:44.254     0     0 I apexd   : Scanning /vendor/apex for pre-installed ApexFiles
09-18 08:55:44.256     0     0 W apexd   : /vendor/apex does not exist. Skipping
09-18 08:55:44.258     0     0 I apexd   : Scanning /system/apex looking for APEX packages.
09-18 08:55:44.263     0     0 I apexd   : Scanning /system_ext/apex looking for APEX packages.
09-18 08:55:44.265     0     0 I apexd   : ... does not exist. Skipping
09-18 08:55:44.266     0     0 I apexd   : Scanning /vendor/apex looking for APEX packages.
09-18 08:55:44.267     0     0 I apexd   : ... does not exist. Skipping
09-18 08:55:44.283     0     0 I EXT4-fs (loop1): mounted filesystem without journal. Opts: (null)
09-18 08:55:44.285     0     0 I apexd   : Successfully mounted package /system/apex/com.android.i18n.apex on /apex/com.android.i18n@1 duration=14
09-18 08:55:44.285     0     0 I EXT4-fs (loop0): mounted filesystem without journal. Opts: (null)
09-18 08:55:44.289     0     0 I apexd   : Successfully mounted package /system/apex/com.android.vndk.current.apex on /apex/com.android.vndk.v31@1 duration=20
09-18 08:55:44.310     0     0 I EXT4-fs (loop2): mounted filesystem without journal. Opts: (null)
09-18 08:55:44.312     0     0 I apexd   : Successfully mounted package /system/apex/com.android.runtime.apex on /apex/com.android.runtime@1 duration=9
09-18 08:55:44.316     0     0 I EXT4-fs (loop3): mounted filesystem without journal. Opts: (null)
09-18 08:55:44.318     0     0 I apexd   : Successfully mounted package /system/apex/com.google.android.tzdata3.apex on /apex/com.android.tzdata@310727000 duration=14
09-18 08:55:44.327     0     0 I apexd   : Activated 4 packages.
09-18 08:55:44.333     0     0 I apexd   : OnBootstrap done, duration=270
09-18 08:55:44.337     0     0 I init    : Service 'apexd-bootstrap' (pid 170) exited with status 0 waiting took 0.363000 seconds
09-18 08:55:44.339     0     0 I init    : Sending signal 9 to service 'apexd-bootstrap' (pid 170) process group...
09-18 08:55:44.341     0     0 I libprocessgroup: Successfully killed process cgroup uid 0 pid 170 in 0ms
09-18 08:55:44.390     0     0 I init    : linkerconfig generated /linkerconfig with mounted APEX modules info
09-18 08:55:44.394     0     0 I init    : processing action (ro.product.cpu.abilist64=* && early-init) from (/system/etc/init/hw/init.rc:92)
09-18 08:55:44.396     0     0 I init    : starting service 'boringssl_self_test64'...
09-18 08:55:44.403     0     0 I init    : SVC_EXEC service 'boringssl_self_test64' pid 187 (uid 0 gid 0+0 context default) started; waiting...
09-18 08:55:44.462     0     0 I init    : Service 'boringssl_self_test64' (pid 187) exited with status 0 waiting took 0.062000 seconds
09-18 08:55:44.465     0     0 I init    : Sending signal 9 to service 'boringssl_self_test64' (pid 187) process group...
09-18 08:55:44.467     0     0 I libprocessgroup: Successfully killed process cgroup uid 0 pid 187 in 0ms
09-18 08:55:44.470     0     0 I init    : processing action (early-init) from (/init.environ.rc:2)
09-18 08:55:44.472     0     0 I init    : processing action (early-init) from (/vendor/etc/init/hw/init.ranchu.rc:12)
09-18 08:55:44.477     0     0 I init    : Command 'setprop ro.config.low_ram ${ro.boot.config.low_ram}' action=early-init (/vendor/etc/init/hw/init.ranchu.rc:17) took 0ms and failed: property 'ro.boot.config.low_ram' doesn't exist while expanding '${ro.boot.config.low_ram}'
09-18 08:55:44.491     0     0 I init    : processing action (ro.product.debugfs_restrictions.enabled=true && early-init) from (/system/etc/init/init-debug.rc:10)
09-18 08:55:44.495     0     0 I init    : processing action (ro.enable.native.bridge.exec=1 && early-init) from (/system/etc/init/ndk_translation.rc:2)
09-18 08:55:44.498     0     0 I init    : processing action (ro.product.cpu.abilist64=* && early-init) from (/vendor/etc/init/boringssl_self_test.rc:4)
09-18 08:55:44.502     0     0 I init    : starting service 'boringssl_self_test64_vendor'...
09-18 08:55:44.506     0     0 I init    : SVC_EXEC service 'boringssl_self_test64_vendor' pid 188 (uid 0 gid 0+0 context default) started; waiting...
09-18 08:55:44.555     0     0 I init    : Service 'boringssl_self_test64_vendor' (pid 188) exited with status 0 waiting took 0.050000 seconds
09-18 08:55:44.557     0     0 I init    : Sending signal 9 to service 'boringssl_self_test64_vendor' (pid 188) process group...
09-18 08:55:44.559     0     0 I libprocessgroup: Successfully killed process cgroup uid 0 pid 188 in 0ms
09-18 08:55:44.562     0     0 I init    : processing action (wait_for_coldboot_done) from (<Builtin Action>:0)
09-18 08:55:44.564     0     0 I init    : start_waiting_for_property("ro.cold_boot_done", "true"): already set
09-18 08:55:44.566     0     0 I init    : processing action (SetMmapRndBits) from (<Builtin Action>:0)
09-18 08:55:44.567     0     0 I init    : processing action (KeychordInit) from (<Builtin Action>:0)
09-18 08:55:44.569     0     0 W init    : EVIOCSMASK not supported: Invalid argument
09-18 08:55:45.617     0     0 I init    : Command 'KeychordInit' action=KeychordInit (<Builtin Action>:0) took 1048ms and succeeded
09-18 08:55:45.620     0     0 I init    : processing action (init) from (/system/etc/init/hw/init.rc:119)
09-18 08:55:45.622     0     0 I init    : Command 'copy /system/etc/prop.default /dev/urandom' action=init (/system/etc/init/hw/init.rc:124) took 0ms and failed: Could not read input file '/system/etc/prop.default': open() failed: No such file or directory
09-18 08:55:45.633     0     0 I init    : Command 'write /dev/blkio/blkio.weight 1000' action=init (/system/etc/init/hw/init.rc:218) took 0ms and failed: Unable to write to file '/dev/blkio/blkio.weight': open() failed: Permission denied
09-18 08:55:45.638     0     0 I init    : Command 'write /dev/blkio/background/blkio.weight 200' action=init (/system/etc/init/hw/init.rc:219) took 0ms and failed: Unable to write to file '/dev/blkio/background/blkio.weight': open() failed: Permission denied
09-18 08:55:45.642     0     0 I init    : Command 'write /dev/blkio/blkio.group_idle 0' action=init (/system/etc/init/hw/init.rc:221) took 0ms and failed: Unable to write to file '/dev/blkio/blkio.group_idle': open() failed: Permission denied
09-18 08:55:45.647     0     0 I init    : Command 'write /dev/blkio/background/blkio.group_idle 0' action=init (/system/etc/init/hw/init.rc:222) took 0ms and failed: Unable to write to file '/dev/blkio/background/blkio.group_idle': open() failed: Permission denied
09-18 08:55:45.669     0     0 I init    : Command 'write /dev/cpu_variant:${ro.bionic.arch} ${ro.bionic.cpu_variant}' action=init (/system/etc/init/hw/init.rc:423) took 0ms and failed: property 'ro.bionic.cpu_variant' doesn't exist while expanding '${ro.bionic.cpu_variant}'
09-18 08:55:45.674     0     0 I init    : Command 'write /dev/cpu_variant:${ro.bionic.2nd_arch} ${ro.bionic.2nd_cpu_variant}' action=init (/system/etc/init/hw/init.rc:425) took 0ms and failed: property 'ro.bionic.2nd_arch' doesn't exist while expanding '/dev/cpu_variant:${ro.bionic.2nd_arch}'
09-18 08:55:45.680     0     0 I init    : Command 'chmod 0444 /dev/cpu_variant:${ro.bionic.2nd_arch}' action=init (/system/etc/init/hw/init.rc:426) took 0ms and failed: property 'ro.bionic.2nd_arch' doesn't exist while expanding '/dev/cpu_variant:${ro.bionic.2nd_arch}'
09-18 08:55:45.686     0     0 I init    : starting service 'logd'...
09-18 08:55:45.687     0     0 I init    : Created socket '/dev/socket/logd', mode 666, user 1036, group 1036
09-18 08:55:45.688     0     0 I init    : Created socket '/dev/socket/logdr', mode 666, user 1036, group 1036
09-18 08:55:45.690     0     0 I init    : Created socket '/dev/socket/logdw', mode 222, user 1036, group 1036
09-18 08:55:45.692     0     0 I init    : Opened file '/proc/kmsg', flags 0
09-18 08:55:45.693     0     0 I init    : Opened file '/dev/kmsg', flags 1
09-18 08:55:45.700     0     0 I init    : starting service 'lmkd'...
09-18 08:55:45.702     0     0 I init    : Created socket '/dev/socket/lmkd', mode 660, user 1000, group 1000
09-18 08:55:45.708     0     0 I init    : starting service 'servicemanager'...
09-18 08:55:45.715     0     0 I init    : starting service 'hwservicemanager'...
09-18 08:55:45.725     0     0 I init    : Command 'start vndservicemanager' action=init (/system/etc/init/hw/init.rc:450) took 0ms and failed: service vndservicemanager not found
09-18 08:55:45.730     0     0 I init    : processing action (ro.debuggable=1 && init) from (/system/etc/init/hw/init.rc:1228)
09-18 08:55:45.734     0     0 I init    : starting service 'console'...
09-18 08:55:45.737     0     0 I logd.auditd: start
09-18 08:55:45.805   198   198 I qemu-props: connected to 'boot-properties' qemud service.
09-18 08:55:45.805   198   198 I qemu-props: receiving..
09-18 08:55:45.806   198   198 I qemu-props: received: ro.opengles.version=196609
09-18 08:55:45.806   198   198 I qemu-props: ignoring 'ro.opengles.version' property
09-18 08:55:45.806   198   198 I qemu-props: receiving..
09-18 08:55:45.806   198   198 I qemu-props: received: qemu.sf.fake_camera=front
09-18 08:55:45.807   198   198 I qemu-props: successfully set property 'vendor.qemu.sf.fake_camera' to 'front'
09-18 08:55:45.807   198   198 I qemu-props: receiving..
09-18 08:55:45.807   198   198 I qemu-props: received: dalvik.vm.heapsize=576m
09-18 08:55:45.807   198   198 I qemu-props: ignoring 'dalvik.vm.heapsize' property
09-18 08:55:45.807   198   198 I qemu-props: receiving..
09-18 08:55:45.807   198   198 I qemu-props: received: qemu.hw.mainkeys=0
09-18 08:55:45.808   198   198 I qemu-props: successfully set property 'qemu.hw.mainkeys' to '0'
09-18 08:55:45.808   198   198 I qemu-props: receiving..
09-18 08:55:45.808   198   198 I qemu-props: received: qemu.sf.lcd_density=440
09-18 08:55:45.809   198   198 I qemu-props: successfully set property 'qemu.sf.lcd_density' to '440'
09-18 08:55:45.809   198   198 I qemu-props: receiving..
09-18 08:55:45.809   198   198 I qemu-props: received: monodroid.avdname=pixel_5_-_api_31
09-18 08:55:45.812   198   198 W libc    : Unable to set property "vendor.monodroid.avdname" to "pixel_5_-_api_31": error code: 0x18
09-18 08:55:45.812   198   198 W qemu-props: could not set property 'vendor.monodroid.avdname' to 'pixel_5_-_api_31'
09-18 08:55:45.812   198   198 I qemu-props: receiving..
09-18 08:55:45.812   198   198 I qemu-props: received: net.wifi_mac_prefix=5554
09-18 08:55:45.813   198   198 I qemu-props: successfully set property 'vendor.net.wifi_mac_prefix' to '5554'
09-18 08:55:45.813   198   198 I qemu-props: receiving..
09-18 08:55:45.813   198   198 I qemu-props: received: qemu.timezone=Unknown/Unknown
09-18 08:55:45.814   198   198 I qemu-props: successfully set property 'vendor.qemu.timezone' to 'Unknown/Unknown'
09-18 08:55:45.814   198   198 I qemu-props: receiving..
09-18 08:55:45.814   198   198 W qemu-props: could not open '/sys/class/virtio-ports/vport7p1/name'
09-18 08:55:45.816   198   198 I qemu-props: successfully set property 'vendor.qemu.vport.bluetooth' to '/dev/vport7p2'
09-18 08:55:45.816   198   198 W qemu-props: could not open '/sys/class/virtio-ports/vport7p0/name'
09-18 08:55:45.817   198   198 I qemu-props: successfully set property 'vendor.qemu.vport.modem' to '/dev/vport8p1'
09-18 08:55:45.804     1     1 W /system/bin/init: type=1107 audit(0.0:4): uid=0 auid=4294967295 ses=4294967295 subj=u:r:init:s0 msg='avc: denied { set } for property=vendor.monodroid.avdname pid=198 uid=0 gid=0 scontext=u:r:qemu_props:s0 tcontext=u:object_r:vendor_default_prop:s0 tclass=property_service permissive=0'
09-18 08:55:45.824   193   193 I hwservicemanager: getDeviceHalManifest: Reading VINTF information.
09-18 08:55:45.743     0     0 I init    : processing action (init) from (/system/etc/init/hw/init.usb.rc:27)
09-18 08:55:45.751     0     0 I init    : processing action (init) from (/vendor/etc/init/hw/init.ranchu.rc:30)
09-18 08:55:45.760     0     0 I init    : starting service 'qemu-props'...
09-18 08:55:45.770     0     0 I init    : processing action (init) from (/system/etc/init/audioserver.rc:62)
09-18 08:55:45.774     0     0 I init    : processing action (late-init) from (/system/etc/init/hw/init.rc:468)
09-18 08:55:45.777     0     0 I init    : processing action (late-init) from (/system/etc/init/atrace.rc:3)
09-18 08:55:45.796     0     0 E init    : Unable to set property 'vendor.monodroid.avdname' from uid:0 gid:0 pid:198: SELinux permission check failed
09-18 08:55:45.796     0     0 I init    : processing action (late-init) from (/vendor/etc/init/android.hardware.atrace@1.0-service.rc:1)
09-18 08:55:45.812     0     0 I init    : processing action (queue_property_triggers) from (<Builtin Action>:0)
09-18 08:55:45.814     0     0 I init    : processing action (early-fs) from (/system/etc/init/hw/init.rc:504)
09-18 08:55:45.816     0     0 I init    : starting service 'vold'...
09-18 08:55:45.822     0     0 I init    : processing action (early-fs) from (/vendor/etc/init/hw/init.ranchu.rc:1)
09-18 08:55:45.825     0     0 I init    : processing action (fs) from (/vendor/etc/init/hw/init.ranchu.rc:4)
09-18 08:55:45.859   193   193 I hwservicemanager: getDeviceHalManifest: Successfully processed VINTF information
09-18 08:55:45.859   193   193 I hwservicemanager: getFrameworkHalManifest: Successfully processed VINTF information
09-18 08:55:45.844     0     0 I init    : processing action (fs) from (/system/etc/init/logd.rc:28)
09-18 08:55:45.846     0     0 I init    : processing action (fs) from (/system/etc/init/wifi.rc:25)
09-18 08:55:45.863   193   193 I hwservicemanager: hwservicemanager is ready now.
09-18 08:55:45.850     0     0 I init    : processing action (post-fs) from (/system/etc/init/hw/init.rc:508)
09-18 08:55:45.852     0     0 I init    : starting service 'exec 2 (/system/bin/vdc checkpoint markBootAttempt)'...
09-18 08:55:45.855     0     0 I init    : SVC_EXEC service 'exec 2 (/system/bin/vdc checkpoint markBootAttempt)' pid 202 (uid 1000 gid 1000+0 context default) started; waiting...
--------- beginning of system
09-18 08:55:45.907   201   201 I vold    : Vold 3.0 (the awakening) firing up
09-18 08:55:45.907   201   201 D vold    : Detected support for: ext4 f2fs vfat
09-18 08:55:45.909   201   201 D vold    : Found unmanaged dm device named product
09-18 08:55:45.909   201   201 D vold    : Found unmanaged dm device named vendor
09-18 08:55:45.909   201   201 D vold    : Found unmanaged dm device named system
09-18 08:55:45.909   201   201 D vold    : Found unmanaged dm device named system_ext
09-18 08:55:45.909   201   201 D vold    : Found unmanaged dm device named system-verity
09-18 08:55:45.910   201   201 D vold    : Found unmanaged loop device at /dev/block/loop3 named apex:
09-18 08:55:45.910   201   201 D vold    : Found unmanaged loop device at /dev/block/loop0 named apex:
09-18 08:55:45.910   201   201 D vold    : Found unmanaged loop device at /dev/block/loop2 named apex:
09-18 08:55:45.911   201   201 D vold    : Found unmanaged loop device at /dev/block/loop1 named apex:
09-18 08:55:45.914   201   201 D vold    : VoldNativeService::start() completed OK
09-18 08:55:45.902     0     0 I init    : Service 'exec 2 (/system/bin/vdc checkpoint markBootAttempt)' (pid 202) exited with status 0 waiting took 0.046000 seconds
09-18 08:55:45.904     0     0 I init    : Sending signal 9 to service 'exec 2 (/system/bin/vdc checkpoint markBootAttempt)' (pid 202) process group...
09-18 08:55:45.907     0     0 I libprocessgroup: Successfully killed process cgroup uid 1000 pid 202 in 0ms
09-18 08:55:45.921   201   205 I vold    : Found disk at /devices/pci0000:00/0000:00:08.0/virtio5/block/vdf but delaying scan due to secure keyguard
09-18 08:55:45.914     0     0 I init    : Command 'chown system cache /cache' action=post-fs (/system/etc/init/hw/init.rc:524) took 0ms and failed: lchown() failed: Read-only file system
09-18 08:55:45.918     0     0 I init    : Command 'chmod 0770 /cache' action=post-fs (/system/etc/init/hw/init.rc:525) took 0ms and failed: fchmodat() failed: Read-only file system
09-18 08:55:45.922     0     0 E selinux : SELinux:  setxattr failed: /cache:  Read-only file system
09-18 08:55:45.924     0     0 E selinux :  
09-18 08:55:45.925     0     0 I init    : Command 'mkdir /cache/recovery 0770 system cache' action=post-fs (/system/etc/init/hw/init.rc:531) took 0ms and failed: mkdir() failed on /cache/recovery: Read-only file system
09-18 08:55:45.929     0     0 I init    : Command 'mkdir /cache/backup_stage 0700 system system' action=post-fs (/system/etc/init/hw/init.rc:534) took 0ms and failed: mkdir() failed on /cache/backup_stage: Read-only file system
09-18 08:55:45.933     0     0 I init    : Command 'mkdir /cache/backup 0700 system system' action=post-fs (/system/etc/init/hw/init.rc:535) took 0ms and failed: mkdir() failed on /cache/backup: Read-only file system
09-18 08:55:45.938     0     0 I init    : Command 'mkdir /cache/lost+found 0770 root root' action=post-fs (/system/etc/init/hw/init.rc:559) took 0ms and failed: mkdir() failed on /cache/lost+found: Read-only file system
09-18 08:55:45.943     0     0 I selinux : SELinux: Skipping restorecon on directory(/metadata)
09-18 08:55:45.944     0     0 I selinux :  
09-18 08:55:45.948     0     0 I selinux : SELinux: Skipping restorecon on directory(/metadata/apex)
09-18 08:55:45.950     0     0 I selinux :  
09-18 08:55:45.950     0     0 I init    : processing action (post-fs) from (/system/etc/init/atrace_userdebug.rc:7)
09-18 08:55:45.953     0     0 I init    : processing action (post-fs) from (/system/etc/init/gsid.rc:8)
09-18 08:55:45.955     0     0 I init    : processing action (post-fs) from (/system/etc/init/recovery-refresh.rc:1)
09-18 08:55:45.957     0     0 I init    : starting service 'exec 3 (/system/bin/recovery-refresh)'...
09-18 08:55:45.960     0     0 I init    : processing action (late-fs) from (/system/etc/init/hw/init.rc:581)
09-18 08:55:45.964     0     0 I init    : starting service 'system_suspend'...
09-18 08:55:45.971     0     0 I init    : starting service 'keystore2'...
09-18 08:55:45.978     0     0 I init    : starting service 'vendor.atrace-hal-1-0'...
09-18 08:55:45.985     0     0 I init    : starting service 'vendor.keymaster-4-1'...
09-18 08:55:46.010   208   208 I HidlServiceManagement: Registered android.system.suspend@1.0::ISystemSuspend/default
09-18 08:55:46.010   208   208 I HidlServiceManagement: Removing namespace from process name android.system.suspend@1.0-service to suspend@1.0-service.
09-18 08:55:45.993     0     0 I init    : Service 'exec 3 (/system/bin/recovery-refresh)' (pid 207) exited with status 254 oneshot service took 0.033000 seconds in background
09-18 08:55:45.998     0     0 I init    : Sending signal 9 to service 'exec 3 (/system/bin/recovery-refresh)' (pid 207) process group...
09-18 08:55:46.003     0     0 I libprocessgroup: Successfully killed process cgroup uid 1000 pid 207 in 0ms
09-18 08:55:46.007     0     0 I init    : starting service 'exec 4 (/system/bin/fsverity_init --load-verified-keys)'...
09-18 08:55:46.011     0     0 I init    : SVC_EXEC service 'exec 4 (/system/bin/fsverity_init --load-verified-keys)' pid 214 (uid 0 gid 0+0 context default) started; waiting...
09-18 08:55:46.037   214   214 I fsverity_init: LoadKeyFromFile path=/system/etc/security/fsverity/fsverity-release.x509.der keyname=fsv_system_0
09-18 08:55:46.042   214   214 I fsverity_init: LoadKeyFromFile path=/product/etc/security/fsverity/gms_fsverity_cert.der keyname=fsv_product_0
09-18 08:55:46.043   210   210 I HidlServiceManagement: Registered android.hardware.atrace@1.0::IAtraceDevice/default
09-18 08:55:46.044   210   210 I HidlServiceManagement: Removing namespace from process name android.hardware.atrace@1.0-service to atrace@1.0-service.
09-18 08:55:46.030     0     0 I init    : Service 'exec 4 (/system/bin/fsverity_init --load-verified-keys)' (pid 214) exited with status 0 waiting took 0.020000 seconds
09-18 08:55:46.034     0     0 I init    : Sending signal 9 to service 'exec 4 (/system/bin/fsverity_init --load-verified-keys)' (pid 214) process group...
09-18 08:55:46.037     0     0 I libprocessgroup: Successfully killed process cgroup uid 0 pid 214 in 0ms
09-18 08:55:46.040     0     0 I init    : processing action (late-fs) from (/system/etc/init/hw/init.rc:602)
09-18 08:55:46.045     0     0 I init    : processing action (late-fs) from (/vendor/etc/init/hw/init.ranchu.rc:7)
09-18 08:55:46.048     0     0 I init    : starting service 'wait_for_keymaster'...
09-18 08:55:46.070   211   211 I HidlServiceManagement: Registered android.hardware.keymaster@4.1::IKeymasterDevice/default
09-18 08:55:46.071   211   211 I HidlServiceManagement: Removing namespace from process name android.hardware.keymaster@4.1-service to keymaster@4.1-service.
09-18 08:55:46.053     0     0 I init    : SVC_EXEC service 'wait_for_keymaster' pid 215 (uid 0 gid 0+1 context default) started; waiting...
09-18 08:55:46.080   191   191 I servicemanager: Since 'android.system.keystore2.IKeystoreService/default' could not be found, trying to start it as a lazy AIDL service
09-18 08:55:46.063     0     0 I wait_for_keymaster: Waiting for Keymaster device
09-18 08:55:46.067     0     0 E init    : Control message: Could not find 'aidl/android.system.keystore2.IKeystoreService/default' for ctl.interface_start from pid: 191 (/system/bin/servicemanager)
09-18 08:55:46.086   191   216 W libc    : Unable to set property "ctl.interface_start" to "aidl/android.system.keystore2.IKeystoreService/default": error code: 0x20
09-18 08:55:46.086   191   216 I servicemanager: Tried to start aidl service android.system.keystore2.IKeystoreService/default as a lazy service, but was unable to. Usually this happens when a service is not installed, but if the service is intended to be used as a lazy service, then it may be configured incorrectly.
09-18 08:55:46.144   209   209 I keystore2: keystore2_main: Keystore2 is starting.
09-18 08:55:46.154   209   209 I keystore2: keystore2_main: Starting thread pool now.
09-18 08:55:46.155   209   217 I keystore2: getDeviceHalManifest: Reading VINTF information.
09-18 08:55:46.159   209   217 I keystore2: getDeviceHalManifest: Successfully processed VINTF information
09-18 08:55:46.164   209   209 I keystore2: found android.hardware.keymaster@4.0::IKeymasterDevice with interface name default and seclevel SOFTWARE
09-18 08:55:46.165   193   193 I hwservicemanager: getTransport: Cannot find entry android.hardware.keymaster@3.0::IKeymasterDevice/default in either framework or device VINTF manifest.
09-18 08:55:46.165   209   209 W keystore2: No secure Keymaster implementation found, but device offers insecure Keymaster HAL. Using as default.
09-18 08:55:46.167   209   217 I keystore2: keystore2::shared_secret_negotiation: Shared secret negotiation concluded successfully.
09-18 08:55:46.170   191   191 I servicemanager: getDeviceHalManifest: Reading VINTF information.
09-18 08:55:46.173   191   191 I servicemanager: getDeviceHalManifest: Successfully processed VINTF information
09-18 08:55:46.173   191   191 I servicemanager: getFrameworkHalManifest: Reading VINTF information.
09-18 08:55:46.174   191   191 I servicemanager: getFrameworkHalManifest: Successfully processed VINTF information
09-18 08:55:46.174   191   191 I servicemanager: Found android.system.keystore2.IKeystoreService/default in framework VINTF manifest.
09-18 08:55:46.177   209   209 I keystore2: keystore2_main: Successfully registered Keystore 2.0 service.
09-18 08:55:46.177   209   209 I keystore2: keystore2_main: Joining thread pool now.
09-18 08:55:47.086   191   191 I BpBinder: onLastStrongRef automatically unlinking death recipients: <uncached descriptor>
09-18 08:55:47.067     0     0 W ServiceManager: Waited one second for android.system.keystore2.IKeystoreService/default (is service started? are binder threads started and available?)
09-18 08:55:47.074     0     0 I wait_for_keymaster: Keymaster device ready
09-18 08:55:47.076     0     0 I binder  : undelivered transaction 111, process died.
09-18 08:55:47.076     0     0 I init    : Service 'wait_for_keymaster' (pid 215) exited with status 0 waiting took 1.026000 seconds
09-18 08:55:47.079     0     0 I init    : Sending signal 9 to service 'wait_for_keymaster' (pid 215) process group...
09-18 08:55:47.081     0     0 I libprocessgroup: Successfully killed process cgroup uid 0 pid 215 in 0ms
09-18 08:55:47.086     0     0 I init    : [libfs_mgr]Invalid ext4 superblock on '/dev/block/vdc'
09-18 08:55:47.089     0     0 E init    : [libfs_mgr]mount_with_alternatives(): skipping mount due to invalid magic, mountpoint=/data blk_dev=/dev/block/vdc rec[4].fs_type=ext4
09-18 08:55:47.093     0     0 I init    : Calling: /system/bin/vdc cryptfs mountFstab /dev/block/vdc /data
09-18 08:55:47.116   201   201 D vold    : fscrypt_mount_metadata_encrypted: /data encrypt: 0 format: 0 with null
09-18 08:55:47.116   201   201 D vold    : metadata_key_dir/key: /metadata/vold/metadata_encryption/key
09-18 08:55:47.117   201   201 D vold    : Key exists, using: /metadata/vold/metadata_encryption/key
09-18 08:55:47.102     0     0 D vdc     : Waited 0ms for vold
09-18 08:55:47.127   209   219 I SELinux : SELinux: Loaded keystore2_key_contexts from:
09-18 08:55:47.128   209   219 I SELinux :     /system/etc/selinux/plat_keystore2_key_contexts
09-18 08:55:47.139   201   201 D vold    : Mounting metadata-encrypted filesystem:/data
09-18 08:55:47.139   193   193 I hwservicemanager: getTransport: Cannot find entry android.hardware.boot@1.0::IBootControl/default in either framework or device VINTF manifest.
09-18 08:55:47.141   201   201 I vold    : [libfs_mgr]superblock s_max_mnt_count:65535,/dev/block/dm-5
09-18 08:55:47.141   201   201 I vold    : [libfs_mgr]Filesystem on /dev/block/dm-5 was not cleanly shutdown; state flags: 0x1, incompat feature flags: 0x30046
09-18 08:55:47.128     0     0 W EXT4-fs (dm-5): Ignoring removed nomblk_io_submit option
09-18 08:55:47.130     0     0 I EXT4-fs (dm-5): Using encoding defined by superblock: utf8-12.1.0 with flags 0x0
09-18 08:55:48.365     0     0 I EXT4-fs (dm-5): 2 orphan inodes deleted
09-18 08:55:48.366     0     0 I EXT4-fs (dm-5): recovery complete
09-18 08:55:48.389   201   201 I vold    : [libfs_mgr]check_fs(): mount(/dev/block/dm-5,/data,ext4)=0: Success
09-18 08:55:48.373     0     0 I EXT4-fs (dm-5): mounted filesystem with ordered data mode. Opts: errors=remount-ro,nomblk_io_submit
09-18 08:55:48.426   201   201 I vold    : [libfs_mgr]check_fs(): unmount(/data) succeeded
09-18 08:55:48.426   201   201 I vold    : [libfs_mgr]Running /system/bin/e2fsck on /dev/block/dm-5
09-18 08:55:48.437     0     0 I e2fsck  : e2fsck 1.45.4 (23-Sep-2019)
09-18 08:55:48.457     0     0 I e2fsck  : Pass 1: Checking inodes, blocks, and sizes
09-18 08:55:48.855     0     0 I e2fsck  : Pass 2: Checking directory structure
09-18 08:55:49.046     0     0 I e2fsck  : Pass 3: Checking directory connectivity
09-18 08:55:49.059     0     0 I e2fsck  : Pass 4: Checking reference counts
09-18 08:55:49.077     0     0 I e2fsck  : Pass 5: Checking group summary information
09-18 08:55:49.127     0     0 I e2fsck  : /dev/block/dm-5: 7848/393216 files (3.4% non-contiguous), 296375/1572864 blocks
09-18 08:55:49.150   201   201 I vold    : [libfs_mgr]superblock s_max_mnt_count:65535,/dev/block/dm-5
09-18 08:55:49.150   201   201 W vold    : [libfs_mgr]Reserved blocks 32768 is too large; capping to 31457
09-18 08:55:49.138     0     0 W EXT4-fs (dm-5): Ignoring removed nomblk_io_submit option
09-18 08:55:49.140     0     0 I EXT4-fs (dm-5): Using encoding defined by superblock: utf8-12.1.0 with flags 0x0
09-18 08:55:49.166   201   201 I vold    : [libfs_mgr]__mount(source=/dev/block/dm-5,target=/data,type=ext4)=0: Success
09-18 08:55:49.166   201   201 D vold    : Mounted /data
09-18 08:55:49.150     0     0 I EXT4-fs (dm-5): mounted filesystem with ordered data mode. Opts: nomblk_io_submit,errors=panic
09-18 08:55:49.167   201   205 D vold    : Disk at 254:5 changed
09-18 08:55:49.159     0     0 I init    : Userdata mounted using /vendor/etc/fstab.ranchu result : 7
09-18 08:55:49.161     0     0 I init    : Keyring created with id 1016949574 in process 1
09-18 08:55:49.163     0     0 I init    : Command 'mount_all /vendor/etc/fstab.ranchu --late' action=late-fs (/vendor/etc/init/hw/init.ranchu.rc:10) took 2079ms and succeeded
09-18 08:55:49.168     0     0 I init    : processing action (post-fs-data) from (/system/etc/init/hw/init.rc:616)
09-18 08:55:49.170     0     0 I init    : starting service 'exec 5 (/system/bin/vdc checkpoint prepareCheckpoint)'...
09-18 08:55:49.174     0     0 I init    : SVC_EXEC service 'exec 5 (/system/bin/vdc checkpoint prepareCheckpoint)' pid 234 (uid 1000 gid 1000+0 context default) started; waiting...
09-18 08:55:49.194   201   201 I Checkpoint: cp_prepareCheckpoint called
09-18 08:55:49.182     0     0 I init    : Service 'exec 5 (/system/bin/vdc checkpoint prepareCheckpoint)' (pid 234) exited with status 0 waiting took 0.008000 seconds
09-18 08:55:49.184     0     0 I init    : Sending signal 9 to service 'exec 5 (/system/bin/vdc checkpoint prepareCheckpoint)' (pid 234) process group...
09-18 08:55:49.187     0     0 I libprocessgroup: Successfully killed process cgroup uid 1000 pid 234 in 0ms
09-18 08:55:49.191     0     0 I init    : starting service 'exec 6 (/system/bin/vdc --wait cryptfs enablefilecrypto)'...
09-18 08:55:49.195     0     0 I init    : SVC_EXEC service 'exec 6 (/system/bin/vdc --wait cryptfs enablefilecrypto)' pid 235 (uid 0 gid 0+0 context default) started; waiting...
09-18 08:55:49.215   201   201 I vold    : fscrypt_initialize_systemwide_keys
09-18 08:55:49.201     0     0 D vdc     : Waited 0ms for vold
09-18 08:55:49.216   201   201 D vold    : Key exists, using: /data/unencrypted/key
09-18 08:55:49.230   201   201 D vold    : Installed fscrypt key with ref 7a86e44b980998051253b50d497e5b45 to /data
09-18 08:55:49.230   201   201 D vold    : Added fscrypt-provisioning key for 7a86e44b980998051253b50d497e5b45 to session keyring
09-18 08:55:49.246   201   201 I vold    : Wrote system DE key reference to:/data/unencrypted/ref
09-18 08:55:49.246   201   201 D vold    : Generating standard storage key
09-18 08:55:49.246   201   201 D vold    : Installed fscrypt key with ref 55bd9b09d9c5ca051c5583e90659863d to /data
09-18 08:55:49.246   201   201 D vold    : Added fscrypt-provisioning key for 55bd9b09d9c5ca051c5583e90659863d to session keyring
09-18 08:55:49.250   201   201 I vold    : Wrote per boot key reference to:/data/unencrypted/per_boot_ref
09-18 08:55:49.237     0     0 I init    : Service 'exec 6 (/system/bin/vdc --wait cryptfs enablefilecrypto)' (pid 235) exited with status 0 waiting took 0.042000 seconds
09-18 08:55:49.240     0     0 I init    : Sending signal 9 to service 'exec 6 (/system/bin/vdc --wait cryptfs enablefilecrypto)' (pid 235) process group...
09-18 08:55:49.243     0     0 I libprocessgroup: Successfully killed process cgroup uid 0 pid 235 in 0ms
09-18 08:55:49.247     0     0 I init    : Verified that /data/bootchart has the encryption policy 7a86e44b980998051253b50d497e5b45 v2 modes 1/4 flags 0x2
09-18 08:55:49.254     0     0 I fscrypt : AES-256-CTS-CBC using implementation "cts(cbc-aes-aesni)"
09-18 08:55:49.262     0     0 I fscrypt : AES-256-XTS using implementation "xts-aes-aesni"
09-18 08:55:49.267     0     0 I init    : Verified that /data/vendor has the encryption policy 7a86e44b980998051253b50d497e5b45 v2 modes 1/4 flags 0x2
09-18 08:55:49.270     0     0 I init    : Not setting encryption policy on: /data/vendor_ce
09-18 08:55:49.272     0     0 I init    : Not setting encryption policy on: /data/vendor_de
09-18 08:55:49.278     0     0 I init    : Verified that /data/anr has the encryption policy 7a86e44b980998051253b50d497e5b45 v2 modes 1/4 flags 0x2
09-18 08:55:49.282     0     0 I init    : Verified that /data/tombstones has the encryption policy 7a86e44b980998051253b50d497e5b45 v2 modes 1/4 flags 0x2
09-18 08:55:49.287     0     0 I init    : starting service 'tombstoned'...
09-18 08:55:49.288     0     0 I init    : Created socket '/dev/socket/tombstoned_crash', mode 666, user 1000, group 1000
09-18 08:55:49.290     0     0 I init    : Created socket '/dev/socket/tombstoned_intercept', mode 666, user 1000, group 1000
09-18 08:55:49.294     0     0 I init    : Created socket '/dev/socket/tombstoned_java_trace', mode 666, user 1000, group 1000
09-18 08:55:49.299     0     0 I init    : Switched to default mount namespace
09-18 08:55:49.302     0     0 E init    : Failed to set encryption policy of /data/misc to 7a86e44b980998051253b50d497e5b45 v2 modes 1/4 flags 0x2: Directory not empty
09-18 08:55:49.324   242   242 I tombstoned: tombstoned successfully initialized
09-18 08:55:49.320   243   243 W init    : type=1400 audit(0.0:5): avc: denied { execute_no_trans } for path="/vendor/bin/toybox_vendor" dev="dm-3" ino=225 scontext=u:r:init:s0 tcontext=u:object_r:vendor_toolbox_exec:s0 tclass=file permissive=0 bug=b/183668221
09-18 08:55:49.311     0     0 E logwrapper: executing ls failed: Permission denied
09-18 08:55:49.311     0     0 I ls      : executing ls failed: Permission denied
09-18 08:55:49.312     0     0 E logwrapper:  
09-18 08:55:49.319     0     0 I ls      : ls terminated by exit(255)
09-18 08:55:49.320     0     0 I ls      :  
09-18 08:55:49.321     0     0 E init    : ls -laZ /data/misc returned failure: 255
09-18 08:55:49.323     0     0 E init    : Setting 7a86e44b980998051253b50d497e5b45 policy on /data/misc failed!
09-18 08:55:49.326     0     0 E init    : Rebooting into recovery
09-18 08:55:49.327     0     0 I init    : Command 'mkdir /data/misc 01771 system misc encryption=Require' action=post-fs-data (/system/etc/init/hw/init.rc:657) took 26ms and failed: Failed to set bootloader message: failed to find /misc partition
09-18 08:55:49.334     0     0 I init    : starting service 'exec 7 (/system/bin/vdc keymaster earlyBootEnded)'...
09-18 08:55:49.338     0     0 I init    : SVC_EXEC service 'exec 7 (/system/bin/vdc keymaster earlyBootEnded)' pid 244 (uid 1000 gid 1000+0 context default) started; waiting...
09-18 08:55:49.357   201   201 I incfs   : Initial API level of the device: 31
09-18 08:55:49.358   201   201 I incfs   : ro.incremental.enable: yes
09-18 08:55:49.358   201   201 I incfs   : isFsAvailable: true
09-18 08:55:49.358   201   201 I incfs   : isFsAvailable: true
09-18 08:55:49.358   201   201 I incfs   : IncFs_Features: v2
09-18 08:55:49.362   209   219 I keystore2: keystore2::maintenance: In early_boot_ended.
09-18 08:55:49.381   209   219 I keystore2: keystore2::globals: Touching Keystore 2.0 database for this first time since boot.
09-18 08:55:49.381   209   219 I keystore2: keystore2::globals: Calling cleanup leftovers.
09-18 08:55:49.390   209   219 I keystore2: keystore2::super_key: Starting boot level watcher.
09-18 08:55:49.390   209   246 I keystore2: keystore2::super_key: Read keystore.boot_level value 30
09-18 08:55:49.390   209   219 I keystore2: keystore2::maintenance: Call to earlyBootEnded succeeded for security level TRUSTED_ENVIRONMENT.
09-18 08:55:49.391   209   246 I keystore2: keystore2::super_key: Read keystore.boot_level value 30
09-18 08:55:49.391   209   219 E keystore2: keystore2::maintenance: Call to earlyBootEnded failed for security level STRONGBOX: In call_with_watchdog: getting keymint device.
09-18 08:55:49.391   209   219 E keystore2: keystore2::error: In call_with_watchdog: getting keymint device
09-18 08:55:49.391   209   219 E keystore2: 
09-18 08:55:49.391   209   219 E keystore2: Caused by:
09-18 08:55:49.391   209   219 E keystore2:     0: In get_keymint_device.
09-18 08:55:49.391   209   219 E keystore2:     1: In connect_keymint: Trying to get Legacy wrapper.
09-18 08:55:49.391   209   219 E keystore2:     2: Error::Km(ErrorCode(-68))
09-18 08:55:49.391   201   201 E vold    : keystore2 Keystore earlyBootEnded returned service specific error: -68
09-18 08:55:49.378     0     0 I init    : Service 'exec 7 (/system/bin/vdc keymaster earlyBootEnded)' (pid 244) exited with status 0 waiting took 0.041000 seconds
09-18 08:55:49.381     0     0 I init    : Sending signal 9 to service 'exec 7 (/system/bin/vdc keymaster earlyBootEnded)' (pid 244) process group...
09-18 08:55:49.383     0     0 I libprocessgroup: Successfully killed process cgroup uid 1000 pid 244 in 0ms
09-18 08:55:49.386     0     0 I init    : Not setting encryption policy on: /data/apex
09-18 08:55:49.394     0     0 W init    : Inferred action different from explicit one, expected 0 but got 2
09-18 08:55:49.397     0     0 I init    : Verified that /data/apex/decompressed has the encryption policy 7a86e44b980998051253b50d497e5b45 v2 modes 1/4 flags 0x2
09-18 08:55:49.401     0     0 W init    : Inferred action different from explicit one, expected 0 but got 3
09-18 08:55:49.410     0     0 I init    : Verified that /data/app-staging has the encryption policy 7a86e44b980998051253b50d497e5b45 v2 modes 1/4 flags 0x2
09-18 08:55:49.413     0     0 W init    : Inferred action different from explicit one, expected 0 but got 2
09-18 08:55:49.416     0     0 I init    : Verified that /data/apex/ota_reserved has the encryption policy 7a86e44b980998051253b50d497e5b45 v2 modes 1/4 flags 0x2
09-18 08:55:49.419     0     0 I init    : starting service 'apexd'...
09-18 08:55:49.436     0     0 I apexd   : Scanning /system/apex for pre-installed ApexFiles
09-18 08:55:49.438     0     0 I apexd   : Found pre-installed APEX /system/apex/com.google.android.resolv.apex
09-18 08:55:49.440     0     0 I apexd   : Found pre-installed APEX /system/apex/com.google.android.cellbroadcast.apex
09-18 08:55:49.444     0     0 I apexd   : Found pre-installed APEX /system/apex/com.google.android.media.swcodec.apex
09-18 08:55:49.447     0     0 I apexd   : Found pre-installed APEX /system/apex/com.android.vndk.current.apex
09-18 08:55:49.450     0     0 I apexd   : Found pre-installed APEX /system/apex/com.android.i18n.apex
09-18 08:55:49.452     0     0 I apexd   : Found pre-installed APEX /system/apex/com.google.android.os.statsd.apex
09-18 08:55:49.454     0     0 I apexd   : Found pre-installed APEX /system/apex/com.google.android.sdkext.apex
09-18 08:55:49.456     0     0 I apexd   : Found pre-installed APEX /system/apex/com.google.android.tethering.apex
09-18 08:55:49.458     0     0 I apexd   : Found pre-installed APEX /system/apex/com.google.android.neuralnetworks.apex
09-18 08:55:49.461     0     0 I apexd   : Found pre-installed APEX /system/apex/com.google.android.media.apex
09-18 08:55:49.463     0     0 I apexd   : Found pre-installed APEX /system/apex/com.google.android.scheduling.apex
09-18 08:55:49.465     0     0 I apexd   : Found pre-installed APEX /system/apex/com.google.android.appsearch.apex
09-18 08:55:49.466     0     0 I init    : Verified that /data/local has the encryption policy 7a86e44b980998051253b50d497e5b45 v2 modes 1/4 flags 0x2
09-18 08:55:49.467     0     0 I apexd   : Found pre-installed APEX /system/apex/com.android.runtime.apex
09-18 08:55:49.472     0     0 I apexd   : Found pre-installed APEX /system/apex/com.google.android.ipsec.apex
09-18 08:55:49.475     0     0 I apexd   : Found pre-installed APEX /system/apex/com.google.mainline.primary.libs.apex
09-18 08:55:49.478     0     0 I apexd   : Found pre-installed APEX /system/apex/com.google.android.mediaprovider.apex
09-18 08:55:49.480     0     0 I apexd   : Found pre-installed APEX /system/apex/com.google.android.wifi.apex
09-18 08:55:49.482     0     0 I apexd   : Found pre-installed APEX /system/apex/com.android.apex.cts.shim.apex
09-18 08:55:49.483     0     0 I init    : Not setting encryption policy on: /data/preloads
09-18 08:55:49.484     0     0 I apexd   : Found pre-installed APEX /system/apex/com.google.android.permission.apex
09-18 08:55:49.487     0     0 I apexd   : Found pre-installed APEX /system/apex/com.google.android.tzdata3.apex
09-18 08:55:49.491     0     0 I apexd   : Found pre-installed APEX /system/apex/com.google.android.conscrypt.apex
09-18 08:55:49.494     0     0 I apexd   : Found pre-installed APEX /system/apex/com.google.android.adbd.apex
09-18 08:55:49.496     0     0 I apexd   : Found pre-installed APEX /system/apex/com.google.android.art.apex
09-18 08:55:49.496     0     0 I init    : Not setting encryption policy on: /data/data
09-18 08:55:49.498     0     0 I apexd   : Found pre-installed APEX /system/apex/com.google.android.extservices.apex
09-18 08:55:49.501     0     0 I apexd   : Found pre-installed APEX /system/apex/com.google.android.telephony.apex
09-18 08:55:49.503     0     0 I apexd   : Scanning /system_ext/apex for pre-installed ApexFiles
09-18 08:55:49.505     0     0 W apexd   : /system_ext/apex does not exist. Skipping
09-18 08:55:49.507     0     0 I apexd   : Scanning /product/apex for pre-installed ApexFiles
09-18 08:55:49.508     0     0 W apexd   : /product/apex does not exist. Skipping
09-18 08:55:49.509     0     0 I init    : Verified that /data/app-private has the encryption policy 7a86e44b980998051253b50d497e5b45 v2 modes 1/4 flags 0x2
09-18 08:55:49.510     0     0 I apexd   : Scanning /vendor/apex for pre-installed ApexFiles
09-18 08:55:49.515     0     0 W apexd   : /vendor/apex does not exist. Skipping
09-18 08:55:49.516     0     0 I apexd   : Populating APEX database from mounts...
09-18 08:55:49.517     0     0 I init    : Verified that /data/app-ephemeral has the encryption policy 7a86e44b980998051253b50d497e5b45 v2 modes 1/4 flags 0x2
09-18 08:55:49.518     0     0 I apexd   : 0 packages restored.
09-18 08:55:49.523     0     0 I apexd   : Marking APEXd as starting
09-18 08:55:49.527     0     0 I apexd   : Scanning /metadata/apex/sessions looking for sessions to be activated.
09-18 08:55:49.547   201   205 D vold    : Disk at 7:32 changed
09-18 08:55:49.530     0     0 I apexd   : Scanning /data/apex/active for data ApexFiles
09-18 08:55:49.532     0     0 I apexd   : Selecting APEX for activation
09-18 08:55:49.533     0     0 I init    : Verified that /data/app-asec has the encryption policy 7a86e44b980998051253b50d497e5b45 v2 modes 1/4 flags 0x2
09-18 08:55:49.552   201   205 D vold    : Disk at 7:40 changed
09-18 08:55:49.540     0     0 I init    : Verified that /data/app-lib has the encryption policy 7a86e44b980998051253b50d497e5b45 v2 modes 1/4 flags 0x2
09-18 08:55:49.542     0     0 I EXT4-fs (loop4): mounted filesystem without journal. Opts: (null)
09-18 08:55:49.546     0     0 I init    : Verified that /data/app has the encryption policy 7a86e44b980998051253b50d497e5b45 v2 modes 1/4 flags 0x2
09-18 08:55:49.547     0     0 I apexd   : Successfully mounted package /system/apex/com.google.android.resolv.apex on /apex/com.android.resolv@310733000 duration=13
09-18 08:55:49.551     0     0 I EXT4-fs (loop5): mounted filesystem without journal. Opts: (null)
09-18 08:55:49.555     0     0 I init    : Verified that /data/property has the encryption policy 7a86e44b980998051253b50d497e5b45 v2 modes 1/4 flags 0x2
09-18 08:55:49.556     0     0 I apexd   : Successfully mounted package /system/apex/com.android.vndk.current.apex on /apex/com.android.vndk.v31@1 duration=22
09-18 08:55:49.559     0     0 W init    : Inferred action different from explicit one, expected 0 but got 2
09-18 08:55:49.578   201   205 D vold    : Disk at 7:48 changed
09-18 08:55:49.580   201   205 D vold    : Disk at 7:56 changed
09-18 08:55:49.570     0     0 I EXT4-fs (loop6): mounted filesystem without journal. Opts: (null)
09-18 08:55:49.571     0     0 I init    : Verified that /data/fonts/ has the encryption policy 7a86e44b980998051253b50d497e5b45 v2 modes 1/4 flags 0x2
09-18 08:55:49.573     0     0 I apexd   : Successfully mounted package /system/apex/com.android.i18n.apex on /apex/com.android.i18n@1 duration=14
09-18 08:55:49.573     0     0 I EXT4-fs (loop7): mounted filesystem without journal. Opts: (null)
09-18 08:55:49.574     0     0 I apexd   : Successfully mounted package /system/apex/com.google.android.sdkext.apex on /apex/com.android.sdkext@310729000 duration=8
09-18 08:55:49.597   201   205 D vold    : Disk at 7:64 changed
09-18 08:55:49.582     0     0 I init    : Verified that /data/dalvik-cache has the encryption policy 7a86e44b980998051253b50d497e5b45 v2 modes 1/4 flags 0x2
09-18 08:55:49.603   201   205 D vold    : Disk at 7:72 changed
09-18 08:55:49.593     0     0 I init    : Verified that /data/ota has the encryption policy 7a86e44b980998051253b50d497e5b45 v2 modes 1/4 flags 0x2
09-18 08:55:49.595     0     0 I EXT4-fs (loop9): mounted filesystem without journal. Opts: (null)
09-18 08:55:49.597     0     0 I EXT4-fs (loop8): mounted filesystem without journal. Opts: (null)
09-18 08:55:49.599     0     0 I apexd   : Successfully mounted package /system/apex/com.google.android.adbd.apex on /apex/com.android.adbd@310727002 duration=10
09-18 08:55:49.601     0     0 I apexd   : Successfully mounted package /system/apex/com.google.android.tethering.apex on /apex/com.android.tethering@310733000 duration=20
09-18 08:55:49.622   201   205 D vold    : Disk at 7:80 changed
09-18 08:55:49.601     0     0 I init    : Verified that /data/ota_package has the encryption policy 7a86e44b980998051253b50d497e5b45 v2 modes 1/4 flags 0x2
09-18 08:55:49.624   201   205 D vold    : Disk at 7:88 changed
09-18 08:55:49.614     0     0 I init    : Verified that /data/resource-cache has the encryption policy 7a86e44b980998051253b50d497e5b45 v2 modes 1/4 flags 0x2
09-18 08:55:49.617     0     0 I init    : Not setting encryption policy on: /data/lost+found
09-18 08:55:49.619     0     0 I EXT4-fs (loop10): mounted filesystem without journal. Opts: (null)
09-18 08:55:49.621     0     0 I init    : Verified that /data/drm has the encryption policy 7a86e44b980998051253b50d497e5b45 v2 modes 1/4 flags 0x2
09-18 08:55:49.622     0     0 I apexd   : Successfully mounted package /system/apex/com.google.android.cellbroadcast.apex on /apex/com.android.cellbroadcast@310733000 duration=15
09-18 08:55:49.626     0     0 I init    : Verified that /data/mediadrm has the encryption policy 7a86e44b980998051253b50d497e5b45 v2 modes 1/4 flags 0x2
09-18 08:55:49.631     0     0 I EXT4-fs (loop11): mounted filesystem without journal. Opts: (null)
09-18 08:55:49.635     0     0 I init    : Verified that /data/nfc has the encryption policy 7a86e44b980998051253b50d497e5b45 v2 modes 1/4 flags 0x2
09-18 08:55:49.636     0     0 I apexd   : Successfully mounted package /system/apex/com.google.android.media.swcodec.apex on /apex/com.android.media.swcodec@310727000 duration=29
09-18 08:55:49.658   201   205 D vold    : Disk at 7:96 changed
09-18 08:55:49.641     0     0 I init    : Verified that /data/backup has the encryption policy 7a86e44b980998051253b50d497e5b45 v2 modes 1/4 flags 0x2
09-18 08:55:49.662   201   205 D vold    : Disk at 7:104 changed
09-18 08:55:49.651     0     0 I init    : Verified that /data/ss has the encryption policy 7a86e44b980998051253b50d497e5b45 v2 modes 1/4 flags 0x2
09-18 08:55:49.655     0     0 I init    : Verified that /data/system has the encryption policy 7a86e44b980998051253b50d497e5b45 v2 modes 1/4 flags 0x2
09-18 08:55:49.655     0     0 I EXT4-fs (loop12): mounted filesystem without journal. Opts: (null)
09-18 08:55:49.659     0     0 I EXT4-fs (loop13): mounted filesystem without journal. Opts: (null)
